MPLINK 5.01, LINKER
Linker Map File - Created Thu Mar 20 20:22:55 2014

                                 Section Info
                  Section       Type    Address   Location Size(Bytes)
                ---------  ---------  ---------  ---------  ---------
                   .org_0       code   0x000000    program   0x000002
                   .cinit    romdata   0x000001    program   0x000004
                   .org_1       code   0x000100    program   0x0001d0
                    .code       code   0x0001e8    program   0x000290
.config_2007_BUILD/DEFAULT/PRODUCTION/RTCFORT       code   0x002007    program   0x000002
               .udata_shr      udata   0x000070       data   0x000008



                              Program Memory Usage 
                               Start         End      
                           ---------   ---------      
                            0x000000    0x000002      
                            0x000100    0x00032f      
                            0x002007    0x002007      
            564 out of 8454 program addresses used, program memory utilization is 6%



                              Symbols - Sorted by Name
                     Name    Address   Location    Storage File                     
                ---------  ---------  ---------  --------- ---------                
                   ClrLCD   0x000304    program     extern C:\Users\David\Documents\GitHub\robot\RTC.X\lcd.asm
                  InitLCD   0x0002e6    program     extern C:\Users\David\Documents\GitHub\robot\RTC.X\lcd.asm
                 LLD_LOOP   0x000329    program     static C:\Users\David\Documents\GitHub\robot\RTC.X\lcd.asm
                     OneS   0x0001d8    program     static C:\Users\David\Documents\GitHub\robot\RTC.X\rtcforthewin.asm
                   RD_END   0x00027e    program     static C:\Users\David\Documents\GitHub\robot\RTC.X\i2c_common.asm
                   RD_ERR   0x00027d    program     static C:\Users\David\Documents\GitHub\robot\RTC.X\i2c_common.asm
                    R_END   0x0002e0    program     static C:\Users\David\Documents\GitHub\robot\RTC.X\i2c_common.asm
                  WR_DATA   0x000316    program     extern C:\Users\David\Documents\GitHub\robot\RTC.X\lcd.asm
                   WR_END   0x00022f    program     static C:\Users\David\Documents\GitHub\robot\RTC.X\i2c_common.asm
                   WR_ERR   0x00022e    program     static C:\Users\David\Documents\GitHub\robot\RTC.X\i2c_common.asm
                   WR_INS   0x000307    program     extern C:\Users\David\Documents\GitHub\robot\RTC.X\lcd.asm
                    W_END   0x0002b6    program     static C:\Users\David\Documents\GitHub\robot\RTC.X\i2c_common.asm
              _.code_0010   0x0001f8    program     static C:\Users\David\Documents\GitHub\robot\RTC.X\i2c_common.asm
              _.code_0016   0x0001fe    program     static C:\Users\David\Documents\GitHub\robot\RTC.X\i2c_common.asm
              _.code_001E   0x000206    program     static C:\Users\David\Documents\GitHub\robot\RTC.X\i2c_common.asm
              _.code_002E   0x000216    program     static C:\Users\David\Documents\GitHub\robot\RTC.X\i2c_common.asm
              _.code_003E   0x000226    program     static C:\Users\David\Documents\GitHub\robot\RTC.X\i2c_common.asm
              _.code_0046   0x00032c    program     static C:\Users\David\Documents\GitHub\robot\RTC.X\lcd.asm
              _.code_004B   0x000233    program     static C:\Users\David\Documents\GitHub\robot\RTC.X\i2c_common.asm
              _.code_0051   0x000239    program     static C:\Users\David\Documents\GitHub\robot\RTC.X\i2c_common.asm
              _.code_0059   0x000241    program     static C:\Users\David\Documents\GitHub\robot\RTC.X\i2c_common.asm
              _.code_0069   0x000251    program     static C:\Users\David\Documents\GitHub\robot\RTC.X\i2c_common.asm
              _.code_0074   0x00025c    program     static C:\Users\David\Documents\GitHub\robot\RTC.X\i2c_common.asm
              _.code_007C   0x000264    program     static C:\Users\David\Documents\GitHub\robot\RTC.X\i2c_common.asm
              _.code_0087   0x00026f    program     static C:\Users\David\Documents\GitHub\robot\RTC.X\i2c_common.asm
              _.code_0093   0x00027b    program     static C:\Users\David\Documents\GitHub\robot\RTC.X\i2c_common.asm
              _.code_009A   0x000282    program     static C:\Users\David\Documents\GitHub\robot\RTC.X\i2c_common.asm
              _.code_00AE   0x000296    program     static C:\Users\David\Documents\GitHub\robot\RTC.X\i2c_common.asm
              _.code_00B6   0x00029e    program     static C:\Users\David\Documents\GitHub\robot\RTC.X\i2c_common.asm
              _.code_00C6   0x0002ae    program     static C:\Users\David\Documents\GitHub\robot\RTC.X\i2c_common.asm
              _.code_00D2   0x0002ba    program     static C:\Users\David\Documents\GitHub\robot\RTC.X\i2c_common.asm
              _.code_00D8   0x0002c0    program     static C:\Users\David\Documents\GitHub\robot\RTC.X\i2c_common.asm
              _.code_00E0   0x0002c8    program     static C:\Users\David\Documents\GitHub\robot\RTC.X\i2c_common.asm
              _.code_00EB   0x0002d3    program     static C:\Users\David\Documents\GitHub\robot\RTC.X\i2c_common.asm
              _.code_00F7   0x0002df    program     static C:\Users\David\Documents\GitHub\robot\RTC.X\i2c_common.asm
              _.code_00FC   0x0002e4    program     static C:\Users\David\Documents\GitHub\robot\RTC.X\i2c_common.asm
             _.org_1_01DF   0x0001df    program     static C:\Users\David\Documents\GitHub\robot\RTC.X\rtcforthewin.asm
             _.org_1_01E1   0x0001e1    program     static C:\Users\David\Documents\GitHub\robot\RTC.X\rtcforthewin.asm
             _.org_1_01E4   0x0001e4    program     static C:\Users\David\Documents\GitHub\robot\RTC.X\rtcforthewin.asm
                 _0OneS_0   0x0001de    program     static C:\Users\David\Documents\GitHub\robot\RTC.X\rtcforthewin.asm
         i2c_common_setup   0x0001e8    program     extern C:\Users\David\Documents\GitHub\robot\RTC.X\i2c_common.asm
                     init   0x000100    program     static C:\Users\David\Documents\GitHub\robot\RTC.X\rtcforthewin.asm
             lcdLongDelay   0x000327    program     static C:\Users\David\Documents\GitHub\robot\RTC.X\lcd.asm
                 p2p_read   0x0002bc    program     extern C:\Users\David\Documents\GitHub\robot\RTC.X\i2c_common.asm
                p2p_write   0x000292    program     extern C:\Users\David\Documents\GitHub\robot\RTC.X\i2c_common.asm
                 read_rtc   0x000235    program     extern C:\Users\David\Documents\GitHub\robot\RTC.X\i2c_common.asm
              rtc_convert   0x000284    program     extern C:\Users\David\Documents\GitHub\robot\RTC.X\i2c_common.asm
             set_rtc_time   0x000170    program     static C:\Users\David\Documents\GitHub\robot\RTC.X\rtcforthewin.asm
                 show_RTC   0x000110    program     static C:\Users\David\Documents\GitHub\robot\RTC.X\rtcforthewin.asm
                write_rtc   0x0001fa    program     extern C:\Users\David\Documents\GitHub\robot\RTC.X\i2c_common.asm
                   COUNTH   0x000075       data     static C:\Users\David\Documents\GitHub\robot\RTC.X\rtcforthewin.asm
                   COUNTL   0x000077       data     static C:\Users\David\Documents\GitHub\robot\RTC.X\rtcforthewin.asm
                   COUNTM   0x000076       data     static C:\Users\David\Documents\GitHub\robot\RTC.X\rtcforthewin.asm
                      com   0x000073       data     static C:\Users\David\Documents\GitHub\robot\RTC.X\lcd.asm
                      dat   0x000074       data     static C:\Users\David\Documents\GitHub\robot\RTC.X\lcd.asm
                   lcd_d1   0x000071       data     static C:\Users\David\Documents\GitHub\robot\RTC.X\lcd.asm
                   lcd_d2   0x000072       data     static C:\Users\David\Documents\GitHub\robot\RTC.X\lcd.asm
                  lcd_tmp   0x000070       data     static C:\Users\David\Documents\GitHub\robot\RTC.X\lcd.asm



                              Symbols - Sorted by Address
                     Name    Address   Location    Storage File                     
                ---------  ---------  ---------  --------- ---------                
                     init   0x000100    program     static C:\Users\David\Documents\GitHub\robot\RTC.X\rtcforthewin.asm
                 show_RTC   0x000110    program     static C:\Users\David\Documents\GitHub\robot\RTC.X\rtcforthewin.asm
             set_rtc_time   0x000170    program     static C:\Users\David\Documents\GitHub\robot\RTC.X\rtcforthewin.asm
                     OneS   0x0001d8    program     static C:\Users\David\Documents\GitHub\robot\RTC.X\rtcforthewin.asm
                 _0OneS_0   0x0001de    program     static C:\Users\David\Documents\GitHub\robot\RTC.X\rtcforthewin.asm
             _.org_1_01DF   0x0001df    program     static C:\Users\David\Documents\GitHub\robot\RTC.X\rtcforthewin.asm
             _.org_1_01E1   0x0001e1    program     static C:\Users\David\Documents\GitHub\robot\RTC.X\rtcforthewin.asm
             _.org_1_01E4   0x0001e4    program     static C:\Users\David\Documents\GitHub\robot\RTC.X\rtcforthewin.asm
         i2c_common_setup   0x0001e8    program     extern C:\Users\David\Documents\GitHub\robot\RTC.X\i2c_common.asm
              _.code_0010   0x0001f8    program     static C:\Users\David\Documents\GitHub\robot\RTC.X\i2c_common.asm
                write_rtc   0x0001fa    program     extern C:\Users\David\Documents\GitHub\robot\RTC.X\i2c_common.asm
              _.code_0016   0x0001fe    program     static C:\Users\David\Documents\GitHub\robot\RTC.X\i2c_common.asm
              _.code_001E   0x000206    program     static C:\Users\David\Documents\GitHub\robot\RTC.X\i2c_common.asm
              _.code_002E   0x000216    program     static C:\Users\David\Documents\GitHub\robot\RTC.X\i2c_common.asm
              _.code_003E   0x000226    program     static C:\Users\David\Documents\GitHub\robot\RTC.X\i2c_common.asm
                   WR_ERR   0x00022e    program     static C:\Users\David\Documents\GitHub\robot\RTC.X\i2c_common.asm
                   WR_END   0x00022f    program     static C:\Users\David\Documents\GitHub\robot\RTC.X\i2c_common.asm
              _.code_004B   0x000233    program     static C:\Users\David\Documents\GitHub\robot\RTC.X\i2c_common.asm
                 read_rtc   0x000235    program     extern C:\Users\David\Documents\GitHub\robot\RTC.X\i2c_common.asm
              _.code_0051   0x000239    program     static C:\Users\David\Documents\GitHub\robot\RTC.X\i2c_common.asm
              _.code_0059   0x000241    program     static C:\Users\David\Documents\GitHub\robot\RTC.X\i2c_common.asm
              _.code_0069   0x000251    program     static C:\Users\David\Documents\GitHub\robot\RTC.X\i2c_common.asm
              _.code_0074   0x00025c    program     static C:\Users\David\Documents\GitHub\robot\RTC.X\i2c_common.asm
              _.code_007C   0x000264    program     static C:\Users\David\Documents\GitHub\robot\RTC.X\i2c_common.asm
              _.code_0087   0x00026f    program     static C:\Users\David\Documents\GitHub\robot\RTC.X\i2c_common.asm
              _.code_0093   0x00027b    program     static C:\Users\David\Documents\GitHub\robot\RTC.X\i2c_common.asm
                   RD_ERR   0x00027d    program     static C:\Users\David\Documents\GitHub\robot\RTC.X\i2c_common.asm
                   RD_END   0x00027e    program     static C:\Users\David\Documents\GitHub\robot\RTC.X\i2c_common.asm
              _.code_009A   0x000282    program     static C:\Users\David\Documents\GitHub\robot\RTC.X\i2c_common.asm
              rtc_convert   0x000284    program     extern C:\Users\David\Documents\GitHub\robot\RTC.X\i2c_common.asm
                p2p_write   0x000292    program     extern C:\Users\David\Documents\GitHub\robot\RTC.X\i2c_common.asm
              _.code_00AE   0x000296    program     static C:\Users\David\Documents\GitHub\robot\RTC.X\i2c_common.asm
              _.code_00B6   0x00029e    program     static C:\Users\David\Documents\GitHub\robot\RTC.X\i2c_common.asm
              _.code_00C6   0x0002ae    program     static C:\Users\David\Documents\GitHub\robot\RTC.X\i2c_common.asm
                    W_END   0x0002b6    program     static C:\Users\David\Documents\GitHub\robot\RTC.X\i2c_common.asm
              _.code_00D2   0x0002ba    program     static C:\Users\David\Documents\GitHub\robot\RTC.X\i2c_common.asm
                 p2p_read   0x0002bc    program     extern C:\Users\David\Documents\GitHub\robot\RTC.X\i2c_common.asm
              _.code_00D8   0x0002c0    program     static C:\Users\David\Documents\GitHub\robot\RTC.X\i2c_common.asm
              _.code_00E0   0x0002c8    program     static C:\Users\David\Documents\GitHub\robot\RTC.X\i2c_common.asm
              _.code_00EB   0x0002d3    program     static C:\Users\David\Documents\GitHub\robot\RTC.X\i2c_common.asm
              _.code_00F7   0x0002df    program     static C:\Users\David\Documents\GitHub\robot\RTC.X\i2c_common.asm
                    R_END   0x0002e0    program     static C:\Users\David\Documents\GitHub\robot\RTC.X\i2c_common.asm
              _.code_00FC   0x0002e4    program     static C:\Users\David\Documents\GitHub\robot\RTC.X\i2c_common.asm
                  InitLCD   0x0002e6    program     extern C:\Users\David\Documents\GitHub\robot\RTC.X\lcd.asm
                   ClrLCD   0x000304    program     extern C:\Users\David\Documents\GitHub\robot\RTC.X\lcd.asm
                   WR_INS   0x000307    program     extern C:\Users\David\Documents\GitHub\robot\RTC.X\lcd.asm
                  WR_DATA   0x000316    program     extern C:\Users\David\Documents\GitHub\robot\RTC.X\lcd.asm
             lcdLongDelay   0x000327    program     static C:\Users\David\Documents\GitHub\robot\RTC.X\lcd.asm
                 LLD_LOOP   0x000329    program     static C:\Users\David\Documents\GitHub\robot\RTC.X\lcd.asm
              _.code_0046   0x00032c    program     static C:\Users\David\Documents\GitHub\robot\RTC.X\lcd.asm
                  lcd_tmp   0x000070       data     static C:\Users\David\Documents\GitHub\robot\RTC.X\lcd.asm
                   lcd_d1   0x000071       data     static C:\Users\David\Documents\GitHub\robot\RTC.X\lcd.asm
                   lcd_d2   0x000072       data     static C:\Users\David\Documents\GitHub\robot\RTC.X\lcd.asm
                      com   0x000073       data     static C:\Users\David\Documents\GitHub\robot\RTC.X\lcd.asm
                      dat   0x000074       data     static C:\Users\David\Documents\GitHub\robot\RTC.X\lcd.asm
                   COUNTH   0x000075       data     static C:\Users\David\Documents\GitHub\robot\RTC.X\rtcforthewin.asm
                   COUNTM   0x000076       data     static C:\Users\David\Documents\GitHub\robot\RTC.X\rtcforthewin.asm
                   COUNTL   0x000077       data     static C:\Users\David\Documents\GitHub\robot\RTC.X\rtcforthewin.asm


