MPLINK 5.00, LINKER
Linker Map File - Created Mon Jan 20 21:08:09 2014

                                 Section Info
                  Section       Type    Address   Location Size(Bytes)
                ---------  ---------  ---------  ---------  ---------
                   .org_0       code   0x000000    program   0x0000fe
                   .cinit    romdata   0x001800    program   0x000004
                    dbgP0       code   0x001f00    program   0x000200
.config_2007_BUILD/DEFAULT/DEBUG/LEDTOGGLE.O       code   0x002007    program   0x000002
                    dbgD0      udata   0x000070       data   0x000001
                    dbgD1      udata   0x0000f0       data   0x000001
                    dbgD2      udata   0x000170       data   0x000001
                    dbgD3      udata   0x0001e5       data   0x00000b
                    dbgD4      udata   0x0001f0       data   0x000001



                              Program Memory Usage 
                               Start         End      
                           ---------   ---------      
                            0x000000    0x00007e      
                            0x001800    0x001801      
                            0x001f00    0x001fff      
                            0x002007    0x002007      
            386 out of 8454 program addresses used, program memory utilization is 4%



                              Symbols - Sorted by Name
                     Name    Address   Location    Storage File                     
                ---------  ---------  ---------  --------- ---------                
             _.org_0_007B   0x00007b    program     static C:\Users\Thinkpad\Desktop\Robot\Lab1.X\ledtoggle.asm
             _.org_0_007D   0x00007d    program     static C:\Users\Thinkpad\Desktop\Robot\Lab1.X\ledtoggle.asm
                    begin   0x000012    program     static C:\Users\Thinkpad\Desktop\Robot\Lab1.X\ledtoggle.asm
                    delay   0x000078    program     static C:\Users\Thinkpad\Desktop\Robot\Lab1.X\ledtoggle.asm



                              Symbols - Sorted by Address
                     Name    Address   Location    Storage File                     
                ---------  ---------  ---------  --------- ---------                
                    begin   0x000012    program     static C:\Users\Thinkpad\Desktop\Robot\Lab1.X\ledtoggle.asm
                    delay   0x000078    program     static C:\Users\Thinkpad\Desktop\Robot\Lab1.X\ledtoggle.asm
             _.org_0_007B   0x00007b    program     static C:\Users\Thinkpad\Desktop\Robot\Lab1.X\ledtoggle.asm
             _.org_0_007D   0x00007d    program     static C:\Users\Thinkpad\Desktop\Robot\Lab1.X\ledtoggle.asm


