MPLINK 5.00, LINKER
Linker Map File - Created Mon Jan 27 23:06:04 2014

                                 Section Info
                  Section       Type    Address   Location Size(Bytes)
                ---------  ---------  ---------  ---------  ---------
                   .org_0       code   0x000000    program   0x000226
                   .cinit    romdata   0x000113    program   0x000004
.config_2007_BUILD/DEFAULT/PRODUCTION/MENU.O       code   0x002007    program   0x000002



                              Program Memory Usage 
                               Start         End      
                           ---------   ---------      
                            0x000000    0x000114      
                            0x002007    0x002007      
            278 out of 8454 program addresses used, program memory utilization is 3%



                              Symbols - Sorted by Name
                     Name    Address   Location    Storage File                     
                ---------  ---------  ---------  --------- ---------                
            Clear_Display   0x0000e4    program     static C:\Users\Doge\Documents\GitHub\robot\sample_menu.X\menu.asm
                  InitLCD   0x0000c6    program     static C:\Users\Doge\Documents\GitHub\robot\sample_menu.X\menu.asm
                 LLD_LOOP   0x00010c    program     static C:\Users\Doge\Documents\GitHub\robot\sample_menu.X\menu.asm
                Message_A   0x00002f    program     static C:\Users\Doge\Documents\GitHub\robot\sample_menu.X\menu.asm
                Message_B   0x00003d    program     static C:\Users\Doge\Documents\GitHub\robot\sample_menu.X\menu.asm
                Message_C   0x00004b    program     static C:\Users\Doge\Documents\GitHub\robot\sample_menu.X\menu.asm
               Message_D1   0x000059    program     static C:\Users\Doge\Documents\GitHub\robot\sample_menu.X\menu.asm
               Message_D2   0x000063    program     static C:\Users\Doge\Documents\GitHub\robot\sample_menu.X\menu.asm
             Switch_Lines   0x0000e7    program     static C:\Users\Doge\Documents\GitHub\robot\sample_menu.X\menu.asm
                  WR_DATA   0x0000f9    program     static C:\Users\Doge\Documents\GitHub\robot\sample_menu.X\menu.asm
                   WR_INS   0x0000ea    program     static C:\Users\Doge\Documents\GitHub\robot\sample_menu.X\menu.asm
              Welcome_Msg   0x000020    program     static C:\Users\Doge\Documents\GitHub\robot\sample_menu.X\menu.asm
             _.org_0_0019   0x000019    program     static C:\Users\Doge\Documents\GitHub\robot\sample_menu.X\menu.asm
             _.org_0_001E   0x00001e    program     static C:\Users\Doge\Documents\GitHub\robot\sample_menu.X\menu.asm
             _.org_0_010F   0x00010f    program     static C:\Users\Doge\Documents\GitHub\robot\sample_menu.X\menu.asm
                   _1end_   0x000018    program     static C:\Users\Doge\Documents\GitHub\robot\sample_menu.X\menu.asm
                  _1loop_   0x000010    program     static C:\Users\Doge\Documents\GitHub\robot\sample_menu.X\menu.asm
                   _2end_   0x00007e    program     static C:\Users\Doge\Documents\GitHub\robot\sample_menu.X\menu.asm
                  _2loop_   0x000076    program     static C:\Users\Doge\Documents\GitHub\robot\sample_menu.X\menu.asm
                   _3end_   0x00008e    program     static C:\Users\Doge\Documents\GitHub\robot\sample_menu.X\menu.asm
                  _3loop_   0x000086    program     static C:\Users\Doge\Documents\GitHub\robot\sample_menu.X\menu.asm
                   _4end_   0x00009e    program     static C:\Users\Doge\Documents\GitHub\robot\sample_menu.X\menu.asm
                  _4loop_   0x000096    program     static C:\Users\Doge\Documents\GitHub\robot\sample_menu.X\menu.asm
                   _5end_   0x0000ae    program     static C:\Users\Doge\Documents\GitHub\robot\sample_menu.X\menu.asm
                  _5loop_   0x0000a6    program     static C:\Users\Doge\Documents\GitHub\robot\sample_menu.X\menu.asm
                   _6end_   0x0000b9    program     static C:\Users\Doge\Documents\GitHub\robot\sample_menu.X\menu.asm
                  _6loop_   0x0000b1    program     static C:\Users\Doge\Documents\GitHub\robot\sample_menu.X\menu.asm
                   _7end_   0x0000c5    program     static C:\Users\Doge\Documents\GitHub\robot\sample_menu.X\menu.asm
                  _7loop_   0x0000bd    program     static C:\Users\Doge\Documents\GitHub\robot\sample_menu.X\menu.asm
                  check_a   0x000070    program     static C:\Users\Doge\Documents\GitHub\robot\sample_menu.X\menu.asm
                  check_b   0x00007f    program     static C:\Users\Doge\Documents\GitHub\robot\sample_menu.X\menu.asm
                  check_c   0x00008f    program     static C:\Users\Doge\Documents\GitHub\robot\sample_menu.X\menu.asm
                  check_d   0x00009f    program     static C:\Users\Doge\Documents\GitHub\robot\sample_menu.X\menu.asm
                  default   0x0000ba    program     static C:\Users\Doge\Documents\GitHub\robot\sample_menu.X\menu.asm
                     init   0x000001    program     static C:\Users\Doge\Documents\GitHub\robot\sample_menu.X\menu.asm
             lcdLongDelay   0x00010a    program     static C:\Users\Doge\Documents\GitHub\robot\sample_menu.X\menu.asm
                     poll   0x000018    program     static C:\Users\Doge\Documents\GitHub\robot\sample_menu.X\menu.asm
             writemessage   0x00006f    program     static C:\Users\Doge\Documents\GitHub\robot\sample_menu.X\menu.asm



                              Symbols - Sorted by Address
                     Name    Address   Location    Storage File                     
                ---------  ---------  ---------  --------- ---------                
                     init   0x000001    program     static C:\Users\Doge\Documents\GitHub\robot\sample_menu.X\menu.asm
                  _1loop_   0x000010    program     static C:\Users\Doge\Documents\GitHub\robot\sample_menu.X\menu.asm
                     poll   0x000018    program     static C:\Users\Doge\Documents\GitHub\robot\sample_menu.X\menu.asm
                   _1end_   0x000018    program     static C:\Users\Doge\Documents\GitHub\robot\sample_menu.X\menu.asm
             _.org_0_0019   0x000019    program     static C:\Users\Doge\Documents\GitHub\robot\sample_menu.X\menu.asm
             _.org_0_001E   0x00001e    program     static C:\Users\Doge\Documents\GitHub\robot\sample_menu.X\menu.asm
              Welcome_Msg   0x000020    program     static C:\Users\Doge\Documents\GitHub\robot\sample_menu.X\menu.asm
                Message_A   0x00002f    program     static C:\Users\Doge\Documents\GitHub\robot\sample_menu.X\menu.asm
                Message_B   0x00003d    program     static C:\Users\Doge\Documents\GitHub\robot\sample_menu.X\menu.asm
                Message_C   0x00004b    program     static C:\Users\Doge\Documents\GitHub\robot\sample_menu.X\menu.asm
               Message_D1   0x000059    program     static C:\Users\Doge\Documents\GitHub\robot\sample_menu.X\menu.asm
               Message_D2   0x000063    program     static C:\Users\Doge\Documents\GitHub\robot\sample_menu.X\menu.asm
             writemessage   0x00006f    program     static C:\Users\Doge\Documents\GitHub\robot\sample_menu.X\menu.asm
                  check_a   0x000070    program     static C:\Users\Doge\Documents\GitHub\robot\sample_menu.X\menu.asm
                  _2loop_   0x000076    program     static C:\Users\Doge\Documents\GitHub\robot\sample_menu.X\menu.asm
                   _2end_   0x00007e    program     static C:\Users\Doge\Documents\GitHub\robot\sample_menu.X\menu.asm
                  check_b   0x00007f    program     static C:\Users\Doge\Documents\GitHub\robot\sample_menu.X\menu.asm
                  _3loop_   0x000086    program     static C:\Users\Doge\Documents\GitHub\robot\sample_menu.X\menu.asm
                   _3end_   0x00008e    program     static C:\Users\Doge\Documents\GitHub\robot\sample_menu.X\menu.asm
                  check_c   0x00008f    program     static C:\Users\Doge\Documents\GitHub\robot\sample_menu.X\menu.asm
                  _4loop_   0x000096    program     static C:\Users\Doge\Documents\GitHub\robot\sample_menu.X\menu.asm
                   _4end_   0x00009e    program     static C:\Users\Doge\Documents\GitHub\robot\sample_menu.X\menu.asm
                  check_d   0x00009f    program     static C:\Users\Doge\Documents\GitHub\robot\sample_menu.X\menu.asm
                  _5loop_   0x0000a6    program     static C:\Users\Doge\Documents\GitHub\robot\sample_menu.X\menu.asm
                   _5end_   0x0000ae    program     static C:\Users\Doge\Documents\GitHub\robot\sample_menu.X\menu.asm
                  _6loop_   0x0000b1    program     static C:\Users\Doge\Documents\GitHub\robot\sample_menu.X\menu.asm
                   _6end_   0x0000b9    program     static C:\Users\Doge\Documents\GitHub\robot\sample_menu.X\menu.asm
                  default   0x0000ba    program     static C:\Users\Doge\Documents\GitHub\robot\sample_menu.X\menu.asm
                  _7loop_   0x0000bd    program     static C:\Users\Doge\Documents\GitHub\robot\sample_menu.X\menu.asm
                   _7end_   0x0000c5    program     static C:\Users\Doge\Documents\GitHub\robot\sample_menu.X\menu.asm
                  InitLCD   0x0000c6    program     static C:\Users\Doge\Documents\GitHub\robot\sample_menu.X\menu.asm
            Clear_Display   0x0000e4    program     static C:\Users\Doge\Documents\GitHub\robot\sample_menu.X\menu.asm
             Switch_Lines   0x0000e7    program     static C:\Users\Doge\Documents\GitHub\robot\sample_menu.X\menu.asm
                   WR_INS   0x0000ea    program     static C:\Users\Doge\Documents\GitHub\robot\sample_menu.X\menu.asm
                  WR_DATA   0x0000f9    program     static C:\Users\Doge\Documents\GitHub\robot\sample_menu.X\menu.asm
             lcdLongDelay   0x00010a    program     static C:\Users\Doge\Documents\GitHub\robot\sample_menu.X\menu.asm
                 LLD_LOOP   0x00010c    program     static C:\Users\Doge\Documents\GitHub\robot\sample_menu.X\menu.asm
             _.org_0_010F   0x00010f    program     static C:\Users\Doge\Documents\GitHub\robot\sample_menu.X\menu.asm


