MPLINK 5.00, LINKER
Linker Map File - Created Mon Feb 03 20:14:00 2014

                                 Section Info
                  Section       Type    Address   Location Size(Bytes)
                ---------  ---------  ---------  ---------  ---------
                   .org_0       code   0x000000    program   0x0006d0
                   .cinit    romdata   0x000368    program   0x000004
.config_2007_BUILD/DEFAULT/PRODUCTION/INTERFA       code   0x002007    program   0x000002



                              Program Memory Usage 
                               Start         End      
                           ---------   ---------      
                            0x000000    0x000369      
                            0x002007    0x002007      
            875 out of 8454 program addresses used, program memory utilization is 10%



                              Symbols - Sorted by Name
                     Name    Address   Location    Storage File                     
                ---------  ---------  ---------  --------- ---------                
                  BCDadd3   0x0002df    program     static C:\Users\Doge\Documents\GitHub\robot\user_interface.X\interface.asm
            Clear_Display   0x000329    program     static C:\Users\Doge\Documents\GitHub\robot\user_interface.X\interface.asm
                Defective   0x000085    program     static C:\Users\Doge\Documents\GitHub\robot\user_interface.X\interface.asm
            Emergency_Msg   0x00009e    program     static C:\Users\Doge\Documents\GitHub\robot\user_interface.X\interface.asm
                  End_Msg   0x00001c    program     static C:\Users\Doge\Documents\GitHub\robot\user_interface.X\interface.asm
               Export_Msg   0x0000ae    program     static C:\Users\Doge\Documents\GitHub\robot\user_interface.X\interface.asm
               Flick_fail   0x000064    program     static C:\Users\Doge\Documents\GitHub\robot\user_interface.X\interface.asm
                    HalfS   0x000358    program     static C:\Users\Doge\Documents\GitHub\robot\user_interface.X\interface.asm
                  InitLCD   0x00030b    program     static C:\Users\Doge\Documents\GitHub\robot\user_interface.X\interface.asm
                 LED_fail   0x000058    program     static C:\Users\Doge\Documents\GitHub\robot\user_interface.X\interface.asm
                 LLD_LOOP   0x000351    program     static C:\Users\Doge\Documents\GitHub\robot\user_interface.X\interface.asm
                     None   0x000092    program     static C:\Users\Doge\Documents\GitHub\robot\user_interface.X\interface.asm
              Not_present   0x000041    program     static C:\Users\Doge\Documents\GitHub\robot\user_interface.X\interface.asm
                     Pass   0x000050    program     static C:\Users\Doge\Documents\GitHub\robot\user_interface.X\interface.asm
                  Seconds   0x000037    program     static C:\Users\Doge\Documents\GitHub\robot\user_interface.X\interface.asm
              Standby_Msg   0x000001    program     static C:\Users\Doge\Documents\GitHub\robot\user_interface.X\interface.asm
                Start_Msg   0x00000a    program     static C:\Users\Doge\Documents\GitHub\robot\user_interface.X\interface.asm
             Switch_Lines   0x00032c    program     static C:\Users\Doge\Documents\GitHub\robot\user_interface.X\interface.asm
                 Time_Msg   0x000026    program     static C:\Users\Doge\Documents\GitHub\robot\user_interface.X\interface.asm
                Total_Msg   0x000074    program     static C:\Users\Doge\Documents\GitHub\robot\user_interface.X\interface.asm
                  WR_DATA   0x00033e    program     static C:\Users\Doge\Documents\GitHub\robot\user_interface.X\interface.asm
                   WR_INS   0x00032f    program     static C:\Users\Doge\Documents\GitHub\robot\user_interface.X\interface.asm
             _.org_0_00D7   0x0000d7    program     static C:\Users\Doge\Documents\GitHub\robot\user_interface.X\interface.asm
             _.org_0_00DE   0x0000de    program     static C:\Users\Doge\Documents\GitHub\robot\user_interface.X\interface.asm
             _.org_0_0136   0x000136    program     static C:\Users\Doge\Documents\GitHub\robot\user_interface.X\interface.asm
             _.org_0_013B   0x00013b    program     static C:\Users\Doge\Documents\GitHub\robot\user_interface.X\interface.asm
             _.org_0_0354   0x000354    program     static C:\Users\Doge\Documents\GitHub\robot\user_interface.X\interface.asm
             _.org_0_035F   0x00035f    program     static C:\Users\Doge\Documents\GitHub\robot\user_interface.X\interface.asm
             _.org_0_0361   0x000361    program     static C:\Users\Doge\Documents\GitHub\robot\user_interface.X\interface.asm
             _.org_0_0364   0x000364    program     static C:\Users\Doge\Documents\GitHub\robot\user_interface.X\interface.asm
                _0HalfS_0   0x00035e    program     static C:\Users\Doge\Documents\GitHub\robot\user_interface.X\interface.asm
                   _1end_   0x0000d6    program     static C:\Users\Doge\Documents\GitHub\robot\user_interface.X\interface.asm
                  _1loop_   0x0000ce    program     static C:\Users\Doge\Documents\GitHub\robot\user_interface.X\interface.asm
                  _20end_   0x00012d    program     static C:\Users\Doge\Documents\GitHub\robot\user_interface.X\interface.asm
                 _20loop_   0x000125    program     static C:\Users\Doge\Documents\GitHub\robot\user_interface.X\interface.asm
                   _2end_   0x0000eb    program     static C:\Users\Doge\Documents\GitHub\robot\user_interface.X\interface.asm
                  _2loop_   0x0000e3    program     static C:\Users\Doge\Documents\GitHub\robot\user_interface.X\interface.asm
                  _30end_   0x0001d5    program     static C:\Users\Doge\Documents\GitHub\robot\user_interface.X\interface.asm
                 _30loop_   0x0001cd    program     static C:\Users\Doge\Documents\GitHub\robot\user_interface.X\interface.asm
                  _31end_   0x0001e5    program     static C:\Users\Doge\Documents\GitHub\robot\user_interface.X\interface.asm
                 _31loop_   0x0001dd    program     static C:\Users\Doge\Documents\GitHub\robot\user_interface.X\interface.asm
                  _32end_   0x0001f4    program     static C:\Users\Doge\Documents\GitHub\robot\user_interface.X\interface.asm
                 _32loop_   0x0001ec    program     static C:\Users\Doge\Documents\GitHub\robot\user_interface.X\interface.asm
                  _33end_   0x000203    program     static C:\Users\Doge\Documents\GitHub\robot\user_interface.X\interface.asm
                 _33loop_   0x0001fb    program     static C:\Users\Doge\Documents\GitHub\robot\user_interface.X\interface.asm
                  _34end_   0x000212    program     static C:\Users\Doge\Documents\GitHub\robot\user_interface.X\interface.asm
                 _34loop_   0x00020a    program     static C:\Users\Doge\Documents\GitHub\robot\user_interface.X\interface.asm
                  _35end_   0x00021f    program     static C:\Users\Doge\Documents\GitHub\robot\user_interface.X\interface.asm
                 _35loop_   0x000217    program     static C:\Users\Doge\Documents\GitHub\robot\user_interface.X\interface.asm
                  _37end_   0x00022e    program     static C:\Users\Doge\Documents\GitHub\robot\user_interface.X\interface.asm
                 _37loop_   0x000226    program     static C:\Users\Doge\Documents\GitHub\robot\user_interface.X\interface.asm
                  _39end_   0x00023e    program     static C:\Users\Doge\Documents\GitHub\robot\user_interface.X\interface.asm
                 _39loop_   0x000236    program     static C:\Users\Doge\Documents\GitHub\robot\user_interface.X\interface.asm
                  _40end_   0x00024c    program     static C:\Users\Doge\Documents\GitHub\robot\user_interface.X\interface.asm
                 _40loop_   0x000244    program     static C:\Users\Doge\Documents\GitHub\robot\user_interface.X\interface.asm
                  _58end_   0x00029f    program     static C:\Users\Doge\Documents\GitHub\robot\user_interface.X\interface.asm
                 _58loop_   0x000297    program     static C:\Users\Doge\Documents\GitHub\robot\user_interface.X\interface.asm
                  _62end_   0x0002be    program     static C:\Users\Doge\Documents\GitHub\robot\user_interface.X\interface.asm
                 _62loop_   0x0002b6    program     static C:\Users\Doge\Documents\GitHub\robot\user_interface.X\interface.asm
                  _63end_   0x0002ca    program     static C:\Users\Doge\Documents\GitHub\robot\user_interface.X\interface.asm
                 _63loop_   0x0002c2    program     static C:\Users\Doge\Documents\GitHub\robot\user_interface.X\interface.asm
                  _64end_   0x0002d7    program     static C:\Users\Doge\Documents\GitHub\robot\user_interface.X\interface.asm
                 _64loop_   0x0002cf    program     static C:\Users\Doge\Documents\GitHub\robot\user_interface.X\interface.asm
                 add3huns   0x0002fc    program     static C:\Users\Doge\Documents\GitHub\robot\user_interface.X\interface.asm
                 add3ones   0x000302    program     static C:\Users\Doge\Documents\GitHub\robot\user_interface.X\interface.asm
                 add3tens   0x0002ff    program     static C:\Users\Doge\Documents\GitHub\robot\user_interface.X\interface.asm
               big_number   0x0002d8    program     static C:\Users\Doge\Documents\GitHub\robot\user_interface.X\interface.asm
                carryones   0x000305    program     static C:\Users\Doge\Documents\GitHub\robot\user_interface.X\interface.asm
                carrytens   0x000308    program     static C:\Users\Doge\Documents\GitHub\robot\user_interface.X\interface.asm
                  check_1   0x00013e    program     static C:\Users\Doge\Documents\GitHub\robot\user_interface.X\interface.asm
                  check_2   0x000149    program     static C:\Users\Doge\Documents\GitHub\robot\user_interface.X\interface.asm
                  check_3   0x000155    program     static C:\Users\Doge\Documents\GitHub\robot\user_interface.X\interface.asm
                  check_4   0x000161    program     static C:\Users\Doge\Documents\GitHub\robot\user_interface.X\interface.asm
                  check_5   0x00016d    program     static C:\Users\Doge\Documents\GitHub\robot\user_interface.X\interface.asm
                  check_6   0x000179    program     static C:\Users\Doge\Documents\GitHub\robot\user_interface.X\interface.asm
                  check_7   0x000185    program     static C:\Users\Doge\Documents\GitHub\robot\user_interface.X\interface.asm
                  check_8   0x000191    program     static C:\Users\Doge\Documents\GitHub\robot\user_interface.X\interface.asm
                  check_9   0x00019d    program     static C:\Users\Doge\Documents\GitHub\robot\user_interface.X\interface.asm
                check_LED   0x0001f5    program     static C:\Users\Doge\Documents\GitHub\robot\user_interface.X\interface.asm
          check_defective   0x0001af    program     static C:\Users\Doge\Documents\GitHub\robot\user_interface.X\interface.asm
             check_export   0x0001bb    program     static C:\Users\Doge\Documents\GitHub\robot\user_interface.X\interface.asm
              check_flick   0x000204    program     static C:\Users\Doge\Documents\GitHub\robot\user_interface.X\interface.asm
               check_none   0x0001d8    program     static C:\Users\Doge\Documents\GitHub\robot\user_interface.X\interface.asm
               check_pass   0x0001e6    program     static C:\Users\Doge\Documents\GitHub\robot\user_interface.X\interface.asm
            check_standby   0x0001c6    program     static C:\Users\Doge\Documents\GitHub\robot\user_interface.X\interface.asm
              check_start   0x0001c1    program     static C:\Users\Doge\Documents\GitHub\robot\user_interface.X\interface.asm
            check_summary   0x0001a9    program     static C:\Users\Doge\Documents\GitHub\robot\user_interface.X\interface.asm
               check_time   0x0001b5    program     static C:\Users\Doge\Documents\GitHub\robot\user_interface.X\interface.asm
              default_key   0x0001d6    program     static C:\Users\Doge\Documents\GitHub\robot\user_interface.X\interface.asm
           default_status   0x000213    program     static C:\Users\Doge\Documents\GitHub\robot\user_interface.X\interface.asm
                defective   0x000233    program     static C:\Users\Doge\Documents\GitHub\robot\user_interface.X\interface.asm
           display_status   0x0001d7    program     static C:\Users\Doge\Documents\GitHub\robot\user_interface.X\interface.asm
                    eight   0x000285    program     static C:\Users\Doge\Documents\GitHub\robot\user_interface.X\interface.asm
            end_defective   0x000293    program     static C:\Users\Doge\Documents\GitHub\robot\user_interface.X\interface.asm
                   export   0x0002bf    program     static C:\Users\Doge\Documents\GitHub\robot\user_interface.X\interface.asm
                     five   0x00026d    program     static C:\Users\Doge\Documents\GitHub\robot\user_interface.X\interface.asm
                     four   0x000265    program     static C:\Users\Doge\Documents\GitHub\robot\user_interface.X\interface.asm
              information   0x00013d    program     static C:\Users\Doge\Documents\GitHub\robot\user_interface.X\interface.asm
                     init   0x0000bf    program     static C:\Users\Doge\Documents\GitHub\robot\user_interface.X\interface.asm
             lcdLongDelay   0x00034f    program     static C:\Users\Doge\Documents\GitHub\robot\user_interface.X\interface.asm
                     nine   0x00028d    program     static C:\Users\Doge\Documents\GitHub\robot\user_interface.X\interface.asm
                  no_huns   0x0002a9    program     static C:\Users\Doge\Documents\GitHub\robot\user_interface.X\interface.asm
                  no_tens   0x0002b0    program     static C:\Users\Doge\Documents\GitHub\robot\user_interface.X\interface.asm
                      one   0x00024d    program     static C:\Users\Doge\Documents\GitHub\robot\user_interface.X\interface.asm
                     poll   0x000135    program     static C:\Users\Doge\Documents\GitHub\robot\user_interface.X\interface.asm
                    seven   0x00027d    program     static C:\Users\Doge\Documents\GitHub\robot\user_interface.X\interface.asm
                      six   0x000275    program     static C:\Users\Doge\Documents\GitHub\robot\user_interface.X\interface.asm
                    start   0x0000e0    program     static C:\Users\Doge\Documents\GitHub\robot\user_interface.X\interface.asm
                  summary   0x000214    program     static C:\Users\Doge\Documents\GitHub\robot\user_interface.X\interface.asm
                    three   0x00025d    program     static C:\Users\Doge\Documents\GitHub\robot\user_interface.X\interface.asm
                     time   0x000294    program     static C:\Users\Doge\Documents\GitHub\robot\user_interface.X\interface.asm
                      two   0x000255    program     static C:\Users\Doge\Documents\GitHub\robot\user_interface.X\interface.asm
                  waiting   0x0000d6    program     static C:\Users\Doge\Documents\GitHub\robot\user_interface.X\interface.asm



                              Symbols - Sorted by Address
                     Name    Address   Location    Storage File                     
                ---------  ---------  ---------  --------- ---------                
              Standby_Msg   0x000001    program     static C:\Users\Doge\Documents\GitHub\robot\user_interface.X\interface.asm
                Start_Msg   0x00000a    program     static C:\Users\Doge\Documents\GitHub\robot\user_interface.X\interface.asm
                  End_Msg   0x00001c    program     static C:\Users\Doge\Documents\GitHub\robot\user_interface.X\interface.asm
                 Time_Msg   0x000026    program     static C:\Users\Doge\Documents\GitHub\robot\user_interface.X\interface.asm
                  Seconds   0x000037    program     static C:\Users\Doge\Documents\GitHub\robot\user_interface.X\interface.asm
              Not_present   0x000041    program     static C:\Users\Doge\Documents\GitHub\robot\user_interface.X\interface.asm
                     Pass   0x000050    program     static C:\Users\Doge\Documents\GitHub\robot\user_interface.X\interface.asm
                 LED_fail   0x000058    program     static C:\Users\Doge\Documents\GitHub\robot\user_interface.X\interface.asm
               Flick_fail   0x000064    program     static C:\Users\Doge\Documents\GitHub\robot\user_interface.X\interface.asm
                Total_Msg   0x000074    program     static C:\Users\Doge\Documents\GitHub\robot\user_interface.X\interface.asm
                Defective   0x000085    program     static C:\Users\Doge\Documents\GitHub\robot\user_interface.X\interface.asm
                     None   0x000092    program     static C:\Users\Doge\Documents\GitHub\robot\user_interface.X\interface.asm
            Emergency_Msg   0x00009e    program     static C:\Users\Doge\Documents\GitHub\robot\user_interface.X\interface.asm
               Export_Msg   0x0000ae    program     static C:\Users\Doge\Documents\GitHub\robot\user_interface.X\interface.asm
                     init   0x0000bf    program     static C:\Users\Doge\Documents\GitHub\robot\user_interface.X\interface.asm
                  _1loop_   0x0000ce    program     static C:\Users\Doge\Documents\GitHub\robot\user_interface.X\interface.asm
                   _1end_   0x0000d6    program     static C:\Users\Doge\Documents\GitHub\robot\user_interface.X\interface.asm
                  waiting   0x0000d6    program     static C:\Users\Doge\Documents\GitHub\robot\user_interface.X\interface.asm
             _.org_0_00D7   0x0000d7    program     static C:\Users\Doge\Documents\GitHub\robot\user_interface.X\interface.asm
             _.org_0_00DE   0x0000de    program     static C:\Users\Doge\Documents\GitHub\robot\user_interface.X\interface.asm
                    start   0x0000e0    program     static C:\Users\Doge\Documents\GitHub\robot\user_interface.X\interface.asm
                  _2loop_   0x0000e3    program     static C:\Users\Doge\Documents\GitHub\robot\user_interface.X\interface.asm
                   _2end_   0x0000eb    program     static C:\Users\Doge\Documents\GitHub\robot\user_interface.X\interface.asm
                 _20loop_   0x000125    program     static C:\Users\Doge\Documents\GitHub\robot\user_interface.X\interface.asm
                  _20end_   0x00012d    program     static C:\Users\Doge\Documents\GitHub\robot\user_interface.X\interface.asm
                     poll   0x000135    program     static C:\Users\Doge\Documents\GitHub\robot\user_interface.X\interface.asm
             _.org_0_0136   0x000136    program     static C:\Users\Doge\Documents\GitHub\robot\user_interface.X\interface.asm
             _.org_0_013B   0x00013b    program     static C:\Users\Doge\Documents\GitHub\robot\user_interface.X\interface.asm
              information   0x00013d    program     static C:\Users\Doge\Documents\GitHub\robot\user_interface.X\interface.asm
                  check_1   0x00013e    program     static C:\Users\Doge\Documents\GitHub\robot\user_interface.X\interface.asm
                  check_2   0x000149    program     static C:\Users\Doge\Documents\GitHub\robot\user_interface.X\interface.asm
                  check_3   0x000155    program     static C:\Users\Doge\Documents\GitHub\robot\user_interface.X\interface.asm
                  check_4   0x000161    program     static C:\Users\Doge\Documents\GitHub\robot\user_interface.X\interface.asm
                  check_5   0x00016d    program     static C:\Users\Doge\Documents\GitHub\robot\user_interface.X\interface.asm
                  check_6   0x000179    program     static C:\Users\Doge\Documents\GitHub\robot\user_interface.X\interface.asm
                  check_7   0x000185    program     static C:\Users\Doge\Documents\GitHub\robot\user_interface.X\interface.asm
                  check_8   0x000191    program     static C:\Users\Doge\Documents\GitHub\robot\user_interface.X\interface.asm
                  check_9   0x00019d    program     static C:\Users\Doge\Documents\GitHub\robot\user_interface.X\interface.asm
            check_summary   0x0001a9    program     static C:\Users\Doge\Documents\GitHub\robot\user_interface.X\interface.asm
          check_defective   0x0001af    program     static C:\Users\Doge\Documents\GitHub\robot\user_interface.X\interface.asm
               check_time   0x0001b5    program     static C:\Users\Doge\Documents\GitHub\robot\user_interface.X\interface.asm
             check_export   0x0001bb    program     static C:\Users\Doge\Documents\GitHub\robot\user_interface.X\interface.asm
              check_start   0x0001c1    program     static C:\Users\Doge\Documents\GitHub\robot\user_interface.X\interface.asm
            check_standby   0x0001c6    program     static C:\Users\Doge\Documents\GitHub\robot\user_interface.X\interface.asm
                 _30loop_   0x0001cd    program     static C:\Users\Doge\Documents\GitHub\robot\user_interface.X\interface.asm
                  _30end_   0x0001d5    program     static C:\Users\Doge\Documents\GitHub\robot\user_interface.X\interface.asm
              default_key   0x0001d6    program     static C:\Users\Doge\Documents\GitHub\robot\user_interface.X\interface.asm
           display_status   0x0001d7    program     static C:\Users\Doge\Documents\GitHub\robot\user_interface.X\interface.asm
               check_none   0x0001d8    program     static C:\Users\Doge\Documents\GitHub\robot\user_interface.X\interface.asm
                 _31loop_   0x0001dd    program     static C:\Users\Doge\Documents\GitHub\robot\user_interface.X\interface.asm
                  _31end_   0x0001e5    program     static C:\Users\Doge\Documents\GitHub\robot\user_interface.X\interface.asm
               check_pass   0x0001e6    program     static C:\Users\Doge\Documents\GitHub\robot\user_interface.X\interface.asm
                 _32loop_   0x0001ec    program     static C:\Users\Doge\Documents\GitHub\robot\user_interface.X\interface.asm
                  _32end_   0x0001f4    program     static C:\Users\Doge\Documents\GitHub\robot\user_interface.X\interface.asm
                check_LED   0x0001f5    program     static C:\Users\Doge\Documents\GitHub\robot\user_interface.X\interface.asm
                 _33loop_   0x0001fb    program     static C:\Users\Doge\Documents\GitHub\robot\user_interface.X\interface.asm
                  _33end_   0x000203    program     static C:\Users\Doge\Documents\GitHub\robot\user_interface.X\interface.asm
              check_flick   0x000204    program     static C:\Users\Doge\Documents\GitHub\robot\user_interface.X\interface.asm
                 _34loop_   0x00020a    program     static C:\Users\Doge\Documents\GitHub\robot\user_interface.X\interface.asm
                  _34end_   0x000212    program     static C:\Users\Doge\Documents\GitHub\robot\user_interface.X\interface.asm
           default_status   0x000213    program     static C:\Users\Doge\Documents\GitHub\robot\user_interface.X\interface.asm
                  summary   0x000214    program     static C:\Users\Doge\Documents\GitHub\robot\user_interface.X\interface.asm
                 _35loop_   0x000217    program     static C:\Users\Doge\Documents\GitHub\robot\user_interface.X\interface.asm
                  _35end_   0x00021f    program     static C:\Users\Doge\Documents\GitHub\robot\user_interface.X\interface.asm
                 _37loop_   0x000226    program     static C:\Users\Doge\Documents\GitHub\robot\user_interface.X\interface.asm
                  _37end_   0x00022e    program     static C:\Users\Doge\Documents\GitHub\robot\user_interface.X\interface.asm
                defective   0x000233    program     static C:\Users\Doge\Documents\GitHub\robot\user_interface.X\interface.asm
                 _39loop_   0x000236    program     static C:\Users\Doge\Documents\GitHub\robot\user_interface.X\interface.asm
                  _39end_   0x00023e    program     static C:\Users\Doge\Documents\GitHub\robot\user_interface.X\interface.asm
                 _40loop_   0x000244    program     static C:\Users\Doge\Documents\GitHub\robot\user_interface.X\interface.asm
                  _40end_   0x00024c    program     static C:\Users\Doge\Documents\GitHub\robot\user_interface.X\interface.asm
                      one   0x00024d    program     static C:\Users\Doge\Documents\GitHub\robot\user_interface.X\interface.asm
                      two   0x000255    program     static C:\Users\Doge\Documents\GitHub\robot\user_interface.X\interface.asm
                    three   0x00025d    program     static C:\Users\Doge\Documents\GitHub\robot\user_interface.X\interface.asm
                     four   0x000265    program     static C:\Users\Doge\Documents\GitHub\robot\user_interface.X\interface.asm
                     five   0x00026d    program     static C:\Users\Doge\Documents\GitHub\robot\user_interface.X\interface.asm
                      six   0x000275    program     static C:\Users\Doge\Documents\GitHub\robot\user_interface.X\interface.asm
                    seven   0x00027d    program     static C:\Users\Doge\Documents\GitHub\robot\user_interface.X\interface.asm
                    eight   0x000285    program     static C:\Users\Doge\Documents\GitHub\robot\user_interface.X\interface.asm
                     nine   0x00028d    program     static C:\Users\Doge\Documents\GitHub\robot\user_interface.X\interface.asm
            end_defective   0x000293    program     static C:\Users\Doge\Documents\GitHub\robot\user_interface.X\interface.asm
                     time   0x000294    program     static C:\Users\Doge\Documents\GitHub\robot\user_interface.X\interface.asm
                 _58loop_   0x000297    program     static C:\Users\Doge\Documents\GitHub\robot\user_interface.X\interface.asm
                  _58end_   0x00029f    program     static C:\Users\Doge\Documents\GitHub\robot\user_interface.X\interface.asm
                  no_huns   0x0002a9    program     static C:\Users\Doge\Documents\GitHub\robot\user_interface.X\interface.asm
                  no_tens   0x0002b0    program     static C:\Users\Doge\Documents\GitHub\robot\user_interface.X\interface.asm
                 _62loop_   0x0002b6    program     static C:\Users\Doge\Documents\GitHub\robot\user_interface.X\interface.asm
                  _62end_   0x0002be    program     static C:\Users\Doge\Documents\GitHub\robot\user_interface.X\interface.asm
                   export   0x0002bf    program     static C:\Users\Doge\Documents\GitHub\robot\user_interface.X\interface.asm
                 _63loop_   0x0002c2    program     static C:\Users\Doge\Documents\GitHub\robot\user_interface.X\interface.asm
                  _63end_   0x0002ca    program     static C:\Users\Doge\Documents\GitHub\robot\user_interface.X\interface.asm
                 _64loop_   0x0002cf    program     static C:\Users\Doge\Documents\GitHub\robot\user_interface.X\interface.asm
                  _64end_   0x0002d7    program     static C:\Users\Doge\Documents\GitHub\robot\user_interface.X\interface.asm
               big_number   0x0002d8    program     static C:\Users\Doge\Documents\GitHub\robot\user_interface.X\interface.asm
                  BCDadd3   0x0002df    program     static C:\Users\Doge\Documents\GitHub\robot\user_interface.X\interface.asm
                 add3huns   0x0002fc    program     static C:\Users\Doge\Documents\GitHub\robot\user_interface.X\interface.asm
                 add3tens   0x0002ff    program     static C:\Users\Doge\Documents\GitHub\robot\user_interface.X\interface.asm
                 add3ones   0x000302    program     static C:\Users\Doge\Documents\GitHub\robot\user_interface.X\interface.asm
                carryones   0x000305    program     static C:\Users\Doge\Documents\GitHub\robot\user_interface.X\interface.asm
                carrytens   0x000308    program     static C:\Users\Doge\Documents\GitHub\robot\user_interface.X\interface.asm
                  InitLCD   0x00030b    program     static C:\Users\Doge\Documents\GitHub\robot\user_interface.X\interface.asm
            Clear_Display   0x000329    program     static C:\Users\Doge\Documents\GitHub\robot\user_interface.X\interface.asm
             Switch_Lines   0x00032c    program     static C:\Users\Doge\Documents\GitHub\robot\user_interface.X\interface.asm
                   WR_INS   0x00032f    program     static C:\Users\Doge\Documents\GitHub\robot\user_interface.X\interface.asm
                  WR_DATA   0x00033e    program     static C:\Users\Doge\Documents\GitHub\robot\user_interface.X\interface.asm
             lcdLongDelay   0x00034f    program     static C:\Users\Doge\Documents\GitHub\robot\user_interface.X\interface.asm
                 LLD_LOOP   0x000351    program     static C:\Users\Doge\Documents\GitHub\robot\user_interface.X\interface.asm
             _.org_0_0354   0x000354    program     static C:\Users\Doge\Documents\GitHub\robot\user_interface.X\interface.asm
                    HalfS   0x000358    program     static C:\Users\Doge\Documents\GitHub\robot\user_interface.X\interface.asm
                _0HalfS_0   0x00035e    program     static C:\Users\Doge\Documents\GitHub\robot\user_interface.X\interface.asm
             _.org_0_035F   0x00035f    program     static C:\Users\Doge\Documents\GitHub\robot\user_interface.X\interface.asm
             _.org_0_0361   0x000361    program     static C:\Users\Doge\Documents\GitHub\robot\user_interface.X\interface.asm
             _.org_0_0364   0x000364    program     static C:\Users\Doge\Documents\GitHub\robot\user_interface.X\interface.asm


