MPLINK 5.00, LINKER
Linker Map File - Created Wed Jan 29 17:45:23 2014

                                 Section Info
                  Section       Type    Address   Location Size(Bytes)
                ---------  ---------  ---------  ---------  ---------
                   .org_0       code   0x000000    program   0x00052a
                   .cinit    romdata   0x000295    program   0x000004
.config_2007_BUILD/DEFAULT/PRODUCTION/INTERFA       code   0x002007    program   0x000002



                              Program Memory Usage 
                               Start         End      
                           ---------   ---------      
                            0x000000    0x000296      
                            0x002007    0x002007      
            664 out of 8454 program addresses used, program memory utilization is 7%



                              Symbols - Sorted by Name
                     Name    Address   Location    Storage File                     
                ---------  ---------  ---------  --------- ---------                
                 ADD3HUNS   0x000229    program     static C:\Users\Doge\Documents\GitHub\robot\user_interface.X\interface.asm
                 ADD3ONES   0x00022f    program     static C:\Users\Doge\Documents\GitHub\robot\user_interface.X\interface.asm
                 ADD3TENS   0x00022c    program     static C:\Users\Doge\Documents\GitHub\robot\user_interface.X\interface.asm
                  BCDADD3   0x00020e    program     static C:\Users\Doge\Documents\GitHub\robot\user_interface.X\interface.asm
                CARRYONES   0x000232    program     static C:\Users\Doge\Documents\GitHub\robot\user_interface.X\interface.asm
                CARRYTENS   0x000235    program     static C:\Users\Doge\Documents\GitHub\robot\user_interface.X\interface.asm
                  Candles   0x0000ea    program     static C:\Users\Doge\Documents\GitHub\robot\user_interface.X\interface.asm
            Clear_Display   0x000256    program     static C:\Users\Doge\Documents\GitHub\robot\user_interface.X\interface.asm
                Defective   0x0000f4    program     static C:\Users\Doge\Documents\GitHub\robot\user_interface.X\interface.asm
                  End_Msg   0x00008c    program     static C:\Users\Doge\Documents\GitHub\robot\user_interface.X\interface.asm
               Flick_fail   0x0000d4    program     static C:\Users\Doge\Documents\GitHub\robot\user_interface.X\interface.asm
                    HalfS   0x000285    program     static C:\Users\Doge\Documents\GitHub\robot\user_interface.X\interface.asm
                  InitLCD   0x000238    program     static C:\Users\Doge\Documents\GitHub\robot\user_interface.X\interface.asm
                 LED_fail   0x0000c8    program     static C:\Users\Doge\Documents\GitHub\robot\user_interface.X\interface.asm
                 LLD_LOOP   0x00027e    program     static C:\Users\Doge\Documents\GitHub\robot\user_interface.X\interface.asm
                     None   0x0000b1    program     static C:\Users\Doge\Documents\GitHub\robot\user_interface.X\interface.asm
                       Of   0x0000e4    program     static C:\Users\Doge\Documents\GitHub\robot\user_interface.X\interface.asm
                     Pass   0x0000c0    program     static C:\Users\Doge\Documents\GitHub\robot\user_interface.X\interface.asm
                  Seconds   0x0000a7    program     static C:\Users\Doge\Documents\GitHub\robot\user_interface.X\interface.asm
              Standby_Msg   0x000077    program     static C:\Users\Doge\Documents\GitHub\robot\user_interface.X\interface.asm
                Start_Msg   0x000080    program     static C:\Users\Doge\Documents\GitHub\robot\user_interface.X\interface.asm
             Switch_Lines   0x000259    program     static C:\Users\Doge\Documents\GitHub\robot\user_interface.X\interface.asm
                 Time_Msg   0x000096    program     static C:\Users\Doge\Documents\GitHub\robot\user_interface.X\interface.asm
                  WR_DATA   0x00026b    program     static C:\Users\Doge\Documents\GitHub\robot\user_interface.X\interface.asm
                   WR_INS   0x00025c    program     static C:\Users\Doge\Documents\GitHub\robot\user_interface.X\interface.asm
             _.org_0_0019   0x000019    program     static C:\Users\Doge\Documents\GitHub\robot\user_interface.X\interface.asm
             _.org_0_0020   0x000020    program     static C:\Users\Doge\Documents\GitHub\robot\user_interface.X\interface.asm
             _.org_0_0070   0x000070    program     static C:\Users\Doge\Documents\GitHub\robot\user_interface.X\interface.asm
             _.org_0_0075   0x000075    program     static C:\Users\Doge\Documents\GitHub\robot\user_interface.X\interface.asm
             _.org_0_0281   0x000281    program     static C:\Users\Doge\Documents\GitHub\robot\user_interface.X\interface.asm
             _.org_0_028C   0x00028c    program     static C:\Users\Doge\Documents\GitHub\robot\user_interface.X\interface.asm
             _.org_0_028E   0x00028e    program     static C:\Users\Doge\Documents\GitHub\robot\user_interface.X\interface.asm
             _.org_0_0291   0x000291    program     static C:\Users\Doge\Documents\GitHub\robot\user_interface.X\interface.asm
                _0HalfS_0   0x00028b    program     static C:\Users\Doge\Documents\GitHub\robot\user_interface.X\interface.asm
                   _1end_   0x000018    program     static C:\Users\Doge\Documents\GitHub\robot\user_interface.X\interface.asm
                  _1loop_   0x000010    program     static C:\Users\Doge\Documents\GitHub\robot\user_interface.X\interface.asm
                  _20end_   0x00006f    program     static C:\Users\Doge\Documents\GitHub\robot\user_interface.X\interface.asm
                 _20loop_   0x000067    program     static C:\Users\Doge\Documents\GitHub\robot\user_interface.X\interface.asm
                   _2end_   0x00002d    program     static C:\Users\Doge\Documents\GitHub\robot\user_interface.X\interface.asm
                  _2loop_   0x000025    program     static C:\Users\Doge\Documents\GitHub\robot\user_interface.X\interface.asm
                  _31end_   0x00017e    program     static C:\Users\Doge\Documents\GitHub\robot\user_interface.X\interface.asm
                 _31loop_   0x000176    program     static C:\Users\Doge\Documents\GitHub\robot\user_interface.X\interface.asm
                  _33end_   0x00018c    program     static C:\Users\Doge\Documents\GitHub\robot\user_interface.X\interface.asm
                 _33loop_   0x000184    program     static C:\Users\Doge\Documents\GitHub\robot\user_interface.X\interface.asm
                  _34end_   0x000197    program     static C:\Users\Doge\Documents\GitHub\robot\user_interface.X\interface.asm
                 _34loop_   0x00018f    program     static C:\Users\Doge\Documents\GitHub\robot\user_interface.X\interface.asm
                  _35end_   0x0001a7    program     static C:\Users\Doge\Documents\GitHub\robot\user_interface.X\interface.asm
                 _35loop_   0x00019f    program     static C:\Users\Doge\Documents\GitHub\robot\user_interface.X\interface.asm
                  _39end_   0x0001c0    program     static C:\Users\Doge\Documents\GitHub\robot\user_interface.X\interface.asm
                 _39loop_   0x0001b8    program     static C:\Users\Doge\Documents\GitHub\robot\user_interface.X\interface.asm
                  _40end_   0x0001da    program     static C:\Users\Doge\Documents\GitHub\robot\user_interface.X\interface.asm
                 _40loop_   0x0001d2    program     static C:\Users\Doge\Documents\GitHub\robot\user_interface.X\interface.asm
                  _41end_   0x0001e9    program     static C:\Users\Doge\Documents\GitHub\robot\user_interface.X\interface.asm
                 _41loop_   0x0001e1    program     static C:\Users\Doge\Documents\GitHub\robot\user_interface.X\interface.asm
                  _42end_   0x0001f8    program     static C:\Users\Doge\Documents\GitHub\robot\user_interface.X\interface.asm
                 _42loop_   0x0001f0    program     static C:\Users\Doge\Documents\GitHub\robot\user_interface.X\interface.asm
                  _43end_   0x000207    program     static C:\Users\Doge\Documents\GitHub\robot\user_interface.X\interface.asm
                 _43loop_   0x0001ff    program     static C:\Users\Doge\Documents\GitHub\robot\user_interface.X\interface.asm
               big_number   0x000209    program     static C:\Users\Doge\Documents\GitHub\robot\user_interface.X\interface.asm
                  check_1   0x000100    program     static C:\Users\Doge\Documents\GitHub\robot\user_interface.X\interface.asm
                  check_2   0x00010b    program     static C:\Users\Doge\Documents\GitHub\robot\user_interface.X\interface.asm
                  check_3   0x000117    program     static C:\Users\Doge\Documents\GitHub\robot\user_interface.X\interface.asm
                  check_4   0x000123    program     static C:\Users\Doge\Documents\GitHub\robot\user_interface.X\interface.asm
                  check_5   0x00012f    program     static C:\Users\Doge\Documents\GitHub\robot\user_interface.X\interface.asm
                  check_6   0x00013b    program     static C:\Users\Doge\Documents\GitHub\robot\user_interface.X\interface.asm
                  check_7   0x000147    program     static C:\Users\Doge\Documents\GitHub\robot\user_interface.X\interface.asm
                  check_8   0x000153    program     static C:\Users\Doge\Documents\GitHub\robot\user_interface.X\interface.asm
                  check_9   0x00015f    program     static C:\Users\Doge\Documents\GitHub\robot\user_interface.X\interface.asm
                check_LED   0x0001ea    program     static C:\Users\Doge\Documents\GitHub\robot\user_interface.X\interface.asm
              check_flick   0x0001f9    program     static C:\Users\Doge\Documents\GitHub\robot\user_interface.X\interface.asm
               check_none   0x0001cd    program     static C:\Users\Doge\Documents\GitHub\robot\user_interface.X\interface.asm
               check_pass   0x0001db    program     static C:\Users\Doge\Documents\GitHub\robot\user_interface.X\interface.asm
            check_standby   0x0001c6    program     static C:\Users\Doge\Documents\GitHub\robot\user_interface.X\interface.asm
              check_start   0x0001c1    program     static C:\Users\Doge\Documents\GitHub\robot\user_interface.X\interface.asm
            check_summary   0x00016b    program     static C:\Users\Doge\Documents\GitHub\robot\user_interface.X\interface.asm
               check_time   0x000198    program     static C:\Users\Doge\Documents\GitHub\robot\user_interface.X\interface.asm
              default_key   0x0001cb    program     static C:\Users\Doge\Documents\GitHub\robot\user_interface.X\interface.asm
           default_status   0x000208    program     static C:\Users\Doge\Documents\GitHub\robot\user_interface.X\interface.asm
           display_status   0x0001cc    program     static C:\Users\Doge\Documents\GitHub\robot\user_interface.X\interface.asm
              information   0x0000ff    program     static C:\Users\Doge\Documents\GitHub\robot\user_interface.X\interface.asm
                     init   0x000001    program     static C:\Users\Doge\Documents\GitHub\robot\user_interface.X\interface.asm
             lcdLongDelay   0x00027c    program     static C:\Users\Doge\Documents\GitHub\robot\user_interface.X\interface.asm
                     poll   0x00006f    program     static C:\Users\Doge\Documents\GitHub\robot\user_interface.X\interface.asm
                    start   0x000022    program     static C:\Users\Doge\Documents\GitHub\robot\user_interface.X\interface.asm
                  waiting   0x000018    program     static C:\Users\Doge\Documents\GitHub\robot\user_interface.X\interface.asm



                              Symbols - Sorted by Address
                     Name    Address   Location    Storage File                     
                ---------  ---------  ---------  --------- ---------                
                     init   0x000001    program     static C:\Users\Doge\Documents\GitHub\robot\user_interface.X\interface.asm
                  _1loop_   0x000010    program     static C:\Users\Doge\Documents\GitHub\robot\user_interface.X\interface.asm
                  waiting   0x000018    program     static C:\Users\Doge\Documents\GitHub\robot\user_interface.X\interface.asm
                   _1end_   0x000018    program     static C:\Users\Doge\Documents\GitHub\robot\user_interface.X\interface.asm
             _.org_0_0019   0x000019    program     static C:\Users\Doge\Documents\GitHub\robot\user_interface.X\interface.asm
             _.org_0_0020   0x000020    program     static C:\Users\Doge\Documents\GitHub\robot\user_interface.X\interface.asm
                    start   0x000022    program     static C:\Users\Doge\Documents\GitHub\robot\user_interface.X\interface.asm
                  _2loop_   0x000025    program     static C:\Users\Doge\Documents\GitHub\robot\user_interface.X\interface.asm
                   _2end_   0x00002d    program     static C:\Users\Doge\Documents\GitHub\robot\user_interface.X\interface.asm
                 _20loop_   0x000067    program     static C:\Users\Doge\Documents\GitHub\robot\user_interface.X\interface.asm
                     poll   0x00006f    program     static C:\Users\Doge\Documents\GitHub\robot\user_interface.X\interface.asm
                  _20end_   0x00006f    program     static C:\Users\Doge\Documents\GitHub\robot\user_interface.X\interface.asm
             _.org_0_0070   0x000070    program     static C:\Users\Doge\Documents\GitHub\robot\user_interface.X\interface.asm
             _.org_0_0075   0x000075    program     static C:\Users\Doge\Documents\GitHub\robot\user_interface.X\interface.asm
              Standby_Msg   0x000077    program     static C:\Users\Doge\Documents\GitHub\robot\user_interface.X\interface.asm
                Start_Msg   0x000080    program     static C:\Users\Doge\Documents\GitHub\robot\user_interface.X\interface.asm
                  End_Msg   0x00008c    program     static C:\Users\Doge\Documents\GitHub\robot\user_interface.X\interface.asm
                 Time_Msg   0x000096    program     static C:\Users\Doge\Documents\GitHub\robot\user_interface.X\interface.asm
                  Seconds   0x0000a7    program     static C:\Users\Doge\Documents\GitHub\robot\user_interface.X\interface.asm
                     None   0x0000b1    program     static C:\Users\Doge\Documents\GitHub\robot\user_interface.X\interface.asm
                     Pass   0x0000c0    program     static C:\Users\Doge\Documents\GitHub\robot\user_interface.X\interface.asm
                 LED_fail   0x0000c8    program     static C:\Users\Doge\Documents\GitHub\robot\user_interface.X\interface.asm
               Flick_fail   0x0000d4    program     static C:\Users\Doge\Documents\GitHub\robot\user_interface.X\interface.asm
                       Of   0x0000e4    program     static C:\Users\Doge\Documents\GitHub\robot\user_interface.X\interface.asm
                  Candles   0x0000ea    program     static C:\Users\Doge\Documents\GitHub\robot\user_interface.X\interface.asm
                Defective   0x0000f4    program     static C:\Users\Doge\Documents\GitHub\robot\user_interface.X\interface.asm
              information   0x0000ff    program     static C:\Users\Doge\Documents\GitHub\robot\user_interface.X\interface.asm
                  check_1   0x000100    program     static C:\Users\Doge\Documents\GitHub\robot\user_interface.X\interface.asm
                  check_2   0x00010b    program     static C:\Users\Doge\Documents\GitHub\robot\user_interface.X\interface.asm
                  check_3   0x000117    program     static C:\Users\Doge\Documents\GitHub\robot\user_interface.X\interface.asm
                  check_4   0x000123    program     static C:\Users\Doge\Documents\GitHub\robot\user_interface.X\interface.asm
                  check_5   0x00012f    program     static C:\Users\Doge\Documents\GitHub\robot\user_interface.X\interface.asm
                  check_6   0x00013b    program     static C:\Users\Doge\Documents\GitHub\robot\user_interface.X\interface.asm
                  check_7   0x000147    program     static C:\Users\Doge\Documents\GitHub\robot\user_interface.X\interface.asm
                  check_8   0x000153    program     static C:\Users\Doge\Documents\GitHub\robot\user_interface.X\interface.asm
                  check_9   0x00015f    program     static C:\Users\Doge\Documents\GitHub\robot\user_interface.X\interface.asm
            check_summary   0x00016b    program     static C:\Users\Doge\Documents\GitHub\robot\user_interface.X\interface.asm
                 _31loop_   0x000176    program     static C:\Users\Doge\Documents\GitHub\robot\user_interface.X\interface.asm
                  _31end_   0x00017e    program     static C:\Users\Doge\Documents\GitHub\robot\user_interface.X\interface.asm
                 _33loop_   0x000184    program     static C:\Users\Doge\Documents\GitHub\robot\user_interface.X\interface.asm
                  _33end_   0x00018c    program     static C:\Users\Doge\Documents\GitHub\robot\user_interface.X\interface.asm
                 _34loop_   0x00018f    program     static C:\Users\Doge\Documents\GitHub\robot\user_interface.X\interface.asm
                  _34end_   0x000197    program     static C:\Users\Doge\Documents\GitHub\robot\user_interface.X\interface.asm
               check_time   0x000198    program     static C:\Users\Doge\Documents\GitHub\robot\user_interface.X\interface.asm
                 _35loop_   0x00019f    program     static C:\Users\Doge\Documents\GitHub\robot\user_interface.X\interface.asm
                  _35end_   0x0001a7    program     static C:\Users\Doge\Documents\GitHub\robot\user_interface.X\interface.asm
                 _39loop_   0x0001b8    program     static C:\Users\Doge\Documents\GitHub\robot\user_interface.X\interface.asm
                  _39end_   0x0001c0    program     static C:\Users\Doge\Documents\GitHub\robot\user_interface.X\interface.asm
              check_start   0x0001c1    program     static C:\Users\Doge\Documents\GitHub\robot\user_interface.X\interface.asm
            check_standby   0x0001c6    program     static C:\Users\Doge\Documents\GitHub\robot\user_interface.X\interface.asm
              default_key   0x0001cb    program     static C:\Users\Doge\Documents\GitHub\robot\user_interface.X\interface.asm
           display_status   0x0001cc    program     static C:\Users\Doge\Documents\GitHub\robot\user_interface.X\interface.asm
               check_none   0x0001cd    program     static C:\Users\Doge\Documents\GitHub\robot\user_interface.X\interface.asm
                 _40loop_   0x0001d2    program     static C:\Users\Doge\Documents\GitHub\robot\user_interface.X\interface.asm
                  _40end_   0x0001da    program     static C:\Users\Doge\Documents\GitHub\robot\user_interface.X\interface.asm
               check_pass   0x0001db    program     static C:\Users\Doge\Documents\GitHub\robot\user_interface.X\interface.asm
                 _41loop_   0x0001e1    program     static C:\Users\Doge\Documents\GitHub\robot\user_interface.X\interface.asm
                  _41end_   0x0001e9    program     static C:\Users\Doge\Documents\GitHub\robot\user_interface.X\interface.asm
                check_LED   0x0001ea    program     static C:\Users\Doge\Documents\GitHub\robot\user_interface.X\interface.asm
                 _42loop_   0x0001f0    program     static C:\Users\Doge\Documents\GitHub\robot\user_interface.X\interface.asm
                  _42end_   0x0001f8    program     static C:\Users\Doge\Documents\GitHub\robot\user_interface.X\interface.asm
              check_flick   0x0001f9    program     static C:\Users\Doge\Documents\GitHub\robot\user_interface.X\interface.asm
                 _43loop_   0x0001ff    program     static C:\Users\Doge\Documents\GitHub\robot\user_interface.X\interface.asm
                  _43end_   0x000207    program     static C:\Users\Doge\Documents\GitHub\robot\user_interface.X\interface.asm
           default_status   0x000208    program     static C:\Users\Doge\Documents\GitHub\robot\user_interface.X\interface.asm
               big_number   0x000209    program     static C:\Users\Doge\Documents\GitHub\robot\user_interface.X\interface.asm
                  BCDADD3   0x00020e    program     static C:\Users\Doge\Documents\GitHub\robot\user_interface.X\interface.asm
                 ADD3HUNS   0x000229    program     static C:\Users\Doge\Documents\GitHub\robot\user_interface.X\interface.asm
                 ADD3TENS   0x00022c    program     static C:\Users\Doge\Documents\GitHub\robot\user_interface.X\interface.asm
                 ADD3ONES   0x00022f    program     static C:\Users\Doge\Documents\GitHub\robot\user_interface.X\interface.asm
                CARRYONES   0x000232    program     static C:\Users\Doge\Documents\GitHub\robot\user_interface.X\interface.asm
                CARRYTENS   0x000235    program     static C:\Users\Doge\Documents\GitHub\robot\user_interface.X\interface.asm
                  InitLCD   0x000238    program     static C:\Users\Doge\Documents\GitHub\robot\user_interface.X\interface.asm
            Clear_Display   0x000256    program     static C:\Users\Doge\Documents\GitHub\robot\user_interface.X\interface.asm
             Switch_Lines   0x000259    program     static C:\Users\Doge\Documents\GitHub\robot\user_interface.X\interface.asm
                   WR_INS   0x00025c    program     static C:\Users\Doge\Documents\GitHub\robot\user_interface.X\interface.asm
                  WR_DATA   0x00026b    program     static C:\Users\Doge\Documents\GitHub\robot\user_interface.X\interface.asm
             lcdLongDelay   0x00027c    program     static C:\Users\Doge\Documents\GitHub\robot\user_interface.X\interface.asm
                 LLD_LOOP   0x00027e    program     static C:\Users\Doge\Documents\GitHub\robot\user_interface.X\interface.asm
             _.org_0_0281   0x000281    program     static C:\Users\Doge\Documents\GitHub\robot\user_interface.X\interface.asm
                    HalfS   0x000285    program     static C:\Users\Doge\Documents\GitHub\robot\user_interface.X\interface.asm
                _0HalfS_0   0x00028b    program     static C:\Users\Doge\Documents\GitHub\robot\user_interface.X\interface.asm
             _.org_0_028C   0x00028c    program     static C:\Users\Doge\Documents\GitHub\robot\user_interface.X\interface.asm
             _.org_0_028E   0x00028e    program     static C:\Users\Doge\Documents\GitHub\robot\user_interface.X\interface.asm
             _.org_0_0291   0x000291    program     static C:\Users\Doge\Documents\GitHub\robot\user_interface.X\interface.asm


