MPLINK 5.00, LINKER
Linker Map File - Created Tue Jan 21 21:27:03 2014

                                 Section Info
                  Section       Type    Address   Location Size(Bytes)
                ---------  ---------  ---------  ---------  ---------
                   .org_0       code   0x000000    program   0x00018c
                   .cinit    romdata   0x0000c6    program   0x000004
.config_2007_BUILD/DEFAULT/PRODUCTION/MAIN.O       code   0x002007    program   0x000002



                              Program Memory Usage 
                               Start         End      
                           ---------   ---------      
                            0x000000    0x0000c7      
                            0x002007    0x002007      
            201 out of 8454 program addresses used, program memory utilization is 2%



                              Symbols - Sorted by Name
                     Name    Address   Location    Storage File                     
                ---------  ---------  ---------  --------- ---------                
                 Alphabet   0x000043    program     static C:\Users\Thinkpad\Desktop\Robot\lcdmessage.X\main.asm
     ChangeToQuestionMark   0x000023    program     static C:\Users\Thinkpad\Desktop\Robot\lcdmessage.X\main.asm
            Clear_Display   0x000069    program     static C:\Users\Thinkpad\Desktop\Robot\lcdmessage.X\main.asm
                   ClrLCD   0x00009a    program     static C:\Users\Thinkpad\Desktop\Robot\lcdmessage.X\main.asm
                    HalfS   0x00006c    program     static C:\Users\Thinkpad\Desktop\Robot\lcdmessage.X\main.asm
                  InitLCD   0x00007c    program     static C:\Users\Thinkpad\Desktop\Robot\lcdmessage.X\main.asm
                 LLD_LOOP   0x0000bf    program     static C:\Users\Thinkpad\Desktop\Robot\lcdmessage.X\main.asm
                     Left   0x000032    program     static C:\Users\Thinkpad\Desktop\Robot\lcdmessage.X\main.asm
                     Main   0x00000e    program     static C:\Users\Thinkpad\Desktop\Robot\lcdmessage.X\main.asm
         ShiftDisplayLeft   0x000027    program     static C:\Users\Thinkpad\Desktop\Robot\lcdmessage.X\main.asm
             Switch_Lines   0x000066    program     static C:\Users\Thinkpad\Desktop\Robot\lcdmessage.X\main.asm
               SwtichLine   0x000018    program     static C:\Users\Thinkpad\Desktop\Robot\lcdmessage.X\main.asm
                  WR_DATA   0x0000ac    program     static C:\Users\Thinkpad\Desktop\Robot\lcdmessage.X\main.asm
                   WR_INS   0x00009d    program     static C:\Users\Thinkpad\Desktop\Robot\lcdmessage.X\main.asm
              Welcome_Msg   0x000037    program     static C:\Users\Thinkpad\Desktop\Robot\lcdmessage.X\main.asm
             _.org_0_0036   0x000036    program     static C:\Users\Thinkpad\Desktop\Robot\lcdmessage.X\main.asm
             _.org_0_0073   0x000073    program     static C:\Users\Thinkpad\Desktop\Robot\lcdmessage.X\main.asm
             _.org_0_0075   0x000075    program     static C:\Users\Thinkpad\Desktop\Robot\lcdmessage.X\main.asm
             _.org_0_0078   0x000078    program     static C:\Users\Thinkpad\Desktop\Robot\lcdmessage.X\main.asm
             _.org_0_00C2   0x0000c2    program     static C:\Users\Thinkpad\Desktop\Robot\lcdmessage.X\main.asm
                _0HalfS_0   0x000072    program     static C:\Users\Thinkpad\Desktop\Robot\lcdmessage.X\main.asm
                   _1end_   0x000018    program     static C:\Users\Thinkpad\Desktop\Robot\lcdmessage.X\main.asm
                  _1loop_   0x000010    program     static C:\Users\Thinkpad\Desktop\Robot\lcdmessage.X\main.asm
                   _2end_   0x000023    program     static C:\Users\Thinkpad\Desktop\Robot\lcdmessage.X\main.asm
                  _2loop_   0x00001b    program     static C:\Users\Thinkpad\Desktop\Robot\lcdmessage.X\main.asm
                   _3end_   0x000032    program     static C:\Users\Thinkpad\Desktop\Robot\lcdmessage.X\main.asm
                  _3loop_   0x00002a    program     static C:\Users\Thinkpad\Desktop\Robot\lcdmessage.X\main.asm
                     init   0x000001    program     static C:\Users\Thinkpad\Desktop\Robot\lcdmessage.X\main.asm
             lcdLongDelay   0x0000bd    program     static C:\Users\Thinkpad\Desktop\Robot\lcdmessage.X\main.asm



                              Symbols - Sorted by Address
                     Name    Address   Location    Storage File                     
                ---------  ---------  ---------  --------- ---------                
                     init   0x000001    program     static C:\Users\Thinkpad\Desktop\Robot\lcdmessage.X\main.asm
                     Main   0x00000e    program     static C:\Users\Thinkpad\Desktop\Robot\lcdmessage.X\main.asm
                  _1loop_   0x000010    program     static C:\Users\Thinkpad\Desktop\Robot\lcdmessage.X\main.asm
                   _1end_   0x000018    program     static C:\Users\Thinkpad\Desktop\Robot\lcdmessage.X\main.asm
               SwtichLine   0x000018    program     static C:\Users\Thinkpad\Desktop\Robot\lcdmessage.X\main.asm
                  _2loop_   0x00001b    program     static C:\Users\Thinkpad\Desktop\Robot\lcdmessage.X\main.asm
     ChangeToQuestionMark   0x000023    program     static C:\Users\Thinkpad\Desktop\Robot\lcdmessage.X\main.asm
                   _2end_   0x000023    program     static C:\Users\Thinkpad\Desktop\Robot\lcdmessage.X\main.asm
         ShiftDisplayLeft   0x000027    program     static C:\Users\Thinkpad\Desktop\Robot\lcdmessage.X\main.asm
                  _3loop_   0x00002a    program     static C:\Users\Thinkpad\Desktop\Robot\lcdmessage.X\main.asm
                   _3end_   0x000032    program     static C:\Users\Thinkpad\Desktop\Robot\lcdmessage.X\main.asm
                     Left   0x000032    program     static C:\Users\Thinkpad\Desktop\Robot\lcdmessage.X\main.asm
             _.org_0_0036   0x000036    program     static C:\Users\Thinkpad\Desktop\Robot\lcdmessage.X\main.asm
              Welcome_Msg   0x000037    program     static C:\Users\Thinkpad\Desktop\Robot\lcdmessage.X\main.asm
                 Alphabet   0x000043    program     static C:\Users\Thinkpad\Desktop\Robot\lcdmessage.X\main.asm
             Switch_Lines   0x000066    program     static C:\Users\Thinkpad\Desktop\Robot\lcdmessage.X\main.asm
            Clear_Display   0x000069    program     static C:\Users\Thinkpad\Desktop\Robot\lcdmessage.X\main.asm
                    HalfS   0x00006c    program     static C:\Users\Thinkpad\Desktop\Robot\lcdmessage.X\main.asm
                _0HalfS_0   0x000072    program     static C:\Users\Thinkpad\Desktop\Robot\lcdmessage.X\main.asm
             _.org_0_0073   0x000073    program     static C:\Users\Thinkpad\Desktop\Robot\lcdmessage.X\main.asm
             _.org_0_0075   0x000075    program     static C:\Users\Thinkpad\Desktop\Robot\lcdmessage.X\main.asm
             _.org_0_0078   0x000078    program     static C:\Users\Thinkpad\Desktop\Robot\lcdmessage.X\main.asm
                  InitLCD   0x00007c    program     static C:\Users\Thinkpad\Desktop\Robot\lcdmessage.X\main.asm
                   ClrLCD   0x00009a    program     static C:\Users\Thinkpad\Desktop\Robot\lcdmessage.X\main.asm
                   WR_INS   0x00009d    program     static C:\Users\Thinkpad\Desktop\Robot\lcdmessage.X\main.asm
                  WR_DATA   0x0000ac    program     static C:\Users\Thinkpad\Desktop\Robot\lcdmessage.X\main.asm
             lcdLongDelay   0x0000bd    program     static C:\Users\Thinkpad\Desktop\Robot\lcdmessage.X\main.asm
                 LLD_LOOP   0x0000bf    program     static C:\Users\Thinkpad\Desktop\Robot\lcdmessage.X\main.asm
             _.org_0_00C2   0x0000c2    program     static C:\Users\Thinkpad\Desktop\Robot\lcdmessage.X\main.asm


