MPLINK 5.00, LINKER
Linker Map File - Created Thu Feb 06 01:06:02 2014

                                 Section Info
                  Section       Type    Address   Location Size(Bytes)
                ---------  ---------  ---------  ---------  ---------
                   .org_0       code   0x000000    program   0x00008c
                   .cinit    romdata   0x000046    program   0x000004
.config_2007_BUILD/DEFAULT/PRODUCTION/TALKTOM       code   0x002007    program   0x000002



                              Program Memory Usage 
                               Start         End      
                           ---------   ---------      
                            0x000000    0x000047      
                            0x002007    0x002007      
            73 out of 8454 program addresses used, program memory utilization is 0%



                              Symbols - Sorted by Name
                     Name    Address   Location    Storage File                     
                ---------  ---------  ---------  --------- ---------                
                      TAB   0x00001d    program     static C:\Users\Doge\Documents\GitHub\robot\rs232.X\talktome.asm
             _.org_0_0014   0x000014    program     static C:\Users\Doge\Documents\GitHub\robot\rs232.X\talktome.asm
             _.org_0_0019   0x000019    program     static C:\Users\Doge\Documents\GitHub\robot\rs232.X\talktome.asm
                     init   0x000000    program     static C:\Users\Doge\Documents\GitHub\robot\rs232.X\talktome.asm
                      run   0x000018    program     static C:\Users\Doge\Documents\GitHub\robot\rs232.X\talktome.asm
                    start   0x00000c    program     static C:\Users\Doge\Documents\GitHub\robot\rs232.X\talktome.asm



                              Symbols - Sorted by Address
                     Name    Address   Location    Storage File                     
                ---------  ---------  ---------  --------- ---------                
                     init   0x000000    program     static C:\Users\Doge\Documents\GitHub\robot\rs232.X\talktome.asm
                    start   0x00000c    program     static C:\Users\Doge\Documents\GitHub\robot\rs232.X\talktome.asm
             _.org_0_0014   0x000014    program     static C:\Users\Doge\Documents\GitHub\robot\rs232.X\talktome.asm
                      run   0x000018    program     static C:\Users\Doge\Documents\GitHub\robot\rs232.X\talktome.asm
             _.org_0_0019   0x000019    program     static C:\Users\Doge\Documents\GitHub\robot\rs232.X\talktome.asm
                      TAB   0x00001d    program     static C:\Users\Doge\Documents\GitHub\robot\rs232.X\talktome.asm


