MPLINK 5.00, LINKER
Linker Map File - Created Fri Feb 07 15:04:38 2014

                                 Section Info
                  Section       Type    Address   Location Size(Bytes)
                ---------  ---------  ---------  ---------  ---------
                   .org_0       code   0x000000    program   0x000040
                   .cinit    romdata   0x000020    program   0x000004
.config_2007_BUILD/DEFAULT/PRODUCTION/TALKTOM       code   0x002007    program   0x000002



                              Program Memory Usage 
                               Start         End      
                           ---------   ---------      
                            0x000000    0x000021      
                            0x002007    0x002007      
            35 out of 8454 program addresses used, program memory utilization is 0%



                              Symbols - Sorted by Name
                     Name    Address   Location    Storage File                     
                ---------  ---------  ---------  --------- ---------                
             _.org_0_0019   0x000019    program     static C:\Users\Doge\Documents\GitHub\robot\rs232.X\talktome.asm
             _.org_0_001E   0x00001e    program     static C:\Users\Doge\Documents\GitHub\robot\rs232.X\talktome.asm
                     init   0x000000    program     static C:\Users\Doge\Documents\GitHub\robot\rs232.X\talktome.asm
                writetoPC   0x00001a    program     static C:\Users\Doge\Documents\GitHub\robot\rs232.X\talktome.asm



                              Symbols - Sorted by Address
                     Name    Address   Location    Storage File                     
                ---------  ---------  ---------  --------- ---------                
                     init   0x000000    program     static C:\Users\Doge\Documents\GitHub\robot\rs232.X\talktome.asm
             _.org_0_0019   0x000019    program     static C:\Users\Doge\Documents\GitHub\robot\rs232.X\talktome.asm
                writetoPC   0x00001a    program     static C:\Users\Doge\Documents\GitHub\robot\rs232.X\talktome.asm
             _.org_0_001E   0x00001e    program     static C:\Users\Doge\Documents\GitHub\robot\rs232.X\talktome.asm


