MPLINK 5.01, LINKER
Linker Map File - Created Wed Mar 19 17:39:30 2014

                                 Section Info
                  Section       Type    Address   Location Size(Bytes)
                ---------  ---------  ---------  ---------  ---------
                   .org_0       code   0x000000    program   0x000002
                   .cinit    romdata   0x000001    program   0x000004
                   .org_1       code   0x000004    program   0x000cb4
                    .code       code   0x00065e    program   0x0001fc
.config_2007_BUILD/DEFAULT/PRODUCTION/MAINN.O       code   0x002007    program   0x000002



                              Program Memory Usage 
                               Start         End      
                           ---------   ---------      
                            0x000000    0x000002      
                            0x000004    0x00075b      
                            0x002007    0x002007      
            1884 out of 8454 program addresses used, program memory utilization is 22%



                              Symbols - Sorted by Name
                     Name    Address   Location    Storage File                     
                ---------  ---------  ---------  --------- ---------                
                  BCDadd3   0x0005ac    program     static C:\Users\David\Documents\GitHub\robot\pleasework.X\mainn.asm
            Clear_Display   0x000617    program     static C:\Users\David\Documents\GitHub\robot\pleasework.X\mainn.asm
                  Delay_0   0x0005eb    program     static C:\Users\David\Documents\GitHub\robot\pleasework.X\mainn.asm
                  End_Msg   0x000020    program     static C:\Users\David\Documents\GitHub\robot\pleasework.X\mainn.asm
                       FF   0x00008f    program     static C:\Users\David\Documents\GitHub\robot\pleasework.X\mainn.asm
               Flick_fail   0x000068    program     static C:\Users\David\Documents\GitHub\robot\pleasework.X\mainn.asm
                    HalfS   0x0005d8    program     static C:\Users\David\Documents\GitHub\robot\pleasework.X\mainn.asm
                  HalfS_0   0x0005de    program     static C:\Users\David\Documents\GitHub\robot\pleasework.X\mainn.asm
                  InitLCD   0x0005f9    program     static C:\Users\David\Documents\GitHub\robot\pleasework.X\mainn.asm
                InitUSART   0x00063d    program     static C:\Users\David\Documents\GitHub\robot\pleasework.X\mainn.asm
                 LED_fail   0x00005c    program     static C:\Users\David\Documents\GitHub\robot\pleasework.X\mainn.asm
                       LF   0x000089    program     static C:\Users\David\Documents\GitHub\robot\pleasework.X\mainn.asm
                Logs_Msg1   0x00009d    program     static C:\Users\David\Documents\GitHub\robot\pleasework.X\mainn.asm
                Logs_Msg2   0x0000ae    program     static C:\Users\David\Documents\GitHub\robot\pleasework.X\mainn.asm
                Logs_Msg3   0x0000bf    program     static C:\Users\David\Documents\GitHub\robot\pleasework.X\mainn.asm
                Logs_Msg4   0x0000c8    program     static C:\Users\David\Documents\GitHub\robot\pleasework.X\mainn.asm
                     None   0x000095    program     static C:\Users\David\Documents\GitHub\robot\pleasework.X\mainn.asm
              Not_present   0x000045    program     static C:\Users\David\Documents\GitHub\robot\pleasework.X\mainn.asm
                    Op_at   0x0000d8    program     static C:\Users\David\Documents\GitHub\robot\pleasework.X\mainn.asm
                     Pass   0x000054    program     static C:\Users\David\Documents\GitHub\robot\pleasework.X\mainn.asm
                   RD_END   0x0006f4    program     static C:\Users\David\Documents\GitHub\robot\pleasework.X\i2c_common.asm
                   RD_ERR   0x0006f3    program     static C:\Users\David\Documents\GitHub\robot\pleasework.X\i2c_common.asm
              ROTATEMOTOR   0x000322    program     static C:\Users\David\Documents\GitHub\robot\pleasework.X\mainn.asm
                    R_END   0x000756    program     static C:\Users\David\Documents\GitHub\robot\pleasework.X\i2c_common.asm
                  Seconds   0x00003b    program     static C:\Users\David\Documents\GitHub\robot\pleasework.X\mainn.asm
              Standby_Msg   0x000005    program     static C:\Users\David\Documents\GitHub\robot\pleasework.X\mainn.asm
                Start_Msg   0x00000e    program     static C:\Users\David\Documents\GitHub\robot\pleasework.X\mainn.asm
             Switch_Lines   0x00061a    program     static C:\Users\David\Documents\GitHub\robot\pleasework.X\mainn.asm
                 Time_Msg   0x00002a    program     static C:\Users\David\Documents\GitHub\robot\pleasework.X\mainn.asm
                Total_Msg   0x000078    program     static C:\Users\David\Documents\GitHub\robot\pleasework.X\mainn.asm
                  WR_DATA   0x00062c    program     static C:\Users\David\Documents\GitHub\robot\pleasework.X\mainn.asm
                   WR_END   0x0006a5    program     static C:\Users\David\Documents\GitHub\robot\pleasework.X\i2c_common.asm
                   WR_ERR   0x0006a4    program     static C:\Users\David\Documents\GitHub\robot\pleasework.X\i2c_common.asm
                   WR_INS   0x00061d    program     static C:\Users\David\Documents\GitHub\robot\pleasework.X\mainn.asm
                    W_END   0x00072c    program     static C:\Users\David\Documents\GitHub\robot\pleasework.X\i2c_common.asm
              _.code_0010   0x00066e    program     static C:\Users\David\Documents\GitHub\robot\pleasework.X\i2c_common.asm
              _.code_0016   0x000674    program     static C:\Users\David\Documents\GitHub\robot\pleasework.X\i2c_common.asm
              _.code_001E   0x00067c    program     static C:\Users\David\Documents\GitHub\robot\pleasework.X\i2c_common.asm
              _.code_002E   0x00068c    program     static C:\Users\David\Documents\GitHub\robot\pleasework.X\i2c_common.asm
              _.code_003E   0x00069c    program     static C:\Users\David\Documents\GitHub\robot\pleasework.X\i2c_common.asm
              _.code_004B   0x0006a9    program     static C:\Users\David\Documents\GitHub\robot\pleasework.X\i2c_common.asm
              _.code_0051   0x0006af    program     static C:\Users\David\Documents\GitHub\robot\pleasework.X\i2c_common.asm
              _.code_0059   0x0006b7    program     static C:\Users\David\Documents\GitHub\robot\pleasework.X\i2c_common.asm
              _.code_0069   0x0006c7    program     static C:\Users\David\Documents\GitHub\robot\pleasework.X\i2c_common.asm
              _.code_0074   0x0006d2    program     static C:\Users\David\Documents\GitHub\robot\pleasework.X\i2c_common.asm
              _.code_007C   0x0006da    program     static C:\Users\David\Documents\GitHub\robot\pleasework.X\i2c_common.asm
              _.code_0087   0x0006e5    program     static C:\Users\David\Documents\GitHub\robot\pleasework.X\i2c_common.asm
              _.code_0093   0x0006f1    program     static C:\Users\David\Documents\GitHub\robot\pleasework.X\i2c_common.asm
              _.code_009A   0x0006f8    program     static C:\Users\David\Documents\GitHub\robot\pleasework.X\i2c_common.asm
              _.code_00AE   0x00070c    program     static C:\Users\David\Documents\GitHub\robot\pleasework.X\i2c_common.asm
              _.code_00B6   0x000714    program     static C:\Users\David\Documents\GitHub\robot\pleasework.X\i2c_common.asm
              _.code_00C6   0x000724    program     static C:\Users\David\Documents\GitHub\robot\pleasework.X\i2c_common.asm
              _.code_00D2   0x000730    program     static C:\Users\David\Documents\GitHub\robot\pleasework.X\i2c_common.asm
              _.code_00D8   0x000736    program     static C:\Users\David\Documents\GitHub\robot\pleasework.X\i2c_common.asm
              _.code_00E0   0x00073e    program     static C:\Users\David\Documents\GitHub\robot\pleasework.X\i2c_common.asm
              _.code_00EB   0x000749    program     static C:\Users\David\Documents\GitHub\robot\pleasework.X\i2c_common.asm
              _.code_00F7   0x000755    program     static C:\Users\David\Documents\GitHub\robot\pleasework.X\i2c_common.asm
              _.code_00FC   0x00075a    program     static C:\Users\David\Documents\GitHub\robot\pleasework.X\i2c_common.asm
             _.org_1_0172   0x000172    program     static C:\Users\David\Documents\GitHub\robot\pleasework.X\mainn.asm
             _.org_1_01C4   0x0001c4    program     static C:\Users\David\Documents\GitHub\robot\pleasework.X\mainn.asm
             _.org_1_01EB   0x0001eb    program     static C:\Users\David\Documents\GitHub\robot\pleasework.X\mainn.asm
             _.org_1_020B   0x00020b    program     static C:\Users\David\Documents\GitHub\robot\pleasework.X\mainn.asm
             _.org_1_0210   0x000210    program     static C:\Users\David\Documents\GitHub\robot\pleasework.X\mainn.asm
             _.org_1_0229   0x000229    program     static C:\Users\David\Documents\GitHub\robot\pleasework.X\mainn.asm
             _.org_1_028F   0x00028f    program     static C:\Users\David\Documents\GitHub\robot\pleasework.X\mainn.asm
             _.org_1_02FF   0x0002ff    program     static C:\Users\David\Documents\GitHub\robot\pleasework.X\mainn.asm
             _.org_1_0320   0x000320    program     static C:\Users\David\Documents\GitHub\robot\pleasework.X\mainn.asm
             _.org_1_05DF   0x0005df    program     static C:\Users\David\Documents\GitHub\robot\pleasework.X\mainn.asm
             _.org_1_05E1   0x0005e1    program     static C:\Users\David\Documents\GitHub\robot\pleasework.X\mainn.asm
             _.org_1_05E4   0x0005e4    program     static C:\Users\David\Documents\GitHub\robot\pleasework.X\mainn.asm
             _.org_1_05EC   0x0005ec    program     static C:\Users\David\Documents\GitHub\robot\pleasework.X\mainn.asm
             _.org_1_05F5   0x0005f5    program     static C:\Users\David\Documents\GitHub\robot\pleasework.X\mainn.asm
             _.org_1_064B   0x00064b    program     static C:\Users\David\Documents\GitHub\robot\pleasework.X\mainn.asm
             _100end_disp   0x00045a    program     static C:\Users\David\Documents\GitHub\robot\pleasework.X\mainn.asm
            _100loop_disp   0x000452    program     static C:\Users\David\Documents\GitHub\robot\pleasework.X\mainn.asm
             _101end_disp   0x000467    program     static C:\Users\David\Documents\GitHub\robot\pleasework.X\mainn.asm
            _101loop_disp   0x00045f    program     static C:\Users\David\Documents\GitHub\robot\pleasework.X\mainn.asm
             _106end_disp   0x00048d    program     static C:\Users\David\Documents\GitHub\robot\pleasework.X\mainn.asm
            _106loop_disp   0x000485    program     static C:\Users\David\Documents\GitHub\robot\pleasework.X\mainn.asm
             _110end_disp   0x0004a9    program     static C:\Users\David\Documents\GitHub\robot\pleasework.X\mainn.asm
            _110loop_disp   0x0004a1    program     static C:\Users\David\Documents\GitHub\robot\pleasework.X\mainn.asm
              _20end_disp   0x000184    program     static C:\Users\David\Documents\GitHub\robot\pleasework.X\mainn.asm
             _20loop_disp   0x00017c    program     static C:\Users\David\Documents\GitHub\robot\pleasework.X\mainn.asm
              _27end_disp   0x0001bb    program     static C:\Users\David\Documents\GitHub\robot\pleasework.X\mainn.asm
             _27loop_disp   0x0001b3    program     static C:\Users\David\Documents\GitHub\robot\pleasework.X\mainn.asm
              _32end_disp   0x00021d    program     static C:\Users\David\Documents\GitHub\robot\pleasework.X\mainn.asm
             _32loop_disp   0x000215    program     static C:\Users\David\Documents\GitHub\robot\pleasework.X\mainn.asm
              _33end_disp   0x000228    program     static C:\Users\David\Documents\GitHub\robot\pleasework.X\mainn.asm
             _33loop_disp   0x000220    program     static C:\Users\David\Documents\GitHub\robot\pleasework.X\mainn.asm
              _43end_disp   0x00028c    program     static C:\Users\David\Documents\GitHub\robot\pleasework.X\mainn.asm
             _43loop_disp   0x000284    program     static C:\Users\David\Documents\GitHub\robot\pleasework.X\mainn.asm
              _46end_disp   0x0002b3    program     static C:\Users\David\Documents\GitHub\robot\pleasework.X\mainn.asm
             _46loop_disp   0x0002ab    program     static C:\Users\David\Documents\GitHub\robot\pleasework.X\mainn.asm
              _47end_disp   0x0002bf    program     static C:\Users\David\Documents\GitHub\robot\pleasework.X\mainn.asm
             _47loop_disp   0x0002b7    program     static C:\Users\David\Documents\GitHub\robot\pleasework.X\mainn.asm
              _64end_disp   0x0002f3    program     static C:\Users\David\Documents\GitHub\robot\pleasework.X\mainn.asm
             _64loop_disp   0x0002eb    program     static C:\Users\David\Documents\GitHub\robot\pleasework.X\mainn.asm
              _65end_disp   0x0002fe    program     static C:\Users\David\Documents\GitHub\robot\pleasework.X\mainn.asm
             _65loop_disp   0x0002f6    program     static C:\Users\David\Documents\GitHub\robot\pleasework.X\mainn.asm
              _66end_disp   0x00031d    program     static C:\Users\David\Documents\GitHub\robot\pleasework.X\mainn.asm
             _66loop_disp   0x000315    program     static C:\Users\David\Documents\GitHub\robot\pleasework.X\mainn.asm
               _7end_disp   0x00010b    program     static C:\Users\David\Documents\GitHub\robot\pleasework.X\mainn.asm
              _7loop_disp   0x000103    program     static C:\Users\David\Documents\GitHub\robot\pleasework.X\mainn.asm
              _85end_disp   0x0003c1    program     static C:\Users\David\Documents\GitHub\robot\pleasework.X\mainn.asm
             _85loop_disp   0x0003b9    program     static C:\Users\David\Documents\GitHub\robot\pleasework.X\mainn.asm
              _86end_disp   0x0003d7    program     static C:\Users\David\Documents\GitHub\robot\pleasework.X\mainn.asm
             _86loop_disp   0x0003cf    program     static C:\Users\David\Documents\GitHub\robot\pleasework.X\mainn.asm
              _87end_disp   0x0003e6    program     static C:\Users\David\Documents\GitHub\robot\pleasework.X\mainn.asm
             _87loop_disp   0x0003de    program     static C:\Users\David\Documents\GitHub\robot\pleasework.X\mainn.asm
              _88end_disp   0x0003f5    program     static C:\Users\David\Documents\GitHub\robot\pleasework.X\mainn.asm
             _88loop_disp   0x0003ed    program     static C:\Users\David\Documents\GitHub\robot\pleasework.X\mainn.asm
              _89end_disp   0x000404    program     static C:\Users\David\Documents\GitHub\robot\pleasework.X\mainn.asm
             _89loop_disp   0x0003fc    program     static C:\Users\David\Documents\GitHub\robot\pleasework.X\mainn.asm
              _90end_disp   0x000411    program     static C:\Users\David\Documents\GitHub\robot\pleasework.X\mainn.asm
             _90loop_disp   0x000409    program     static C:\Users\David\Documents\GitHub\robot\pleasework.X\mainn.asm
              _92end_disp   0x00041f    program     static C:\Users\David\Documents\GitHub\robot\pleasework.X\mainn.asm
             _92loop_disp   0x000417    program     static C:\Users\David\Documents\GitHub\robot\pleasework.X\mainn.asm
              _96end_disp   0x000430    program     static C:\Users\David\Documents\GitHub\robot\pleasework.X\mainn.asm
             _96loop_disp   0x000428    program     static C:\Users\David\Documents\GitHub\robot\pleasework.X\mainn.asm
              _98end_disp   0x00043f    program     static C:\Users\David\Documents\GitHub\robot\pleasework.X\mainn.asm
             _98loop_disp   0x000437    program     static C:\Users\David\Documents\GitHub\robot\pleasework.X\mainn.asm
              _99end_disp   0x00044c    program     static C:\Users\David\Documents\GitHub\robot\pleasework.X\mainn.asm
             _99loop_disp   0x000444    program     static C:\Users\David\Documents\GitHub\robot\pleasework.X\mainn.asm
                aboveboth   0x0001ab    program     static C:\Users\David\Documents\GitHub\robot\pleasework.X\mainn.asm
                 add3huns   0x0005c9    program     static C:\Users\David\Documents\GitHub\robot\pleasework.X\mainn.asm
                 add3ones   0x0005cf    program     static C:\Users\David\Documents\GitHub\robot\pleasework.X\mainn.asm
                 add3tens   0x0005cc    program     static C:\Users\David\Documents\GitHub\robot\pleasework.X\mainn.asm
                   badkey   0x00028e    program     static C:\Users\David\Documents\GitHub\robot\pleasework.X\mainn.asm
              badkeyagain   0x00031f    program     static C:\Users\David\Documents\GitHub\robot\pleasework.X\mainn.asm
               big_number   0x0005a5    program     static C:\Users\David\Documents\GitHub\robot\pleasework.X\mainn.asm
                carryones   0x0005d2    program     static C:\Users\David\Documents\GitHub\robot\pleasework.X\mainn.asm
                carrytens   0x0005d5    program     static C:\Users\David\Documents\GitHub\robot\pleasework.X\mainn.asm
                  check_1   0x000341    program     static C:\Users\David\Documents\GitHub\robot\pleasework.X\mainn.asm
                  check_2   0x00034a    program     static C:\Users\David\Documents\GitHub\robot\pleasework.X\mainn.asm
                  check_3   0x000354    program     static C:\Users\David\Documents\GitHub\robot\pleasework.X\mainn.asm
                  check_4   0x00035e    program     static C:\Users\David\Documents\GitHub\robot\pleasework.X\mainn.asm
                  check_5   0x000368    program     static C:\Users\David\Documents\GitHub\robot\pleasework.X\mainn.asm
                  check_6   0x000372    program     static C:\Users\David\Documents\GitHub\robot\pleasework.X\mainn.asm
                  check_7   0x00037c    program     static C:\Users\David\Documents\GitHub\robot\pleasework.X\mainn.asm
                  check_8   0x000386    program     static C:\Users\David\Documents\GitHub\robot\pleasework.X\mainn.asm
                  check_9   0x000390    program     static C:\Users\David\Documents\GitHub\robot\pleasework.X\mainn.asm
                 check_FF   0x000468    program     static C:\Users\David\Documents\GitHub\robot\pleasework.X\mainn.asm
                check_LED   0x0003e7    program     static C:\Users\David\Documents\GitHub\robot\pleasework.X\mainn.asm
                 check_LF   0x00044d    program     static C:\Users\David\Documents\GitHub\robot\pleasework.X\mainn.asm
          check_defective   0x0003a0    program     static C:\Users\David\Documents\GitHub\robot\pleasework.X\mainn.asm
               check_done   0x00027d    program     static C:\Users\David\Documents\GitHub\robot\pleasework.X\mainn.asm
             check_export   0x0003ac    program     static C:\Users\David\Documents\GitHub\robot\pleasework.X\mainn.asm
              check_flick   0x0003f6    program     static C:\Users\David\Documents\GitHub\robot\pleasework.X\mainn.asm
           check_for_fail   0x00046b    program     static C:\Users\David\Documents\GitHub\robot\pleasework.X\mainn.asm
          check_immapeace   0x00030e    program     static C:\Users\David\Documents\GitHub\robot\pleasework.X\mainn.asm
               check_log1   0x00022d    program     static C:\Users\David\Documents\GitHub\robot\pleasework.X\mainn.asm
               check_log2   0x000235    program     static C:\Users\David\Documents\GitHub\robot\pleasework.X\mainn.asm
               check_log3   0x00023e    program     static C:\Users\David\Documents\GitHub\robot\pleasework.X\mainn.asm
               check_log4   0x000247    program     static C:\Users\David\Documents\GitHub\robot\pleasework.X\mainn.asm
               check_log5   0x000250    program     static C:\Users\David\Documents\GitHub\robot\pleasework.X\mainn.asm
               check_log6   0x000259    program     static C:\Users\David\Documents\GitHub\robot\pleasework.X\mainn.asm
               check_log7   0x000262    program     static C:\Users\David\Documents\GitHub\robot\pleasework.X\mainn.asm
               check_log8   0x00026b    program     static C:\Users\David\Documents\GitHub\robot\pleasework.X\mainn.asm
               check_log9   0x000274    program     static C:\Users\David\Documents\GitHub\robot\pleasework.X\mainn.asm
               check_next   0x000471    program     static C:\Users\David\Documents\GitHub\robot\pleasework.X\mainn.asm
               check_none   0x0003ca    program     static C:\Users\David\Documents\GitHub\robot\pleasework.X\mainn.asm
              check_nothx   0x000309    program     static C:\Users\David\Documents\GitHub\robot\pleasework.X\mainn.asm
               check_pass   0x0003d8    program     static C:\Users\David\Documents\GitHub\robot\pleasework.X\mainn.asm
            check_standby   0x0003b2    program     static C:\Users\David\Documents\GitHub\robot\pleasework.X\mainn.asm
              check_start   0x0003c3    program     static C:\Users\David\Documents\GitHub\robot\pleasework.X\mainn.asm
            check_summary   0x00039a    program     static C:\Users\David\Documents\GitHub\robot\pleasework.X\mainn.asm
         check_threshold1   0x00019c    program     static C:\Users\David\Documents\GitHub\robot\pleasework.X\mainn.asm
         check_threshold2   0x0001a4    program     static C:\Users\David\Documents\GitHub\robot\pleasework.X\mainn.asm
               check_time   0x0003a6    program     static C:\Users\David\Documents\GitHub\robot\pleasework.X\mainn.asm
              check_wanna   0x000303    program     static C:\Users\David\Documents\GitHub\robot\pleasework.X\mainn.asm
              default_key   0x0003c8    program     static C:\Users\David\Documents\GitHub\robot\pleasework.X\mainn.asm
            default_state   0x000405    program     static C:\Users\David\Documents\GitHub\robot\pleasework.X\mainn.asm
                defective   0x000434    program     static C:\Users\David\Documents\GitHub\robot\pleasework.X\mainn.asm
                 delay5ms   0x0005e7    program     static C:\Users\David\Documents\GitHub\robot\pleasework.X\mainn.asm
            detect_candle   0x00018f    program     static C:\Users\David\Documents\GitHub\robot\pleasework.X\mainn.asm
              display_log   0x000291    program     static C:\Users\David\Documents\GitHub\robot\pleasework.X\mainn.asm
            display_state   0x0003c9    program     static C:\Users\David\Documents\GitHub\robot\pleasework.X\mainn.asm
           end_check_fail   0x000481    program     static C:\Users\David\Documents\GitHub\robot\pleasework.X\mainn.asm
                  end_isr   0x000656    program     static C:\Users\David\Documents\GitHub\robot\pleasework.X\mainn.asm
            end_operation   0x0001af    program     static C:\Users\David\Documents\GitHub\robot\pleasework.X\mainn.asm
                   export   0x0004aa    program     static C:\Users\David\Documents\GitHub\robot\pleasework.X\mainn.asm
         i2c_common_setup   0x00065e    program     extern C:\Users\David\Documents\GitHub\robot\pleasework.X\i2c_common.asm
              information   0x000340    program     static C:\Users\David\Documents\GitHub\robot\pleasework.X\mainn.asm
                     init   0x0000e7    program     static C:\Users\David\Documents\GitHub\robot\pleasework.X\mainn.asm
                      isr   0x00064d    program     static C:\Users\David\Documents\GitHub\robot\pleasework.X\mainn.asm
                     logs   0x000212    program     static C:\Users\David\Documents\GitHub\robot\pleasework.X\mainn.asm
                motor_del   0x0005f0    program     static C:\Users\David\Documents\GitHub\robot\pleasework.X\mainn.asm
              motor_del_0   0x0005f4    program     static C:\Users\David\Documents\GitHub\robot\pleasework.X\mainn.asm
                  no_huns   0x000496    program     static C:\Users\David\Documents\GitHub\robot\pleasework.X\mainn.asm
                   no_log   0x0002a9    program     static C:\Users\David\Documents\GitHub\robot\pleasework.X\mainn.asm
                  no_tens   0x00049c    program     static C:\Users\David\Documents\GitHub\robot\pleasework.X\mainn.asm
                   nohuns   0x000514    program     static C:\Users\David\Documents\GitHub\robot\pleasework.X\mainn.asm
                   notens   0x00051e    program     static C:\Users\David\Documents\GitHub\robot\pleasework.X\mainn.asm
                   now_FF   0x00044f    program     static C:\Users\David\Documents\GitHub\robot\pleasework.X\mainn.asm
                 p2p_read   0x000732    program     extern C:\Users\David\Documents\GitHub\robot\pleasework.X\i2c_common.asm
                p2p_write   0x000708    program     extern C:\Users\David\Documents\GitHub\robot\pleasework.X\i2c_common.asm
                     poll   0x00020a    program     static C:\Users\David\Documents\GitHub\robot\pleasework.X\mainn.asm
                  polling   0x000228    program     static C:\Users\David\Documents\GitHub\robot\pleasework.X\mainn.asm
              read_EEPROM   0x000294    program     static C:\Users\David\Documents\GitHub\robot\pleasework.X\mainn.asm
                 read_rtc   0x0006ab    program     extern C:\Users\David\Documents\GitHub\robot\pleasework.X\i2c_common.asm
                   rotate   0x000188    program     static C:\Users\David\Documents\GitHub\robot\pleasework.X\mainn.asm
              rtc_convert   0x0006fa    program     extern C:\Users\David\Documents\GitHub\robot\pleasework.X\i2c_common.asm
                shiftlogs   0x0001bb    program     static C:\Users\David\Documents\GitHub\robot\pleasework.X\mainn.asm
              shiftlogs_0   0x0001bf    program     static C:\Users\David\Documents\GitHub\robot\pleasework.X\mainn.asm
                    start   0x000174    program     static C:\Users\David\Documents\GitHub\robot\pleasework.X\mainn.asm
                start_rot   0x000324    program     static C:\Users\David\Documents\GitHub\robot\pleasework.X\mainn.asm
                  summary   0x000406    program     static C:\Users\David\Documents\GitHub\robot\pleasework.X\mainn.asm
              test_candle   0x000194    program     static C:\Users\David\Documents\GitHub\robot\pleasework.X\mainn.asm
                     time   0x000482    program     static C:\Users\David\Documents\GitHub\robot\pleasework.X\mainn.asm
                  waiting   0x00010c    program     static C:\Users\David\Documents\GitHub\robot\pleasework.X\mainn.asm
             wanna_export   0x0002fe    program     static C:\Users\David\Documents\GitHub\robot\pleasework.X\mainn.asm
               write_log1   0x0001e1    program     static C:\Users\David\Documents\GitHub\robot\pleasework.X\mainn.asm
             write_log1_0   0x0001e8    program     static C:\Users\David\Documents\GitHub\robot\pleasework.X\mainn.asm
                write_rtc   0x000670    program     extern C:\Users\David\Documents\GitHub\robot\pleasework.X\i2c_common.asm
                writetoPC   0x000647    program     static C:\Users\David\Documents\GitHub\robot\pleasework.X\mainn.asm
                  yes_log   0x0002b5    program     static C:\Users\David\Documents\GitHub\robot\pleasework.X\mainn.asm



                              Symbols - Sorted by Address
                     Name    Address   Location    Storage File                     
                ---------  ---------  ---------  --------- ---------                
              Standby_Msg   0x000005    program     static C:\Users\David\Documents\GitHub\robot\pleasework.X\mainn.asm
                Start_Msg   0x00000e    program     static C:\Users\David\Documents\GitHub\robot\pleasework.X\mainn.asm
                  End_Msg   0x000020    program     static C:\Users\David\Documents\GitHub\robot\pleasework.X\mainn.asm
                 Time_Msg   0x00002a    program     static C:\Users\David\Documents\GitHub\robot\pleasework.X\mainn.asm
                  Seconds   0x00003b    program     static C:\Users\David\Documents\GitHub\robot\pleasework.X\mainn.asm
              Not_present   0x000045    program     static C:\Users\David\Documents\GitHub\robot\pleasework.X\mainn.asm
                     Pass   0x000054    program     static C:\Users\David\Documents\GitHub\robot\pleasework.X\mainn.asm
                 LED_fail   0x00005c    program     static C:\Users\David\Documents\GitHub\robot\pleasework.X\mainn.asm
               Flick_fail   0x000068    program     static C:\Users\David\Documents\GitHub\robot\pleasework.X\mainn.asm
                Total_Msg   0x000078    program     static C:\Users\David\Documents\GitHub\robot\pleasework.X\mainn.asm
                       LF   0x000089    program     static C:\Users\David\Documents\GitHub\robot\pleasework.X\mainn.asm
                       FF   0x00008f    program     static C:\Users\David\Documents\GitHub\robot\pleasework.X\mainn.asm
                     None   0x000095    program     static C:\Users\David\Documents\GitHub\robot\pleasework.X\mainn.asm
                Logs_Msg1   0x00009d    program     static C:\Users\David\Documents\GitHub\robot\pleasework.X\mainn.asm
                Logs_Msg2   0x0000ae    program     static C:\Users\David\Documents\GitHub\robot\pleasework.X\mainn.asm
                Logs_Msg3   0x0000bf    program     static C:\Users\David\Documents\GitHub\robot\pleasework.X\mainn.asm
                Logs_Msg4   0x0000c8    program     static C:\Users\David\Documents\GitHub\robot\pleasework.X\mainn.asm
                    Op_at   0x0000d8    program     static C:\Users\David\Documents\GitHub\robot\pleasework.X\mainn.asm
                     init   0x0000e7    program     static C:\Users\David\Documents\GitHub\robot\pleasework.X\mainn.asm
              _7loop_disp   0x000103    program     static C:\Users\David\Documents\GitHub\robot\pleasework.X\mainn.asm
               _7end_disp   0x00010b    program     static C:\Users\David\Documents\GitHub\robot\pleasework.X\mainn.asm
                  waiting   0x00010c    program     static C:\Users\David\Documents\GitHub\robot\pleasework.X\mainn.asm
             _.org_1_0172   0x000172    program     static C:\Users\David\Documents\GitHub\robot\pleasework.X\mainn.asm
                    start   0x000174    program     static C:\Users\David\Documents\GitHub\robot\pleasework.X\mainn.asm
             _20loop_disp   0x00017c    program     static C:\Users\David\Documents\GitHub\robot\pleasework.X\mainn.asm
              _20end_disp   0x000184    program     static C:\Users\David\Documents\GitHub\robot\pleasework.X\mainn.asm
                   rotate   0x000188    program     static C:\Users\David\Documents\GitHub\robot\pleasework.X\mainn.asm
            detect_candle   0x00018f    program     static C:\Users\David\Documents\GitHub\robot\pleasework.X\mainn.asm
              test_candle   0x000194    program     static C:\Users\David\Documents\GitHub\robot\pleasework.X\mainn.asm
         check_threshold1   0x00019c    program     static C:\Users\David\Documents\GitHub\robot\pleasework.X\mainn.asm
         check_threshold2   0x0001a4    program     static C:\Users\David\Documents\GitHub\robot\pleasework.X\mainn.asm
                aboveboth   0x0001ab    program     static C:\Users\David\Documents\GitHub\robot\pleasework.X\mainn.asm
            end_operation   0x0001af    program     static C:\Users\David\Documents\GitHub\robot\pleasework.X\mainn.asm
             _27loop_disp   0x0001b3    program     static C:\Users\David\Documents\GitHub\robot\pleasework.X\mainn.asm
              _27end_disp   0x0001bb    program     static C:\Users\David\Documents\GitHub\robot\pleasework.X\mainn.asm
                shiftlogs   0x0001bb    program     static C:\Users\David\Documents\GitHub\robot\pleasework.X\mainn.asm
              shiftlogs_0   0x0001bf    program     static C:\Users\David\Documents\GitHub\robot\pleasework.X\mainn.asm
             _.org_1_01C4   0x0001c4    program     static C:\Users\David\Documents\GitHub\robot\pleasework.X\mainn.asm
               write_log1   0x0001e1    program     static C:\Users\David\Documents\GitHub\robot\pleasework.X\mainn.asm
             write_log1_0   0x0001e8    program     static C:\Users\David\Documents\GitHub\robot\pleasework.X\mainn.asm
             _.org_1_01EB   0x0001eb    program     static C:\Users\David\Documents\GitHub\robot\pleasework.X\mainn.asm
                     poll   0x00020a    program     static C:\Users\David\Documents\GitHub\robot\pleasework.X\mainn.asm
             _.org_1_020B   0x00020b    program     static C:\Users\David\Documents\GitHub\robot\pleasework.X\mainn.asm
             _.org_1_0210   0x000210    program     static C:\Users\David\Documents\GitHub\robot\pleasework.X\mainn.asm
                     logs   0x000212    program     static C:\Users\David\Documents\GitHub\robot\pleasework.X\mainn.asm
             _32loop_disp   0x000215    program     static C:\Users\David\Documents\GitHub\robot\pleasework.X\mainn.asm
              _32end_disp   0x00021d    program     static C:\Users\David\Documents\GitHub\robot\pleasework.X\mainn.asm
             _33loop_disp   0x000220    program     static C:\Users\David\Documents\GitHub\robot\pleasework.X\mainn.asm
              _33end_disp   0x000228    program     static C:\Users\David\Documents\GitHub\robot\pleasework.X\mainn.asm
                  polling   0x000228    program     static C:\Users\David\Documents\GitHub\robot\pleasework.X\mainn.asm
             _.org_1_0229   0x000229    program     static C:\Users\David\Documents\GitHub\robot\pleasework.X\mainn.asm
               check_log1   0x00022d    program     static C:\Users\David\Documents\GitHub\robot\pleasework.X\mainn.asm
               check_log2   0x000235    program     static C:\Users\David\Documents\GitHub\robot\pleasework.X\mainn.asm
               check_log3   0x00023e    program     static C:\Users\David\Documents\GitHub\robot\pleasework.X\mainn.asm
               check_log4   0x000247    program     static C:\Users\David\Documents\GitHub\robot\pleasework.X\mainn.asm
               check_log5   0x000250    program     static C:\Users\David\Documents\GitHub\robot\pleasework.X\mainn.asm
               check_log6   0x000259    program     static C:\Users\David\Documents\GitHub\robot\pleasework.X\mainn.asm
               check_log7   0x000262    program     static C:\Users\David\Documents\GitHub\robot\pleasework.X\mainn.asm
               check_log8   0x00026b    program     static C:\Users\David\Documents\GitHub\robot\pleasework.X\mainn.asm
               check_log9   0x000274    program     static C:\Users\David\Documents\GitHub\robot\pleasework.X\mainn.asm
               check_done   0x00027d    program     static C:\Users\David\Documents\GitHub\robot\pleasework.X\mainn.asm
             _43loop_disp   0x000284    program     static C:\Users\David\Documents\GitHub\robot\pleasework.X\mainn.asm
              _43end_disp   0x00028c    program     static C:\Users\David\Documents\GitHub\robot\pleasework.X\mainn.asm
                   badkey   0x00028e    program     static C:\Users\David\Documents\GitHub\robot\pleasework.X\mainn.asm
             _.org_1_028F   0x00028f    program     static C:\Users\David\Documents\GitHub\robot\pleasework.X\mainn.asm
              display_log   0x000291    program     static C:\Users\David\Documents\GitHub\robot\pleasework.X\mainn.asm
              read_EEPROM   0x000294    program     static C:\Users\David\Documents\GitHub\robot\pleasework.X\mainn.asm
                   no_log   0x0002a9    program     static C:\Users\David\Documents\GitHub\robot\pleasework.X\mainn.asm
             _46loop_disp   0x0002ab    program     static C:\Users\David\Documents\GitHub\robot\pleasework.X\mainn.asm
              _46end_disp   0x0002b3    program     static C:\Users\David\Documents\GitHub\robot\pleasework.X\mainn.asm
                  yes_log   0x0002b5    program     static C:\Users\David\Documents\GitHub\robot\pleasework.X\mainn.asm
             _47loop_disp   0x0002b7    program     static C:\Users\David\Documents\GitHub\robot\pleasework.X\mainn.asm
              _47end_disp   0x0002bf    program     static C:\Users\David\Documents\GitHub\robot\pleasework.X\mainn.asm
             _64loop_disp   0x0002eb    program     static C:\Users\David\Documents\GitHub\robot\pleasework.X\mainn.asm
              _64end_disp   0x0002f3    program     static C:\Users\David\Documents\GitHub\robot\pleasework.X\mainn.asm
             _65loop_disp   0x0002f6    program     static C:\Users\David\Documents\GitHub\robot\pleasework.X\mainn.asm
              _65end_disp   0x0002fe    program     static C:\Users\David\Documents\GitHub\robot\pleasework.X\mainn.asm
             wanna_export   0x0002fe    program     static C:\Users\David\Documents\GitHub\robot\pleasework.X\mainn.asm
             _.org_1_02FF   0x0002ff    program     static C:\Users\David\Documents\GitHub\robot\pleasework.X\mainn.asm
              check_wanna   0x000303    program     static C:\Users\David\Documents\GitHub\robot\pleasework.X\mainn.asm
              check_nothx   0x000309    program     static C:\Users\David\Documents\GitHub\robot\pleasework.X\mainn.asm
          check_immapeace   0x00030e    program     static C:\Users\David\Documents\GitHub\robot\pleasework.X\mainn.asm
             _66loop_disp   0x000315    program     static C:\Users\David\Documents\GitHub\robot\pleasework.X\mainn.asm
              _66end_disp   0x00031d    program     static C:\Users\David\Documents\GitHub\robot\pleasework.X\mainn.asm
              badkeyagain   0x00031f    program     static C:\Users\David\Documents\GitHub\robot\pleasework.X\mainn.asm
             _.org_1_0320   0x000320    program     static C:\Users\David\Documents\GitHub\robot\pleasework.X\mainn.asm
              ROTATEMOTOR   0x000322    program     static C:\Users\David\Documents\GitHub\robot\pleasework.X\mainn.asm
                start_rot   0x000324    program     static C:\Users\David\Documents\GitHub\robot\pleasework.X\mainn.asm
              information   0x000340    program     static C:\Users\David\Documents\GitHub\robot\pleasework.X\mainn.asm
                  check_1   0x000341    program     static C:\Users\David\Documents\GitHub\robot\pleasework.X\mainn.asm
                  check_2   0x00034a    program     static C:\Users\David\Documents\GitHub\robot\pleasework.X\mainn.asm
                  check_3   0x000354    program     static C:\Users\David\Documents\GitHub\robot\pleasework.X\mainn.asm
                  check_4   0x00035e    program     static C:\Users\David\Documents\GitHub\robot\pleasework.X\mainn.asm
                  check_5   0x000368    program     static C:\Users\David\Documents\GitHub\robot\pleasework.X\mainn.asm
                  check_6   0x000372    program     static C:\Users\David\Documents\GitHub\robot\pleasework.X\mainn.asm
                  check_7   0x00037c    program     static C:\Users\David\Documents\GitHub\robot\pleasework.X\mainn.asm
                  check_8   0x000386    program     static C:\Users\David\Documents\GitHub\robot\pleasework.X\mainn.asm
                  check_9   0x000390    program     static C:\Users\David\Documents\GitHub\robot\pleasework.X\mainn.asm
            check_summary   0x00039a    program     static C:\Users\David\Documents\GitHub\robot\pleasework.X\mainn.asm
          check_defective   0x0003a0    program     static C:\Users\David\Documents\GitHub\robot\pleasework.X\mainn.asm
               check_time   0x0003a6    program     static C:\Users\David\Documents\GitHub\robot\pleasework.X\mainn.asm
             check_export   0x0003ac    program     static C:\Users\David\Documents\GitHub\robot\pleasework.X\mainn.asm
            check_standby   0x0003b2    program     static C:\Users\David\Documents\GitHub\robot\pleasework.X\mainn.asm
             _85loop_disp   0x0003b9    program     static C:\Users\David\Documents\GitHub\robot\pleasework.X\mainn.asm
              _85end_disp   0x0003c1    program     static C:\Users\David\Documents\GitHub\robot\pleasework.X\mainn.asm
              check_start   0x0003c3    program     static C:\Users\David\Documents\GitHub\robot\pleasework.X\mainn.asm
              default_key   0x0003c8    program     static C:\Users\David\Documents\GitHub\robot\pleasework.X\mainn.asm
            display_state   0x0003c9    program     static C:\Users\David\Documents\GitHub\robot\pleasework.X\mainn.asm
               check_none   0x0003ca    program     static C:\Users\David\Documents\GitHub\robot\pleasework.X\mainn.asm
             _86loop_disp   0x0003cf    program     static C:\Users\David\Documents\GitHub\robot\pleasework.X\mainn.asm
              _86end_disp   0x0003d7    program     static C:\Users\David\Documents\GitHub\robot\pleasework.X\mainn.asm
               check_pass   0x0003d8    program     static C:\Users\David\Documents\GitHub\robot\pleasework.X\mainn.asm
             _87loop_disp   0x0003de    program     static C:\Users\David\Documents\GitHub\robot\pleasework.X\mainn.asm
              _87end_disp   0x0003e6    program     static C:\Users\David\Documents\GitHub\robot\pleasework.X\mainn.asm
                check_LED   0x0003e7    program     static C:\Users\David\Documents\GitHub\robot\pleasework.X\mainn.asm
             _88loop_disp   0x0003ed    program     static C:\Users\David\Documents\GitHub\robot\pleasework.X\mainn.asm
              _88end_disp   0x0003f5    program     static C:\Users\David\Documents\GitHub\robot\pleasework.X\mainn.asm
              check_flick   0x0003f6    program     static C:\Users\David\Documents\GitHub\robot\pleasework.X\mainn.asm
             _89loop_disp   0x0003fc    program     static C:\Users\David\Documents\GitHub\robot\pleasework.X\mainn.asm
              _89end_disp   0x000404    program     static C:\Users\David\Documents\GitHub\robot\pleasework.X\mainn.asm
            default_state   0x000405    program     static C:\Users\David\Documents\GitHub\robot\pleasework.X\mainn.asm
                  summary   0x000406    program     static C:\Users\David\Documents\GitHub\robot\pleasework.X\mainn.asm
             _90loop_disp   0x000409    program     static C:\Users\David\Documents\GitHub\robot\pleasework.X\mainn.asm
              _90end_disp   0x000411    program     static C:\Users\David\Documents\GitHub\robot\pleasework.X\mainn.asm
             _92loop_disp   0x000417    program     static C:\Users\David\Documents\GitHub\robot\pleasework.X\mainn.asm
              _92end_disp   0x00041f    program     static C:\Users\David\Documents\GitHub\robot\pleasework.X\mainn.asm
             _96loop_disp   0x000428    program     static C:\Users\David\Documents\GitHub\robot\pleasework.X\mainn.asm
              _96end_disp   0x000430    program     static C:\Users\David\Documents\GitHub\robot\pleasework.X\mainn.asm
                defective   0x000434    program     static C:\Users\David\Documents\GitHub\robot\pleasework.X\mainn.asm
             _98loop_disp   0x000437    program     static C:\Users\David\Documents\GitHub\robot\pleasework.X\mainn.asm
              _98end_disp   0x00043f    program     static C:\Users\David\Documents\GitHub\robot\pleasework.X\mainn.asm
             _99loop_disp   0x000444    program     static C:\Users\David\Documents\GitHub\robot\pleasework.X\mainn.asm
              _99end_disp   0x00044c    program     static C:\Users\David\Documents\GitHub\robot\pleasework.X\mainn.asm
                 check_LF   0x00044d    program     static C:\Users\David\Documents\GitHub\robot\pleasework.X\mainn.asm
                   now_FF   0x00044f    program     static C:\Users\David\Documents\GitHub\robot\pleasework.X\mainn.asm
            _100loop_disp   0x000452    program     static C:\Users\David\Documents\GitHub\robot\pleasework.X\mainn.asm
             _100end_disp   0x00045a    program     static C:\Users\David\Documents\GitHub\robot\pleasework.X\mainn.asm
            _101loop_disp   0x00045f    program     static C:\Users\David\Documents\GitHub\robot\pleasework.X\mainn.asm
             _101end_disp   0x000467    program     static C:\Users\David\Documents\GitHub\robot\pleasework.X\mainn.asm
                 check_FF   0x000468    program     static C:\Users\David\Documents\GitHub\robot\pleasework.X\mainn.asm
           check_for_fail   0x00046b    program     static C:\Users\David\Documents\GitHub\robot\pleasework.X\mainn.asm
               check_next   0x000471    program     static C:\Users\David\Documents\GitHub\robot\pleasework.X\mainn.asm
           end_check_fail   0x000481    program     static C:\Users\David\Documents\GitHub\robot\pleasework.X\mainn.asm
                     time   0x000482    program     static C:\Users\David\Documents\GitHub\robot\pleasework.X\mainn.asm
            _106loop_disp   0x000485    program     static C:\Users\David\Documents\GitHub\robot\pleasework.X\mainn.asm
             _106end_disp   0x00048d    program     static C:\Users\David\Documents\GitHub\robot\pleasework.X\mainn.asm
                  no_huns   0x000496    program     static C:\Users\David\Documents\GitHub\robot\pleasework.X\mainn.asm
                  no_tens   0x00049c    program     static C:\Users\David\Documents\GitHub\robot\pleasework.X\mainn.asm
            _110loop_disp   0x0004a1    program     static C:\Users\David\Documents\GitHub\robot\pleasework.X\mainn.asm
             _110end_disp   0x0004a9    program     static C:\Users\David\Documents\GitHub\robot\pleasework.X\mainn.asm
                   export   0x0004aa    program     static C:\Users\David\Documents\GitHub\robot\pleasework.X\mainn.asm
                   nohuns   0x000514    program     static C:\Users\David\Documents\GitHub\robot\pleasework.X\mainn.asm
                   notens   0x00051e    program     static C:\Users\David\Documents\GitHub\robot\pleasework.X\mainn.asm
               big_number   0x0005a5    program     static C:\Users\David\Documents\GitHub\robot\pleasework.X\mainn.asm
                  BCDadd3   0x0005ac    program     static C:\Users\David\Documents\GitHub\robot\pleasework.X\mainn.asm
                 add3huns   0x0005c9    program     static C:\Users\David\Documents\GitHub\robot\pleasework.X\mainn.asm
                 add3tens   0x0005cc    program     static C:\Users\David\Documents\GitHub\robot\pleasework.X\mainn.asm
                 add3ones   0x0005cf    program     static C:\Users\David\Documents\GitHub\robot\pleasework.X\mainn.asm
                carryones   0x0005d2    program     static C:\Users\David\Documents\GitHub\robot\pleasework.X\mainn.asm
                carrytens   0x0005d5    program     static C:\Users\David\Documents\GitHub\robot\pleasework.X\mainn.asm
                    HalfS   0x0005d8    program     static C:\Users\David\Documents\GitHub\robot\pleasework.X\mainn.asm
                  HalfS_0   0x0005de    program     static C:\Users\David\Documents\GitHub\robot\pleasework.X\mainn.asm
             _.org_1_05DF   0x0005df    program     static C:\Users\David\Documents\GitHub\robot\pleasework.X\mainn.asm
             _.org_1_05E1   0x0005e1    program     static C:\Users\David\Documents\GitHub\robot\pleasework.X\mainn.asm
             _.org_1_05E4   0x0005e4    program     static C:\Users\David\Documents\GitHub\robot\pleasework.X\mainn.asm
                 delay5ms   0x0005e7    program     static C:\Users\David\Documents\GitHub\robot\pleasework.X\mainn.asm
                  Delay_0   0x0005eb    program     static C:\Users\David\Documents\GitHub\robot\pleasework.X\mainn.asm
             _.org_1_05EC   0x0005ec    program     static C:\Users\David\Documents\GitHub\robot\pleasework.X\mainn.asm
                motor_del   0x0005f0    program     static C:\Users\David\Documents\GitHub\robot\pleasework.X\mainn.asm
              motor_del_0   0x0005f4    program     static C:\Users\David\Documents\GitHub\robot\pleasework.X\mainn.asm
             _.org_1_05F5   0x0005f5    program     static C:\Users\David\Documents\GitHub\robot\pleasework.X\mainn.asm
                  InitLCD   0x0005f9    program     static C:\Users\David\Documents\GitHub\robot\pleasework.X\mainn.asm
            Clear_Display   0x000617    program     static C:\Users\David\Documents\GitHub\robot\pleasework.X\mainn.asm
             Switch_Lines   0x00061a    program     static C:\Users\David\Documents\GitHub\robot\pleasework.X\mainn.asm
                   WR_INS   0x00061d    program     static C:\Users\David\Documents\GitHub\robot\pleasework.X\mainn.asm
                  WR_DATA   0x00062c    program     static C:\Users\David\Documents\GitHub\robot\pleasework.X\mainn.asm
                InitUSART   0x00063d    program     static C:\Users\David\Documents\GitHub\robot\pleasework.X\mainn.asm
                writetoPC   0x000647    program     static C:\Users\David\Documents\GitHub\robot\pleasework.X\mainn.asm
             _.org_1_064B   0x00064b    program     static C:\Users\David\Documents\GitHub\robot\pleasework.X\mainn.asm
                      isr   0x00064d    program     static C:\Users\David\Documents\GitHub\robot\pleasework.X\mainn.asm
                  end_isr   0x000656    program     static C:\Users\David\Documents\GitHub\robot\pleasework.X\mainn.asm
         i2c_common_setup   0x00065e    program     extern C:\Users\David\Documents\GitHub\robot\pleasework.X\i2c_common.asm
              _.code_0010   0x00066e    program     static C:\Users\David\Documents\GitHub\robot\pleasework.X\i2c_common.asm
                write_rtc   0x000670    program     extern C:\Users\David\Documents\GitHub\robot\pleasework.X\i2c_common.asm
              _.code_0016   0x000674    program     static C:\Users\David\Documents\GitHub\robot\pleasework.X\i2c_common.asm
              _.code_001E   0x00067c    program     static C:\Users\David\Documents\GitHub\robot\pleasework.X\i2c_common.asm
              _.code_002E   0x00068c    program     static C:\Users\David\Documents\GitHub\robot\pleasework.X\i2c_common.asm
              _.code_003E   0x00069c    program     static C:\Users\David\Documents\GitHub\robot\pleasework.X\i2c_common.asm
                   WR_ERR   0x0006a4    program     static C:\Users\David\Documents\GitHub\robot\pleasework.X\i2c_common.asm
                   WR_END   0x0006a5    program     static C:\Users\David\Documents\GitHub\robot\pleasework.X\i2c_common.asm
              _.code_004B   0x0006a9    program     static C:\Users\David\Documents\GitHub\robot\pleasework.X\i2c_common.asm
                 read_rtc   0x0006ab    program     extern C:\Users\David\Documents\GitHub\robot\pleasework.X\i2c_common.asm
              _.code_0051   0x0006af    program     static C:\Users\David\Documents\GitHub\robot\pleasework.X\i2c_common.asm
              _.code_0059   0x0006b7    program     static C:\Users\David\Documents\GitHub\robot\pleasework.X\i2c_common.asm
              _.code_0069   0x0006c7    program     static C:\Users\David\Documents\GitHub\robot\pleasework.X\i2c_common.asm
              _.code_0074   0x0006d2    program     static C:\Users\David\Documents\GitHub\robot\pleasework.X\i2c_common.asm
              _.code_007C   0x0006da    program     static C:\Users\David\Documents\GitHub\robot\pleasework.X\i2c_common.asm
              _.code_0087   0x0006e5    program     static C:\Users\David\Documents\GitHub\robot\pleasework.X\i2c_common.asm
              _.code_0093   0x0006f1    program     static C:\Users\David\Documents\GitHub\robot\pleasework.X\i2c_common.asm
                   RD_ERR   0x0006f3    program     static C:\Users\David\Documents\GitHub\robot\pleasework.X\i2c_common.asm
                   RD_END   0x0006f4    program     static C:\Users\David\Documents\GitHub\robot\pleasework.X\i2c_common.asm
              _.code_009A   0x0006f8    program     static C:\Users\David\Documents\GitHub\robot\pleasework.X\i2c_common.asm
              rtc_convert   0x0006fa    program     extern C:\Users\David\Documents\GitHub\robot\pleasework.X\i2c_common.asm
                p2p_write   0x000708    program     extern C:\Users\David\Documents\GitHub\robot\pleasework.X\i2c_common.asm
              _.code_00AE   0x00070c    program     static C:\Users\David\Documents\GitHub\robot\pleasework.X\i2c_common.asm
              _.code_00B6   0x000714    program     static C:\Users\David\Documents\GitHub\robot\pleasework.X\i2c_common.asm
              _.code_00C6   0x000724    program     static C:\Users\David\Documents\GitHub\robot\pleasework.X\i2c_common.asm
                    W_END   0x00072c    program     static C:\Users\David\Documents\GitHub\robot\pleasework.X\i2c_common.asm
              _.code_00D2   0x000730    program     static C:\Users\David\Documents\GitHub\robot\pleasework.X\i2c_common.asm
                 p2p_read   0x000732    program     extern C:\Users\David\Documents\GitHub\robot\pleasework.X\i2c_common.asm
              _.code_00D8   0x000736    program     static C:\Users\David\Documents\GitHub\robot\pleasework.X\i2c_common.asm
              _.code_00E0   0x00073e    program     static C:\Users\David\Documents\GitHub\robot\pleasework.X\i2c_common.asm
              _.code_00EB   0x000749    program     static C:\Users\David\Documents\GitHub\robot\pleasework.X\i2c_common.asm
              _.code_00F7   0x000755    program     static C:\Users\David\Documents\GitHub\robot\pleasework.X\i2c_common.asm
                    R_END   0x000756    program     static C:\Users\David\Documents\GitHub\robot\pleasework.X\i2c_common.asm
              _.code_00FC   0x00075a    program     static C:\Users\David\Documents\GitHub\robot\pleasework.X\i2c_common.asm


