MPLINK 5.00, LINKER
Linker Map File - Created Tue Feb 04 17:48:56 2014

                                 Section Info
                  Section       Type    Address   Location Size(Bytes)
                ---------  ---------  ---------  ---------  ---------
                   .org_0       code   0x000000    program   0x000002
                   .cinit    romdata   0x000001    program   0x000004
                   .org_1       code   0x000004    program   0x000764
                    .code       code   0x0003b6    program   0x0001fc
.config_2007_BUILD/DEFAULT/PRODUCTION/MAIN.O       code   0x002007    program   0x000002



                              Program Memory Usage 
                               Start         End      
                           ---------   ---------      
                            0x000000    0x000002      
                            0x000004    0x0004b3      
                            0x002007    0x002007      
            1204 out of 8454 program addresses used, program memory utilization is 14%



                              Symbols - Sorted by Name
                     Name    Address   Location    Storage File                     
                ---------  ---------  ---------  --------- ---------                
                  BCDadd3   0x00031e    program     static C:\Users\Doge\Documents\GitHub\robot\go_go_gadget_candlelight.X\main.asm
            Clear_Display   0x000368    program     static C:\Users\Doge\Documents\GitHub\robot\go_go_gadget_candlelight.X\main.asm
                Defective   0x000089    program     static C:\Users\Doge\Documents\GitHub\robot\go_go_gadget_candlelight.X\main.asm
                  End_Msg   0x000020    program     static C:\Users\Doge\Documents\GitHub\robot\go_go_gadget_candlelight.X\main.asm
               Export_Msg   0x0000a2    program     static C:\Users\Doge\Documents\GitHub\robot\go_go_gadget_candlelight.X\main.asm
               Flick_fail   0x000068    program     static C:\Users\Doge\Documents\GitHub\robot\go_go_gadget_candlelight.X\main.asm
                    HalfS   0x000397    program     static C:\Users\Doge\Documents\GitHub\robot\go_go_gadget_candlelight.X\main.asm
                  InitLCD   0x00034a    program     static C:\Users\Doge\Documents\GitHub\robot\go_go_gadget_candlelight.X\main.asm
                 LED_fail   0x00005c    program     static C:\Users\Doge\Documents\GitHub\robot\go_go_gadget_candlelight.X\main.asm
                 LLD_LOOP   0x000390    program     static C:\Users\Doge\Documents\GitHub\robot\go_go_gadget_candlelight.X\main.asm
                     None   0x000096    program     static C:\Users\Doge\Documents\GitHub\robot\go_go_gadget_candlelight.X\main.asm
              Not_present   0x000045    program     static C:\Users\Doge\Documents\GitHub\robot\go_go_gadget_candlelight.X\main.asm
                     Pass   0x000054    program     static C:\Users\Doge\Documents\GitHub\robot\go_go_gadget_candlelight.X\main.asm
                   RD_END   0x00044c    program     static ..\realtimeclock.X\i2c_common.asm
                   RD_ERR   0x00044b    program     static ..\realtimeclock.X\i2c_common.asm
                    R_END   0x0004ae    program     static ..\realtimeclock.X\i2c_common.asm
                  Seconds   0x00003b    program     static C:\Users\Doge\Documents\GitHub\robot\go_go_gadget_candlelight.X\main.asm
              Standby_Msg   0x000005    program     static C:\Users\Doge\Documents\GitHub\robot\go_go_gadget_candlelight.X\main.asm
                Start_Msg   0x00000e    program     static C:\Users\Doge\Documents\GitHub\robot\go_go_gadget_candlelight.X\main.asm
             Switch_Lines   0x00036b    program     static C:\Users\Doge\Documents\GitHub\robot\go_go_gadget_candlelight.X\main.asm
                 Time_Msg   0x00002a    program     static C:\Users\Doge\Documents\GitHub\robot\go_go_gadget_candlelight.X\main.asm
                Total_Msg   0x000078    program     static C:\Users\Doge\Documents\GitHub\robot\go_go_gadget_candlelight.X\main.asm
                  WR_DATA   0x00037d    program     static C:\Users\Doge\Documents\GitHub\robot\go_go_gadget_candlelight.X\main.asm
                   WR_END   0x0003fd    program     static ..\realtimeclock.X\i2c_common.asm
                   WR_ERR   0x0003fc    program     static ..\realtimeclock.X\i2c_common.asm
                   WR_INS   0x00036e    program     static C:\Users\Doge\Documents\GitHub\robot\go_go_gadget_candlelight.X\main.asm
                    W_END   0x000484    program     static ..\realtimeclock.X\i2c_common.asm
              _.code_0010   0x0003c6    program     static ..\realtimeclock.X\i2c_common.asm
              _.code_0016   0x0003cc    program     static ..\realtimeclock.X\i2c_common.asm
              _.code_001E   0x0003d4    program     static ..\realtimeclock.X\i2c_common.asm
              _.code_002E   0x0003e4    program     static ..\realtimeclock.X\i2c_common.asm
              _.code_003E   0x0003f4    program     static ..\realtimeclock.X\i2c_common.asm
              _.code_004B   0x000401    program     static ..\realtimeclock.X\i2c_common.asm
              _.code_0051   0x000407    program     static ..\realtimeclock.X\i2c_common.asm
              _.code_0059   0x00040f    program     static ..\realtimeclock.X\i2c_common.asm
              _.code_0069   0x00041f    program     static ..\realtimeclock.X\i2c_common.asm
              _.code_0074   0x00042a    program     static ..\realtimeclock.X\i2c_common.asm
              _.code_007C   0x000432    program     static ..\realtimeclock.X\i2c_common.asm
              _.code_0087   0x00043d    program     static ..\realtimeclock.X\i2c_common.asm
              _.code_0093   0x000449    program     static ..\realtimeclock.X\i2c_common.asm
              _.code_009A   0x000450    program     static ..\realtimeclock.X\i2c_common.asm
              _.code_00AE   0x000464    program     static ..\realtimeclock.X\i2c_common.asm
              _.code_00B6   0x00046c    program     static ..\realtimeclock.X\i2c_common.asm
              _.code_00C6   0x00047c    program     static ..\realtimeclock.X\i2c_common.asm
              _.code_00D2   0x000488    program     static ..\realtimeclock.X\i2c_common.asm
              _.code_00D8   0x00048e    program     static ..\realtimeclock.X\i2c_common.asm
              _.code_00E0   0x000496    program     static ..\realtimeclock.X\i2c_common.asm
              _.code_00EB   0x0004a1    program     static ..\realtimeclock.X\i2c_common.asm
              _.code_00F7   0x0004ad    program     static ..\realtimeclock.X\i2c_common.asm
              _.code_00FC   0x0004b2    program     static ..\realtimeclock.X\i2c_common.asm
             _.org_1_0130   0x000130    program     static C:\Users\Doge\Documents\GitHub\robot\go_go_gadget_candlelight.X\main.asm
             _.org_1_0174   0x000174    program     static C:\Users\Doge\Documents\GitHub\robot\go_go_gadget_candlelight.X\main.asm
             _.org_1_0179   0x000179    program     static C:\Users\Doge\Documents\GitHub\robot\go_go_gadget_candlelight.X\main.asm
             _.org_1_0393   0x000393    program     static C:\Users\Doge\Documents\GitHub\robot\go_go_gadget_candlelight.X\main.asm
             _.org_1_039E   0x00039e    program     static C:\Users\Doge\Documents\GitHub\robot\go_go_gadget_candlelight.X\main.asm
             _.org_1_03A0   0x0003a0    program     static C:\Users\Doge\Documents\GitHub\robot\go_go_gadget_candlelight.X\main.asm
             _.org_1_03A3   0x0003a3    program     static C:\Users\Doge\Documents\GitHub\robot\go_go_gadget_candlelight.X\main.asm
                _0HalfS_0   0x00039d    program     static C:\Users\Doge\Documents\GitHub\robot\go_go_gadget_candlelight.X\main.asm
                  _11end_   0x000147    program     static C:\Users\Doge\Documents\GitHub\robot\go_go_gadget_candlelight.X\main.asm
                 _11loop_   0x00013f    program     static C:\Users\Doge\Documents\GitHub\robot\go_go_gadget_candlelight.X\main.asm
                  _23end_   0x00016b    program     static C:\Users\Doge\Documents\GitHub\robot\go_go_gadget_candlelight.X\main.asm
                 _23loop_   0x000163    program     static C:\Users\Doge\Documents\GitHub\robot\go_go_gadget_candlelight.X\main.asm
                   _2end_   0x0000ce    program     static C:\Users\Doge\Documents\GitHub\robot\go_go_gadget_candlelight.X\main.asm
                  _2loop_   0x0000c6    program     static C:\Users\Doge\Documents\GitHub\robot\go_go_gadget_candlelight.X\main.asm
                  _33end_   0x000213    program     static C:\Users\Doge\Documents\GitHub\robot\go_go_gadget_candlelight.X\main.asm
                 _33loop_   0x00020b    program     static C:\Users\Doge\Documents\GitHub\robot\go_go_gadget_candlelight.X\main.asm
                  _34end_   0x000224    program     static C:\Users\Doge\Documents\GitHub\robot\go_go_gadget_candlelight.X\main.asm
                 _34loop_   0x00021c    program     static C:\Users\Doge\Documents\GitHub\robot\go_go_gadget_candlelight.X\main.asm
                  _35end_   0x000233    program     static C:\Users\Doge\Documents\GitHub\robot\go_go_gadget_candlelight.X\main.asm
                 _35loop_   0x00022b    program     static C:\Users\Doge\Documents\GitHub\robot\go_go_gadget_candlelight.X\main.asm
                  _36end_   0x000242    program     static C:\Users\Doge\Documents\GitHub\robot\go_go_gadget_candlelight.X\main.asm
                 _36loop_   0x00023a    program     static C:\Users\Doge\Documents\GitHub\robot\go_go_gadget_candlelight.X\main.asm
                  _37end_   0x000251    program     static C:\Users\Doge\Documents\GitHub\robot\go_go_gadget_candlelight.X\main.asm
                 _37loop_   0x000249    program     static C:\Users\Doge\Documents\GitHub\robot\go_go_gadget_candlelight.X\main.asm
                  _38end_   0x00025e    program     static C:\Users\Doge\Documents\GitHub\robot\go_go_gadget_candlelight.X\main.asm
                 _38loop_   0x000256    program     static C:\Users\Doge\Documents\GitHub\robot\go_go_gadget_candlelight.X\main.asm
                  _40end_   0x00026d    program     static C:\Users\Doge\Documents\GitHub\robot\go_go_gadget_candlelight.X\main.asm
                 _40loop_   0x000265    program     static C:\Users\Doge\Documents\GitHub\robot\go_go_gadget_candlelight.X\main.asm
                  _42end_   0x00027d    program     static C:\Users\Doge\Documents\GitHub\robot\go_go_gadget_candlelight.X\main.asm
                 _42loop_   0x000275    program     static C:\Users\Doge\Documents\GitHub\robot\go_go_gadget_candlelight.X\main.asm
                  _43end_   0x00028b    program     static C:\Users\Doge\Documents\GitHub\robot\go_go_gadget_candlelight.X\main.asm
                 _43loop_   0x000283    program     static C:\Users\Doge\Documents\GitHub\robot\go_go_gadget_candlelight.X\main.asm
                  _61end_   0x0002de    program     static C:\Users\Doge\Documents\GitHub\robot\go_go_gadget_candlelight.X\main.asm
                 _61loop_   0x0002d6    program     static C:\Users\Doge\Documents\GitHub\robot\go_go_gadget_candlelight.X\main.asm
                  _65end_   0x0002fd    program     static C:\Users\Doge\Documents\GitHub\robot\go_go_gadget_candlelight.X\main.asm
                 _65loop_   0x0002f5    program     static C:\Users\Doge\Documents\GitHub\robot\go_go_gadget_candlelight.X\main.asm
                  _66end_   0x000309    program     static C:\Users\Doge\Documents\GitHub\robot\go_go_gadget_candlelight.X\main.asm
                 _66loop_   0x000301    program     static C:\Users\Doge\Documents\GitHub\robot\go_go_gadget_candlelight.X\main.asm
                  _67end_   0x000316    program     static C:\Users\Doge\Documents\GitHub\robot\go_go_gadget_candlelight.X\main.asm
                 _67loop_   0x00030e    program     static C:\Users\Doge\Documents\GitHub\robot\go_go_gadget_candlelight.X\main.asm
                 add3huns   0x00033b    program     static C:\Users\Doge\Documents\GitHub\robot\go_go_gadget_candlelight.X\main.asm
                 add3ones   0x000341    program     static C:\Users\Doge\Documents\GitHub\robot\go_go_gadget_candlelight.X\main.asm
                 add3tens   0x00033e    program     static C:\Users\Doge\Documents\GitHub\robot\go_go_gadget_candlelight.X\main.asm
               big_number   0x000317    program     static C:\Users\Doge\Documents\GitHub\robot\go_go_gadget_candlelight.X\main.asm
                carryones   0x000344    program     static C:\Users\Doge\Documents\GitHub\robot\go_go_gadget_candlelight.X\main.asm
                carrytens   0x000347    program     static C:\Users\Doge\Documents\GitHub\robot\go_go_gadget_candlelight.X\main.asm
                  check_1   0x00017c    program     static C:\Users\Doge\Documents\GitHub\robot\go_go_gadget_candlelight.X\main.asm
                  check_2   0x000187    program     static C:\Users\Doge\Documents\GitHub\robot\go_go_gadget_candlelight.X\main.asm
                  check_3   0x000193    program     static C:\Users\Doge\Documents\GitHub\robot\go_go_gadget_candlelight.X\main.asm
                  check_4   0x00019f    program     static C:\Users\Doge\Documents\GitHub\robot\go_go_gadget_candlelight.X\main.asm
                  check_5   0x0001ab    program     static C:\Users\Doge\Documents\GitHub\robot\go_go_gadget_candlelight.X\main.asm
                  check_6   0x0001b7    program     static C:\Users\Doge\Documents\GitHub\robot\go_go_gadget_candlelight.X\main.asm
                  check_7   0x0001c3    program     static C:\Users\Doge\Documents\GitHub\robot\go_go_gadget_candlelight.X\main.asm
                  check_8   0x0001cf    program     static C:\Users\Doge\Documents\GitHub\robot\go_go_gadget_candlelight.X\main.asm
                  check_9   0x0001db    program     static C:\Users\Doge\Documents\GitHub\robot\go_go_gadget_candlelight.X\main.asm
                check_LED   0x000234    program     static C:\Users\Doge\Documents\GitHub\robot\go_go_gadget_candlelight.X\main.asm
          check_defective   0x0001ed    program     static C:\Users\Doge\Documents\GitHub\robot\go_go_gadget_candlelight.X\main.asm
             check_export   0x0001f9    program     static C:\Users\Doge\Documents\GitHub\robot\go_go_gadget_candlelight.X\main.asm
              check_flick   0x000243    program     static C:\Users\Doge\Documents\GitHub\robot\go_go_gadget_candlelight.X\main.asm
               check_none   0x000217    program     static C:\Users\Doge\Documents\GitHub\robot\go_go_gadget_candlelight.X\main.asm
               check_pass   0x000225    program     static C:\Users\Doge\Documents\GitHub\robot\go_go_gadget_candlelight.X\main.asm
            check_standby   0x000204    program     static C:\Users\Doge\Documents\GitHub\robot\go_go_gadget_candlelight.X\main.asm
              check_start   0x0001ff    program     static C:\Users\Doge\Documents\GitHub\robot\go_go_gadget_candlelight.X\main.asm
            check_summary   0x0001e7    program     static C:\Users\Doge\Documents\GitHub\robot\go_go_gadget_candlelight.X\main.asm
               check_time   0x0001f3    program     static C:\Users\Doge\Documents\GitHub\robot\go_go_gadget_candlelight.X\main.asm
              default_key   0x000215    program     static C:\Users\Doge\Documents\GitHub\robot\go_go_gadget_candlelight.X\main.asm
            default_state   0x000252    program     static C:\Users\Doge\Documents\GitHub\robot\go_go_gadget_candlelight.X\main.asm
                defective   0x000272    program     static C:\Users\Doge\Documents\GitHub\robot\go_go_gadget_candlelight.X\main.asm
            display_state   0x000216    program     static C:\Users\Doge\Documents\GitHub\robot\go_go_gadget_candlelight.X\main.asm
                    eight   0x0002c4    program     static C:\Users\Doge\Documents\GitHub\robot\go_go_gadget_candlelight.X\main.asm
            end_defective   0x0002d2    program     static C:\Users\Doge\Documents\GitHub\robot\go_go_gadget_candlelight.X\main.asm
                  end_isr   0x0003b0    program     static C:\Users\Doge\Documents\GitHub\robot\go_go_gadget_candlelight.X\main.asm
                   export   0x0002fe    program     static C:\Users\Doge\Documents\GitHub\robot\go_go_gadget_candlelight.X\main.asm
                     five   0x0002ac    program     static C:\Users\Doge\Documents\GitHub\robot\go_go_gadget_candlelight.X\main.asm
                     four   0x0002a4    program     static C:\Users\Doge\Documents\GitHub\robot\go_go_gadget_candlelight.X\main.asm
         i2c_common_setup   0x0003b6    program     extern ..\realtimeclock.X\i2c_common.asm
              information   0x00017b    program     static C:\Users\Doge\Documents\GitHub\robot\go_go_gadget_candlelight.X\main.asm
                     init   0x0000b3    program     static C:\Users\Doge\Documents\GitHub\robot\go_go_gadget_candlelight.X\main.asm
                      isr   0x0003a7    program     static C:\Users\Doge\Documents\GitHub\robot\go_go_gadget_candlelight.X\main.asm
             lcdLongDelay   0x00038e    program     static C:\Users\Doge\Documents\GitHub\robot\go_go_gadget_candlelight.X\main.asm
                     nine   0x0002cc    program     static C:\Users\Doge\Documents\GitHub\robot\go_go_gadget_candlelight.X\main.asm
                  no_huns   0x0002e8    program     static C:\Users\Doge\Documents\GitHub\robot\go_go_gadget_candlelight.X\main.asm
                  no_tens   0x0002ef    program     static C:\Users\Doge\Documents\GitHub\robot\go_go_gadget_candlelight.X\main.asm
                      one   0x00028c    program     static C:\Users\Doge\Documents\GitHub\robot\go_go_gadget_candlelight.X\main.asm
                 p2p_read   0x00048a    program     extern ..\realtimeclock.X\i2c_common.asm
                p2p_write   0x000460    program     extern ..\realtimeclock.X\i2c_common.asm
                     poll   0x000173    program     static C:\Users\Doge\Documents\GitHub\robot\go_go_gadget_candlelight.X\main.asm
                 read_rtc   0x000403    program     extern ..\realtimeclock.X\i2c_common.asm
              rtc_convert   0x000452    program     extern ..\realtimeclock.X\i2c_common.asm
                    seven   0x0002bc    program     static C:\Users\Doge\Documents\GitHub\robot\go_go_gadget_candlelight.X\main.asm
                      six   0x0002b4    program     static C:\Users\Doge\Documents\GitHub\robot\go_go_gadget_candlelight.X\main.asm
                    start   0x000132    program     static C:\Users\Doge\Documents\GitHub\robot\go_go_gadget_candlelight.X\main.asm
                  summary   0x000253    program     static C:\Users\Doge\Documents\GitHub\robot\go_go_gadget_candlelight.X\main.asm
                    three   0x00029c    program     static C:\Users\Doge\Documents\GitHub\robot\go_go_gadget_candlelight.X\main.asm
                     time   0x0002d3    program     static C:\Users\Doge\Documents\GitHub\robot\go_go_gadget_candlelight.X\main.asm
                      two   0x000294    program     static C:\Users\Doge\Documents\GitHub\robot\go_go_gadget_candlelight.X\main.asm
                  waiting   0x0000cf    program     static C:\Users\Doge\Documents\GitHub\robot\go_go_gadget_candlelight.X\main.asm
                write_rtc   0x0003c8    program     extern ..\realtimeclock.X\i2c_common.asm



                              Symbols - Sorted by Address
                     Name    Address   Location    Storage File                     
                ---------  ---------  ---------  --------- ---------                
              Standby_Msg   0x000005    program     static C:\Users\Doge\Documents\GitHub\robot\go_go_gadget_candlelight.X\main.asm
                Start_Msg   0x00000e    program     static C:\Users\Doge\Documents\GitHub\robot\go_go_gadget_candlelight.X\main.asm
                  End_Msg   0x000020    program     static C:\Users\Doge\Documents\GitHub\robot\go_go_gadget_candlelight.X\main.asm
                 Time_Msg   0x00002a    program     static C:\Users\Doge\Documents\GitHub\robot\go_go_gadget_candlelight.X\main.asm
                  Seconds   0x00003b    program     static C:\Users\Doge\Documents\GitHub\robot\go_go_gadget_candlelight.X\main.asm
              Not_present   0x000045    program     static C:\Users\Doge\Documents\GitHub\robot\go_go_gadget_candlelight.X\main.asm
                     Pass   0x000054    program     static C:\Users\Doge\Documents\GitHub\robot\go_go_gadget_candlelight.X\main.asm
                 LED_fail   0x00005c    program     static C:\Users\Doge\Documents\GitHub\robot\go_go_gadget_candlelight.X\main.asm
               Flick_fail   0x000068    program     static C:\Users\Doge\Documents\GitHub\robot\go_go_gadget_candlelight.X\main.asm
                Total_Msg   0x000078    program     static C:\Users\Doge\Documents\GitHub\robot\go_go_gadget_candlelight.X\main.asm
                Defective   0x000089    program     static C:\Users\Doge\Documents\GitHub\robot\go_go_gadget_candlelight.X\main.asm
                     None   0x000096    program     static C:\Users\Doge\Documents\GitHub\robot\go_go_gadget_candlelight.X\main.asm
               Export_Msg   0x0000a2    program     static C:\Users\Doge\Documents\GitHub\robot\go_go_gadget_candlelight.X\main.asm
                     init   0x0000b3    program     static C:\Users\Doge\Documents\GitHub\robot\go_go_gadget_candlelight.X\main.asm
                  _2loop_   0x0000c6    program     static C:\Users\Doge\Documents\GitHub\robot\go_go_gadget_candlelight.X\main.asm
                   _2end_   0x0000ce    program     static C:\Users\Doge\Documents\GitHub\robot\go_go_gadget_candlelight.X\main.asm
                  waiting   0x0000cf    program     static C:\Users\Doge\Documents\GitHub\robot\go_go_gadget_candlelight.X\main.asm
             _.org_1_0130   0x000130    program     static C:\Users\Doge\Documents\GitHub\robot\go_go_gadget_candlelight.X\main.asm
                    start   0x000132    program     static C:\Users\Doge\Documents\GitHub\robot\go_go_gadget_candlelight.X\main.asm
                 _11loop_   0x00013f    program     static C:\Users\Doge\Documents\GitHub\robot\go_go_gadget_candlelight.X\main.asm
                  _11end_   0x000147    program     static C:\Users\Doge\Documents\GitHub\robot\go_go_gadget_candlelight.X\main.asm
                 _23loop_   0x000163    program     static C:\Users\Doge\Documents\GitHub\robot\go_go_gadget_candlelight.X\main.asm
                  _23end_   0x00016b    program     static C:\Users\Doge\Documents\GitHub\robot\go_go_gadget_candlelight.X\main.asm
                     poll   0x000173    program     static C:\Users\Doge\Documents\GitHub\robot\go_go_gadget_candlelight.X\main.asm
             _.org_1_0174   0x000174    program     static C:\Users\Doge\Documents\GitHub\robot\go_go_gadget_candlelight.X\main.asm
             _.org_1_0179   0x000179    program     static C:\Users\Doge\Documents\GitHub\robot\go_go_gadget_candlelight.X\main.asm
              information   0x00017b    program     static C:\Users\Doge\Documents\GitHub\robot\go_go_gadget_candlelight.X\main.asm
                  check_1   0x00017c    program     static C:\Users\Doge\Documents\GitHub\robot\go_go_gadget_candlelight.X\main.asm
                  check_2   0x000187    program     static C:\Users\Doge\Documents\GitHub\robot\go_go_gadget_candlelight.X\main.asm
                  check_3   0x000193    program     static C:\Users\Doge\Documents\GitHub\robot\go_go_gadget_candlelight.X\main.asm
                  check_4   0x00019f    program     static C:\Users\Doge\Documents\GitHub\robot\go_go_gadget_candlelight.X\main.asm
                  check_5   0x0001ab    program     static C:\Users\Doge\Documents\GitHub\robot\go_go_gadget_candlelight.X\main.asm
                  check_6   0x0001b7    program     static C:\Users\Doge\Documents\GitHub\robot\go_go_gadget_candlelight.X\main.asm
                  check_7   0x0001c3    program     static C:\Users\Doge\Documents\GitHub\robot\go_go_gadget_candlelight.X\main.asm
                  check_8   0x0001cf    program     static C:\Users\Doge\Documents\GitHub\robot\go_go_gadget_candlelight.X\main.asm
                  check_9   0x0001db    program     static C:\Users\Doge\Documents\GitHub\robot\go_go_gadget_candlelight.X\main.asm
            check_summary   0x0001e7    program     static C:\Users\Doge\Documents\GitHub\robot\go_go_gadget_candlelight.X\main.asm
          check_defective   0x0001ed    program     static C:\Users\Doge\Documents\GitHub\robot\go_go_gadget_candlelight.X\main.asm
               check_time   0x0001f3    program     static C:\Users\Doge\Documents\GitHub\robot\go_go_gadget_candlelight.X\main.asm
             check_export   0x0001f9    program     static C:\Users\Doge\Documents\GitHub\robot\go_go_gadget_candlelight.X\main.asm
              check_start   0x0001ff    program     static C:\Users\Doge\Documents\GitHub\robot\go_go_gadget_candlelight.X\main.asm
            check_standby   0x000204    program     static C:\Users\Doge\Documents\GitHub\robot\go_go_gadget_candlelight.X\main.asm
                 _33loop_   0x00020b    program     static C:\Users\Doge\Documents\GitHub\robot\go_go_gadget_candlelight.X\main.asm
                  _33end_   0x000213    program     static C:\Users\Doge\Documents\GitHub\robot\go_go_gadget_candlelight.X\main.asm
              default_key   0x000215    program     static C:\Users\Doge\Documents\GitHub\robot\go_go_gadget_candlelight.X\main.asm
            display_state   0x000216    program     static C:\Users\Doge\Documents\GitHub\robot\go_go_gadget_candlelight.X\main.asm
               check_none   0x000217    program     static C:\Users\Doge\Documents\GitHub\robot\go_go_gadget_candlelight.X\main.asm
                 _34loop_   0x00021c    program     static C:\Users\Doge\Documents\GitHub\robot\go_go_gadget_candlelight.X\main.asm
                  _34end_   0x000224    program     static C:\Users\Doge\Documents\GitHub\robot\go_go_gadget_candlelight.X\main.asm
               check_pass   0x000225    program     static C:\Users\Doge\Documents\GitHub\robot\go_go_gadget_candlelight.X\main.asm
                 _35loop_   0x00022b    program     static C:\Users\Doge\Documents\GitHub\robot\go_go_gadget_candlelight.X\main.asm
                  _35end_   0x000233    program     static C:\Users\Doge\Documents\GitHub\robot\go_go_gadget_candlelight.X\main.asm
                check_LED   0x000234    program     static C:\Users\Doge\Documents\GitHub\robot\go_go_gadget_candlelight.X\main.asm
                 _36loop_   0x00023a    program     static C:\Users\Doge\Documents\GitHub\robot\go_go_gadget_candlelight.X\main.asm
                  _36end_   0x000242    program     static C:\Users\Doge\Documents\GitHub\robot\go_go_gadget_candlelight.X\main.asm
              check_flick   0x000243    program     static C:\Users\Doge\Documents\GitHub\robot\go_go_gadget_candlelight.X\main.asm
                 _37loop_   0x000249    program     static C:\Users\Doge\Documents\GitHub\robot\go_go_gadget_candlelight.X\main.asm
                  _37end_   0x000251    program     static C:\Users\Doge\Documents\GitHub\robot\go_go_gadget_candlelight.X\main.asm
            default_state   0x000252    program     static C:\Users\Doge\Documents\GitHub\robot\go_go_gadget_candlelight.X\main.asm
                  summary   0x000253    program     static C:\Users\Doge\Documents\GitHub\robot\go_go_gadget_candlelight.X\main.asm
                 _38loop_   0x000256    program     static C:\Users\Doge\Documents\GitHub\robot\go_go_gadget_candlelight.X\main.asm
                  _38end_   0x00025e    program     static C:\Users\Doge\Documents\GitHub\robot\go_go_gadget_candlelight.X\main.asm
                 _40loop_   0x000265    program     static C:\Users\Doge\Documents\GitHub\robot\go_go_gadget_candlelight.X\main.asm
                  _40end_   0x00026d    program     static C:\Users\Doge\Documents\GitHub\robot\go_go_gadget_candlelight.X\main.asm
                defective   0x000272    program     static C:\Users\Doge\Documents\GitHub\robot\go_go_gadget_candlelight.X\main.asm
                 _42loop_   0x000275    program     static C:\Users\Doge\Documents\GitHub\robot\go_go_gadget_candlelight.X\main.asm
                  _42end_   0x00027d    program     static C:\Users\Doge\Documents\GitHub\robot\go_go_gadget_candlelight.X\main.asm
                 _43loop_   0x000283    program     static C:\Users\Doge\Documents\GitHub\robot\go_go_gadget_candlelight.X\main.asm
                  _43end_   0x00028b    program     static C:\Users\Doge\Documents\GitHub\robot\go_go_gadget_candlelight.X\main.asm
                      one   0x00028c    program     static C:\Users\Doge\Documents\GitHub\robot\go_go_gadget_candlelight.X\main.asm
                      two   0x000294    program     static C:\Users\Doge\Documents\GitHub\robot\go_go_gadget_candlelight.X\main.asm
                    three   0x00029c    program     static C:\Users\Doge\Documents\GitHub\robot\go_go_gadget_candlelight.X\main.asm
                     four   0x0002a4    program     static C:\Users\Doge\Documents\GitHub\robot\go_go_gadget_candlelight.X\main.asm
                     five   0x0002ac    program     static C:\Users\Doge\Documents\GitHub\robot\go_go_gadget_candlelight.X\main.asm
                      six   0x0002b4    program     static C:\Users\Doge\Documents\GitHub\robot\go_go_gadget_candlelight.X\main.asm
                    seven   0x0002bc    program     static C:\Users\Doge\Documents\GitHub\robot\go_go_gadget_candlelight.X\main.asm
                    eight   0x0002c4    program     static C:\Users\Doge\Documents\GitHub\robot\go_go_gadget_candlelight.X\main.asm
                     nine   0x0002cc    program     static C:\Users\Doge\Documents\GitHub\robot\go_go_gadget_candlelight.X\main.asm
            end_defective   0x0002d2    program     static C:\Users\Doge\Documents\GitHub\robot\go_go_gadget_candlelight.X\main.asm
                     time   0x0002d3    program     static C:\Users\Doge\Documents\GitHub\robot\go_go_gadget_candlelight.X\main.asm
                 _61loop_   0x0002d6    program     static C:\Users\Doge\Documents\GitHub\robot\go_go_gadget_candlelight.X\main.asm
                  _61end_   0x0002de    program     static C:\Users\Doge\Documents\GitHub\robot\go_go_gadget_candlelight.X\main.asm
                  no_huns   0x0002e8    program     static C:\Users\Doge\Documents\GitHub\robot\go_go_gadget_candlelight.X\main.asm
                  no_tens   0x0002ef    program     static C:\Users\Doge\Documents\GitHub\robot\go_go_gadget_candlelight.X\main.asm
                 _65loop_   0x0002f5    program     static C:\Users\Doge\Documents\GitHub\robot\go_go_gadget_candlelight.X\main.asm
                  _65end_   0x0002fd    program     static C:\Users\Doge\Documents\GitHub\robot\go_go_gadget_candlelight.X\main.asm
                   export   0x0002fe    program     static C:\Users\Doge\Documents\GitHub\robot\go_go_gadget_candlelight.X\main.asm
                 _66loop_   0x000301    program     static C:\Users\Doge\Documents\GitHub\robot\go_go_gadget_candlelight.X\main.asm
                  _66end_   0x000309    program     static C:\Users\Doge\Documents\GitHub\robot\go_go_gadget_candlelight.X\main.asm
                 _67loop_   0x00030e    program     static C:\Users\Doge\Documents\GitHub\robot\go_go_gadget_candlelight.X\main.asm
                  _67end_   0x000316    program     static C:\Users\Doge\Documents\GitHub\robot\go_go_gadget_candlelight.X\main.asm
               big_number   0x000317    program     static C:\Users\Doge\Documents\GitHub\robot\go_go_gadget_candlelight.X\main.asm
                  BCDadd3   0x00031e    program     static C:\Users\Doge\Documents\GitHub\robot\go_go_gadget_candlelight.X\main.asm
                 add3huns   0x00033b    program     static C:\Users\Doge\Documents\GitHub\robot\go_go_gadget_candlelight.X\main.asm
                 add3tens   0x00033e    program     static C:\Users\Doge\Documents\GitHub\robot\go_go_gadget_candlelight.X\main.asm
                 add3ones   0x000341    program     static C:\Users\Doge\Documents\GitHub\robot\go_go_gadget_candlelight.X\main.asm
                carryones   0x000344    program     static C:\Users\Doge\Documents\GitHub\robot\go_go_gadget_candlelight.X\main.asm
                carrytens   0x000347    program     static C:\Users\Doge\Documents\GitHub\robot\go_go_gadget_candlelight.X\main.asm
                  InitLCD   0x00034a    program     static C:\Users\Doge\Documents\GitHub\robot\go_go_gadget_candlelight.X\main.asm
            Clear_Display   0x000368    program     static C:\Users\Doge\Documents\GitHub\robot\go_go_gadget_candlelight.X\main.asm
             Switch_Lines   0x00036b    program     static C:\Users\Doge\Documents\GitHub\robot\go_go_gadget_candlelight.X\main.asm
                   WR_INS   0x00036e    program     static C:\Users\Doge\Documents\GitHub\robot\go_go_gadget_candlelight.X\main.asm
                  WR_DATA   0x00037d    program     static C:\Users\Doge\Documents\GitHub\robot\go_go_gadget_candlelight.X\main.asm
             lcdLongDelay   0x00038e    program     static C:\Users\Doge\Documents\GitHub\robot\go_go_gadget_candlelight.X\main.asm
                 LLD_LOOP   0x000390    program     static C:\Users\Doge\Documents\GitHub\robot\go_go_gadget_candlelight.X\main.asm
             _.org_1_0393   0x000393    program     static C:\Users\Doge\Documents\GitHub\robot\go_go_gadget_candlelight.X\main.asm
                    HalfS   0x000397    program     static C:\Users\Doge\Documents\GitHub\robot\go_go_gadget_candlelight.X\main.asm
                _0HalfS_0   0x00039d    program     static C:\Users\Doge\Documents\GitHub\robot\go_go_gadget_candlelight.X\main.asm
             _.org_1_039E   0x00039e    program     static C:\Users\Doge\Documents\GitHub\robot\go_go_gadget_candlelight.X\main.asm
             _.org_1_03A0   0x0003a0    program     static C:\Users\Doge\Documents\GitHub\robot\go_go_gadget_candlelight.X\main.asm
             _.org_1_03A3   0x0003a3    program     static C:\Users\Doge\Documents\GitHub\robot\go_go_gadget_candlelight.X\main.asm
                      isr   0x0003a7    program     static C:\Users\Doge\Documents\GitHub\robot\go_go_gadget_candlelight.X\main.asm
                  end_isr   0x0003b0    program     static C:\Users\Doge\Documents\GitHub\robot\go_go_gadget_candlelight.X\main.asm
         i2c_common_setup   0x0003b6    program     extern ..\realtimeclock.X\i2c_common.asm
              _.code_0010   0x0003c6    program     static ..\realtimeclock.X\i2c_common.asm
                write_rtc   0x0003c8    program     extern ..\realtimeclock.X\i2c_common.asm
              _.code_0016   0x0003cc    program     static ..\realtimeclock.X\i2c_common.asm
              _.code_001E   0x0003d4    program     static ..\realtimeclock.X\i2c_common.asm
              _.code_002E   0x0003e4    program     static ..\realtimeclock.X\i2c_common.asm
              _.code_003E   0x0003f4    program     static ..\realtimeclock.X\i2c_common.asm
                   WR_ERR   0x0003fc    program     static ..\realtimeclock.X\i2c_common.asm
                   WR_END   0x0003fd    program     static ..\realtimeclock.X\i2c_common.asm
              _.code_004B   0x000401    program     static ..\realtimeclock.X\i2c_common.asm
                 read_rtc   0x000403    program     extern ..\realtimeclock.X\i2c_common.asm
              _.code_0051   0x000407    program     static ..\realtimeclock.X\i2c_common.asm
              _.code_0059   0x00040f    program     static ..\realtimeclock.X\i2c_common.asm
              _.code_0069   0x00041f    program     static ..\realtimeclock.X\i2c_common.asm
              _.code_0074   0x00042a    program     static ..\realtimeclock.X\i2c_common.asm
              _.code_007C   0x000432    program     static ..\realtimeclock.X\i2c_common.asm
              _.code_0087   0x00043d    program     static ..\realtimeclock.X\i2c_common.asm
              _.code_0093   0x000449    program     static ..\realtimeclock.X\i2c_common.asm
                   RD_ERR   0x00044b    program     static ..\realtimeclock.X\i2c_common.asm
                   RD_END   0x00044c    program     static ..\realtimeclock.X\i2c_common.asm
              _.code_009A   0x000450    program     static ..\realtimeclock.X\i2c_common.asm
              rtc_convert   0x000452    program     extern ..\realtimeclock.X\i2c_common.asm
                p2p_write   0x000460    program     extern ..\realtimeclock.X\i2c_common.asm
              _.code_00AE   0x000464    program     static ..\realtimeclock.X\i2c_common.asm
              _.code_00B6   0x00046c    program     static ..\realtimeclock.X\i2c_common.asm
              _.code_00C6   0x00047c    program     static ..\realtimeclock.X\i2c_common.asm
                    W_END   0x000484    program     static ..\realtimeclock.X\i2c_common.asm
              _.code_00D2   0x000488    program     static ..\realtimeclock.X\i2c_common.asm
                 p2p_read   0x00048a    program     extern ..\realtimeclock.X\i2c_common.asm
              _.code_00D8   0x00048e    program     static ..\realtimeclock.X\i2c_common.asm
              _.code_00E0   0x000496    program     static ..\realtimeclock.X\i2c_common.asm
              _.code_00EB   0x0004a1    program     static ..\realtimeclock.X\i2c_common.asm
              _.code_00F7   0x0004ad    program     static ..\realtimeclock.X\i2c_common.asm
                    R_END   0x0004ae    program     static ..\realtimeclock.X\i2c_common.asm
              _.code_00FC   0x0004b2    program     static ..\realtimeclock.X\i2c_common.asm


