MPLINK 5.00, LINKER
Linker Map File - Created Mon Feb 17 18:27:06 2014

                                 Section Info
                  Section       Type    Address   Location Size(Bytes)
                ---------  ---------  ---------  ---------  ---------
                   .org_0       code   0x000000    program   0x000002
                   .cinit    romdata   0x000001    program   0x000004
                   .org_1       code   0x000004    program   0x000a54
                    .code       code   0x00052e    program   0x0001fc
.config_2007_BUILD/DEFAULT/PRODUCTION/MAIN.O       code   0x002007    program   0x000002



                              Program Memory Usage 
                               Start         End      
                           ---------   ---------      
                            0x000000    0x000002      
                            0x000004    0x00062b      
                            0x002007    0x002007      
            1580 out of 8454 program addresses used, program memory utilization is 18%



                              Symbols - Sorted by Name
                     Name    Address   Location    Storage File                     
                ---------  ---------  ---------  --------- ---------                
                  BCDadd3   0x000487    program     static C:\Users\Doge\Documents\GitHub\robot\go_go_gadget_candlelight.X\main.asm
            Clear_Display   0x0004e9    program     static C:\Users\Doge\Documents\GitHub\robot\go_go_gadget_candlelight.X\main.asm
                  Delay_0   0x0004c6    program     static C:\Users\Doge\Documents\GitHub\robot\go_go_gadget_candlelight.X\main.asm
                  End_Msg   0x000020    program     static C:\Users\Doge\Documents\GitHub\robot\go_go_gadget_candlelight.X\main.asm
                       FF   0x00008f    program     static C:\Users\Doge\Documents\GitHub\robot\go_go_gadget_candlelight.X\main.asm
               Flick_fail   0x000068    program     static C:\Users\Doge\Documents\GitHub\robot\go_go_gadget_candlelight.X\main.asm
                    HalfS   0x0004b3    program     static C:\Users\Doge\Documents\GitHub\robot\go_go_gadget_candlelight.X\main.asm
                  HalfS_0   0x0004b9    program     static C:\Users\Doge\Documents\GitHub\robot\go_go_gadget_candlelight.X\main.asm
                  InitLCD   0x0004cb    program     static C:\Users\Doge\Documents\GitHub\robot\go_go_gadget_candlelight.X\main.asm
                InitUSART   0x00050f    program     static C:\Users\Doge\Documents\GitHub\robot\go_go_gadget_candlelight.X\main.asm
                 LED_fail   0x00005c    program     static C:\Users\Doge\Documents\GitHub\robot\go_go_gadget_candlelight.X\main.asm
                       LF   0x000089    program     static C:\Users\Doge\Documents\GitHub\robot\go_go_gadget_candlelight.X\main.asm
                Logs_Msg1   0x00009d    program     static C:\Users\Doge\Documents\GitHub\robot\go_go_gadget_candlelight.X\main.asm
                Logs_Msg2   0x0000ad    program     static C:\Users\Doge\Documents\GitHub\robot\go_go_gadget_candlelight.X\main.asm
                     None   0x000095    program     static C:\Users\Doge\Documents\GitHub\robot\go_go_gadget_candlelight.X\main.asm
              Not_present   0x000045    program     static C:\Users\Doge\Documents\GitHub\robot\go_go_gadget_candlelight.X\main.asm
                     Pass   0x000054    program     static C:\Users\Doge\Documents\GitHub\robot\go_go_gadget_candlelight.X\main.asm
                   RD_END   0x0005c4    program     static ..\realtimeclock.X\i2c_common.asm
                   RD_ERR   0x0005c3    program     static ..\realtimeclock.X\i2c_common.asm
                    R_END   0x000626    program     static ..\realtimeclock.X\i2c_common.asm
                  Seconds   0x00003b    program     static C:\Users\Doge\Documents\GitHub\robot\go_go_gadget_candlelight.X\main.asm
              Standby_Msg   0x000005    program     static C:\Users\Doge\Documents\GitHub\robot\go_go_gadget_candlelight.X\main.asm
                Start_Msg   0x00000e    program     static C:\Users\Doge\Documents\GitHub\robot\go_go_gadget_candlelight.X\main.asm
             Switch_Lines   0x0004ec    program     static C:\Users\Doge\Documents\GitHub\robot\go_go_gadget_candlelight.X\main.asm
                 Time_Msg   0x00002a    program     static C:\Users\Doge\Documents\GitHub\robot\go_go_gadget_candlelight.X\main.asm
                Total_Msg   0x000078    program     static C:\Users\Doge\Documents\GitHub\robot\go_go_gadget_candlelight.X\main.asm
                  WR_DATA   0x0004fe    program     static C:\Users\Doge\Documents\GitHub\robot\go_go_gadget_candlelight.X\main.asm
                   WR_END   0x000575    program     static ..\realtimeclock.X\i2c_common.asm
                   WR_ERR   0x000574    program     static ..\realtimeclock.X\i2c_common.asm
                   WR_INS   0x0004ef    program     static C:\Users\Doge\Documents\GitHub\robot\go_go_gadget_candlelight.X\main.asm
                    W_END   0x0005fc    program     static ..\realtimeclock.X\i2c_common.asm
              _.code_0010   0x00053e    program     static ..\realtimeclock.X\i2c_common.asm
              _.code_0016   0x000544    program     static ..\realtimeclock.X\i2c_common.asm
              _.code_001E   0x00054c    program     static ..\realtimeclock.X\i2c_common.asm
              _.code_002E   0x00055c    program     static ..\realtimeclock.X\i2c_common.asm
              _.code_003E   0x00056c    program     static ..\realtimeclock.X\i2c_common.asm
              _.code_004B   0x000579    program     static ..\realtimeclock.X\i2c_common.asm
              _.code_0051   0x00057f    program     static ..\realtimeclock.X\i2c_common.asm
              _.code_0059   0x000587    program     static ..\realtimeclock.X\i2c_common.asm
              _.code_0069   0x000597    program     static ..\realtimeclock.X\i2c_common.asm
              _.code_0074   0x0005a2    program     static ..\realtimeclock.X\i2c_common.asm
              _.code_007C   0x0005aa    program     static ..\realtimeclock.X\i2c_common.asm
              _.code_0087   0x0005b5    program     static ..\realtimeclock.X\i2c_common.asm
              _.code_0093   0x0005c1    program     static ..\realtimeclock.X\i2c_common.asm
              _.code_009A   0x0005c8    program     static ..\realtimeclock.X\i2c_common.asm
              _.code_00AE   0x0005dc    program     static ..\realtimeclock.X\i2c_common.asm
              _.code_00B6   0x0005e4    program     static ..\realtimeclock.X\i2c_common.asm
              _.code_00C6   0x0005f4    program     static ..\realtimeclock.X\i2c_common.asm
              _.code_00D2   0x000600    program     static ..\realtimeclock.X\i2c_common.asm
              _.code_00D8   0x000606    program     static ..\realtimeclock.X\i2c_common.asm
              _.code_00E0   0x00060e    program     static ..\realtimeclock.X\i2c_common.asm
              _.code_00EB   0x000619    program     static ..\realtimeclock.X\i2c_common.asm
              _.code_00F7   0x000625    program     static ..\realtimeclock.X\i2c_common.asm
              _.code_00FC   0x00062a    program     static ..\realtimeclock.X\i2c_common.asm
             _.org_1_0144   0x000144    program     static C:\Users\Doge\Documents\GitHub\robot\go_go_gadget_candlelight.X\main.asm
             _.org_1_018A   0x00018a    program     static C:\Users\Doge\Documents\GitHub\robot\go_go_gadget_candlelight.X\main.asm
             _.org_1_018F   0x00018f    program     static C:\Users\Doge\Documents\GitHub\robot\go_go_gadget_candlelight.X\main.asm
             _.org_1_01A8   0x0001a8    program     static C:\Users\Doge\Documents\GitHub\robot\go_go_gadget_candlelight.X\main.asm
             _.org_1_0201   0x000201    program     static C:\Users\Doge\Documents\GitHub\robot\go_go_gadget_candlelight.X\main.asm
             _.org_1_04BA   0x0004ba    program     static C:\Users\Doge\Documents\GitHub\robot\go_go_gadget_candlelight.X\main.asm
             _.org_1_04BC   0x0004bc    program     static C:\Users\Doge\Documents\GitHub\robot\go_go_gadget_candlelight.X\main.asm
             _.org_1_04BF   0x0004bf    program     static C:\Users\Doge\Documents\GitHub\robot\go_go_gadget_candlelight.X\main.asm
             _.org_1_04C7   0x0004c7    program     static C:\Users\Doge\Documents\GitHub\robot\go_go_gadget_candlelight.X\main.asm
             _.org_1_051D   0x00051d    program     static C:\Users\Doge\Documents\GitHub\robot\go_go_gadget_candlelight.X\main.asm
              _14end_disp   0x00015b    program     static C:\Users\Doge\Documents\GitHub\robot\go_go_gadget_candlelight.X\main.asm
             _14loop_disp   0x000153    program     static C:\Users\Doge\Documents\GitHub\robot\go_go_gadget_candlelight.X\main.asm
              _27end_disp   0x000181    program     static C:\Users\Doge\Documents\GitHub\robot\go_go_gadget_candlelight.X\main.asm
             _27loop_disp   0x000179    program     static C:\Users\Doge\Documents\GitHub\robot\go_go_gadget_candlelight.X\main.asm
              _28end_disp   0x00019c    program     static C:\Users\Doge\Documents\GitHub\robot\go_go_gadget_candlelight.X\main.asm
             _28loop_disp   0x000194    program     static C:\Users\Doge\Documents\GitHub\robot\go_go_gadget_candlelight.X\main.asm
              _29end_disp   0x0001a7    program     static C:\Users\Doge\Documents\GitHub\robot\go_go_gadget_candlelight.X\main.asm
             _29loop_disp   0x00019f    program     static C:\Users\Doge\Documents\GitHub\robot\go_go_gadget_candlelight.X\main.asm
              _30end_disp   0x0001ba    program     static C:\Users\Doge\Documents\GitHub\robot\go_go_gadget_candlelight.X\main.asm
             _30loop_disp   0x0001b2    program     static C:\Users\Doge\Documents\GitHub\robot\go_go_gadget_candlelight.X\main.asm
              _31end_disp   0x0001cb    program     static C:\Users\Doge\Documents\GitHub\robot\go_go_gadget_candlelight.X\main.asm
             _31loop_disp   0x0001c3    program     static C:\Users\Doge\Documents\GitHub\robot\go_go_gadget_candlelight.X\main.asm
              _32end_disp   0x0001dc    program     static C:\Users\Doge\Documents\GitHub\robot\go_go_gadget_candlelight.X\main.asm
             _32loop_disp   0x0001d4    program     static C:\Users\Doge\Documents\GitHub\robot\go_go_gadget_candlelight.X\main.asm
              _33end_disp   0x0001ed    program     static C:\Users\Doge\Documents\GitHub\robot\go_go_gadget_candlelight.X\main.asm
             _33loop_disp   0x0001e5    program     static C:\Users\Doge\Documents\GitHub\robot\go_go_gadget_candlelight.X\main.asm
              _34end_disp   0x0001fe    program     static C:\Users\Doge\Documents\GitHub\robot\go_go_gadget_candlelight.X\main.asm
             _34loop_disp   0x0001f6    program     static C:\Users\Doge\Documents\GitHub\robot\go_go_gadget_candlelight.X\main.asm
              _44end_disp   0x000296    program     static C:\Users\Doge\Documents\GitHub\robot\go_go_gadget_candlelight.X\main.asm
             _44loop_disp   0x00028e    program     static C:\Users\Doge\Documents\GitHub\robot\go_go_gadget_candlelight.X\main.asm
              _45end_disp   0x0002ac    program     static C:\Users\Doge\Documents\GitHub\robot\go_go_gadget_candlelight.X\main.asm
             _45loop_disp   0x0002a4    program     static C:\Users\Doge\Documents\GitHub\robot\go_go_gadget_candlelight.X\main.asm
              _46end_disp   0x0002bb    program     static C:\Users\Doge\Documents\GitHub\robot\go_go_gadget_candlelight.X\main.asm
             _46loop_disp   0x0002b3    program     static C:\Users\Doge\Documents\GitHub\robot\go_go_gadget_candlelight.X\main.asm
              _47end_disp   0x0002ca    program     static C:\Users\Doge\Documents\GitHub\robot\go_go_gadget_candlelight.X\main.asm
             _47loop_disp   0x0002c2    program     static C:\Users\Doge\Documents\GitHub\robot\go_go_gadget_candlelight.X\main.asm
              _48end_disp   0x0002d9    program     static C:\Users\Doge\Documents\GitHub\robot\go_go_gadget_candlelight.X\main.asm
             _48loop_disp   0x0002d1    program     static C:\Users\Doge\Documents\GitHub\robot\go_go_gadget_candlelight.X\main.asm
              _49end_disp   0x0002e6    program     static C:\Users\Doge\Documents\GitHub\robot\go_go_gadget_candlelight.X\main.asm
             _49loop_disp   0x0002de    program     static C:\Users\Doge\Documents\GitHub\robot\go_go_gadget_candlelight.X\main.asm
              _51end_disp   0x0002f5    program     static C:\Users\Doge\Documents\GitHub\robot\go_go_gadget_candlelight.X\main.asm
             _51loop_disp   0x0002ed    program     static C:\Users\Doge\Documents\GitHub\robot\go_go_gadget_candlelight.X\main.asm
              _55end_disp   0x000307    program     static C:\Users\Doge\Documents\GitHub\robot\go_go_gadget_candlelight.X\main.asm
             _55loop_disp   0x0002ff    program     static C:\Users\Doge\Documents\GitHub\robot\go_go_gadget_candlelight.X\main.asm
              _57end_disp   0x000317    program     static C:\Users\Doge\Documents\GitHub\robot\go_go_gadget_candlelight.X\main.asm
             _57loop_disp   0x00030f    program     static C:\Users\Doge\Documents\GitHub\robot\go_go_gadget_candlelight.X\main.asm
              _58end_disp   0x000324    program     static C:\Users\Doge\Documents\GitHub\robot\go_go_gadget_candlelight.X\main.asm
             _58loop_disp   0x00031c    program     static C:\Users\Doge\Documents\GitHub\robot\go_go_gadget_candlelight.X\main.asm
              _59end_disp   0x000332    program     static C:\Users\Doge\Documents\GitHub\robot\go_go_gadget_candlelight.X\main.asm
             _59loop_disp   0x00032a    program     static C:\Users\Doge\Documents\GitHub\robot\go_go_gadget_candlelight.X\main.asm
               _5end_disp   0x0000dd    program     static C:\Users\Doge\Documents\GitHub\robot\go_go_gadget_candlelight.X\main.asm
              _5loop_disp   0x0000d5    program     static C:\Users\Doge\Documents\GitHub\robot\go_go_gadget_candlelight.X\main.asm
              _60end_disp   0x00033f    program     static C:\Users\Doge\Documents\GitHub\robot\go_go_gadget_candlelight.X\main.asm
             _60loop_disp   0x000337    program     static C:\Users\Doge\Documents\GitHub\robot\go_go_gadget_candlelight.X\main.asm
              _65end_disp   0x000366    program     static C:\Users\Doge\Documents\GitHub\robot\go_go_gadget_candlelight.X\main.asm
             _65loop_disp   0x00035e    program     static C:\Users\Doge\Documents\GitHub\robot\go_go_gadget_candlelight.X\main.asm
              _69end_disp   0x000385    program     static C:\Users\Doge\Documents\GitHub\robot\go_go_gadget_candlelight.X\main.asm
             _69loop_disp   0x00037d    program     static C:\Users\Doge\Documents\GitHub\robot\go_go_gadget_candlelight.X\main.asm
                 add3huns   0x0004a4    program     static C:\Users\Doge\Documents\GitHub\robot\go_go_gadget_candlelight.X\main.asm
                 add3ones   0x0004aa    program     static C:\Users\Doge\Documents\GitHub\robot\go_go_gadget_candlelight.X\main.asm
                 add3tens   0x0004a7    program     static C:\Users\Doge\Documents\GitHub\robot\go_go_gadget_candlelight.X\main.asm
                   badkey   0x000200    program     static C:\Users\Doge\Documents\GitHub\robot\go_go_gadget_candlelight.X\main.asm
               big_number   0x000480    program     static C:\Users\Doge\Documents\GitHub\robot\go_go_gadget_candlelight.X\main.asm
                carryones   0x0004ad    program     static C:\Users\Doge\Documents\GitHub\robot\go_go_gadget_candlelight.X\main.asm
                carrytens   0x0004b0    program     static C:\Users\Doge\Documents\GitHub\robot\go_go_gadget_candlelight.X\main.asm
                  check_1   0x000204    program     static C:\Users\Doge\Documents\GitHub\robot\go_go_gadget_candlelight.X\main.asm
                  check_2   0x00020f    program     static C:\Users\Doge\Documents\GitHub\robot\go_go_gadget_candlelight.X\main.asm
                  check_3   0x00021b    program     static C:\Users\Doge\Documents\GitHub\robot\go_go_gadget_candlelight.X\main.asm
                  check_4   0x000227    program     static C:\Users\Doge\Documents\GitHub\robot\go_go_gadget_candlelight.X\main.asm
                  check_5   0x000233    program     static C:\Users\Doge\Documents\GitHub\robot\go_go_gadget_candlelight.X\main.asm
                  check_6   0x00023f    program     static C:\Users\Doge\Documents\GitHub\robot\go_go_gadget_candlelight.X\main.asm
                  check_7   0x00024b    program     static C:\Users\Doge\Documents\GitHub\robot\go_go_gadget_candlelight.X\main.asm
                  check_8   0x000257    program     static C:\Users\Doge\Documents\GitHub\robot\go_go_gadget_candlelight.X\main.asm
                  check_9   0x000263    program     static C:\Users\Doge\Documents\GitHub\robot\go_go_gadget_candlelight.X\main.asm
                 check_FF   0x000340    program     static C:\Users\Doge\Documents\GitHub\robot\go_go_gadget_candlelight.X\main.asm
                check_LED   0x0002bc    program     static C:\Users\Doge\Documents\GitHub\robot\go_go_gadget_candlelight.X\main.asm
                 check_LF   0x000325    program     static C:\Users\Doge\Documents\GitHub\robot\go_go_gadget_candlelight.X\main.asm
          check_defective   0x000275    program     static C:\Users\Doge\Documents\GitHub\robot\go_go_gadget_candlelight.X\main.asm
               check_done   0x0001ef    program     static C:\Users\Doge\Documents\GitHub\robot\go_go_gadget_candlelight.X\main.asm
             check_export   0x000281    program     static C:\Users\Doge\Documents\GitHub\robot\go_go_gadget_candlelight.X\main.asm
              check_flick   0x0002cb    program     static C:\Users\Doge\Documents\GitHub\robot\go_go_gadget_candlelight.X\main.asm
           check_for_fail   0x000343    program     static C:\Users\Doge\Documents\GitHub\robot\go_go_gadget_candlelight.X\main.asm
               check_log1   0x0001ac    program     static C:\Users\Doge\Documents\GitHub\robot\go_go_gadget_candlelight.X\main.asm
               check_log2   0x0001bc    program     static C:\Users\Doge\Documents\GitHub\robot\go_go_gadget_candlelight.X\main.asm
               check_log3   0x0001cd    program     static C:\Users\Doge\Documents\GitHub\robot\go_go_gadget_candlelight.X\main.asm
               check_log4   0x0001de    program     static C:\Users\Doge\Documents\GitHub\robot\go_go_gadget_candlelight.X\main.asm
               check_next   0x000349    program     static C:\Users\Doge\Documents\GitHub\robot\go_go_gadget_candlelight.X\main.asm
               check_none   0x00029f    program     static C:\Users\Doge\Documents\GitHub\robot\go_go_gadget_candlelight.X\main.asm
               check_pass   0x0002ad    program     static C:\Users\Doge\Documents\GitHub\robot\go_go_gadget_candlelight.X\main.asm
            check_standby   0x000287    program     static C:\Users\Doge\Documents\GitHub\robot\go_go_gadget_candlelight.X\main.asm
              check_start   0x000298    program     static C:\Users\Doge\Documents\GitHub\robot\go_go_gadget_candlelight.X\main.asm
            check_summary   0x00026f    program     static C:\Users\Doge\Documents\GitHub\robot\go_go_gadget_candlelight.X\main.asm
               check_time   0x00027b    program     static C:\Users\Doge\Documents\GitHub\robot\go_go_gadget_candlelight.X\main.asm
              default_key   0x00029d    program     static C:\Users\Doge\Documents\GitHub\robot\go_go_gadget_candlelight.X\main.asm
            default_state   0x0002da    program     static C:\Users\Doge\Documents\GitHub\robot\go_go_gadget_candlelight.X\main.asm
                defective   0x00030c    program     static C:\Users\Doge\Documents\GitHub\robot\go_go_gadget_candlelight.X\main.asm
                 delay5ms   0x0004c2    program     static C:\Users\Doge\Documents\GitHub\robot\go_go_gadget_candlelight.X\main.asm
            display_state   0x00029e    program     static C:\Users\Doge\Documents\GitHub\robot\go_go_gadget_candlelight.X\main.asm
           end_check_fail   0x00035a    program     static C:\Users\Doge\Documents\GitHub\robot\go_go_gadget_candlelight.X\main.asm
                  end_isr   0x000528    program     static C:\Users\Doge\Documents\GitHub\robot\go_go_gadget_candlelight.X\main.asm
            end_operation   0x000175    program     static C:\Users\Doge\Documents\GitHub\robot\go_go_gadget_candlelight.X\main.asm
                   export   0x000386    program     static C:\Users\Doge\Documents\GitHub\robot\go_go_gadget_candlelight.X\main.asm
         i2c_common_setup   0x00052e    program     extern ..\realtimeclock.X\i2c_common.asm
              information   0x000203    program     static C:\Users\Doge\Documents\GitHub\robot\go_go_gadget_candlelight.X\main.asm
                     init   0x0000be    program     static C:\Users\Doge\Documents\GitHub\robot\go_go_gadget_candlelight.X\main.asm
                      isr   0x00051f    program     static C:\Users\Doge\Documents\GitHub\robot\go_go_gadget_candlelight.X\main.asm
                     logs   0x000191    program     static C:\Users\Doge\Documents\GitHub\robot\go_go_gadget_candlelight.X\main.asm
                  no_huns   0x000370    program     static C:\Users\Doge\Documents\GitHub\robot\go_go_gadget_candlelight.X\main.asm
                  no_tens   0x000377    program     static C:\Users\Doge\Documents\GitHub\robot\go_go_gadget_candlelight.X\main.asm
                   nohuns   0x0003f0    program     static C:\Users\Doge\Documents\GitHub\robot\go_go_gadget_candlelight.X\main.asm
                   notens   0x0003fa    program     static C:\Users\Doge\Documents\GitHub\robot\go_go_gadget_candlelight.X\main.asm
                   now_FF   0x000327    program     static C:\Users\Doge\Documents\GitHub\robot\go_go_gadget_candlelight.X\main.asm
                 p2p_read   0x000602    program     extern ..\realtimeclock.X\i2c_common.asm
                p2p_write   0x0005d8    program     extern ..\realtimeclock.X\i2c_common.asm
                     poll   0x000189    program     static C:\Users\Doge\Documents\GitHub\robot\go_go_gadget_candlelight.X\main.asm
                  polling   0x0001a7    program     static C:\Users\Doge\Documents\GitHub\robot\go_go_gadget_candlelight.X\main.asm
                 read_rtc   0x00057b    program     extern ..\realtimeclock.X\i2c_common.asm
              rtc_convert   0x0005ca    program     extern ..\realtimeclock.X\i2c_common.asm
                    start   0x000146    program     static C:\Users\Doge\Documents\GitHub\robot\go_go_gadget_candlelight.X\main.asm
                  summary   0x0002db    program     static C:\Users\Doge\Documents\GitHub\robot\go_go_gadget_candlelight.X\main.asm
                     time   0x00035b    program     static C:\Users\Doge\Documents\GitHub\robot\go_go_gadget_candlelight.X\main.asm
                  waiting   0x0000de    program     static C:\Users\Doge\Documents\GitHub\robot\go_go_gadget_candlelight.X\main.asm
                write_rtc   0x000540    program     extern ..\realtimeclock.X\i2c_common.asm
                writetoPC   0x000519    program     static C:\Users\Doge\Documents\GitHub\robot\go_go_gadget_candlelight.X\main.asm



                              Symbols - Sorted by Address
                     Name    Address   Location    Storage File                     
                ---------  ---------  ---------  --------- ---------                
              Standby_Msg   0x000005    program     static C:\Users\Doge\Documents\GitHub\robot\go_go_gadget_candlelight.X\main.asm
                Start_Msg   0x00000e    program     static C:\Users\Doge\Documents\GitHub\robot\go_go_gadget_candlelight.X\main.asm
                  End_Msg   0x000020    program     static C:\Users\Doge\Documents\GitHub\robot\go_go_gadget_candlelight.X\main.asm
                 Time_Msg   0x00002a    program     static C:\Users\Doge\Documents\GitHub\robot\go_go_gadget_candlelight.X\main.asm
                  Seconds   0x00003b    program     static C:\Users\Doge\Documents\GitHub\robot\go_go_gadget_candlelight.X\main.asm
              Not_present   0x000045    program     static C:\Users\Doge\Documents\GitHub\robot\go_go_gadget_candlelight.X\main.asm
                     Pass   0x000054    program     static C:\Users\Doge\Documents\GitHub\robot\go_go_gadget_candlelight.X\main.asm
                 LED_fail   0x00005c    program     static C:\Users\Doge\Documents\GitHub\robot\go_go_gadget_candlelight.X\main.asm
               Flick_fail   0x000068    program     static C:\Users\Doge\Documents\GitHub\robot\go_go_gadget_candlelight.X\main.asm
                Total_Msg   0x000078    program     static C:\Users\Doge\Documents\GitHub\robot\go_go_gadget_candlelight.X\main.asm
                       LF   0x000089    program     static C:\Users\Doge\Documents\GitHub\robot\go_go_gadget_candlelight.X\main.asm
                       FF   0x00008f    program     static C:\Users\Doge\Documents\GitHub\robot\go_go_gadget_candlelight.X\main.asm
                     None   0x000095    program     static C:\Users\Doge\Documents\GitHub\robot\go_go_gadget_candlelight.X\main.asm
                Logs_Msg1   0x00009d    program     static C:\Users\Doge\Documents\GitHub\robot\go_go_gadget_candlelight.X\main.asm
                Logs_Msg2   0x0000ad    program     static C:\Users\Doge\Documents\GitHub\robot\go_go_gadget_candlelight.X\main.asm
                     init   0x0000be    program     static C:\Users\Doge\Documents\GitHub\robot\go_go_gadget_candlelight.X\main.asm
              _5loop_disp   0x0000d5    program     static C:\Users\Doge\Documents\GitHub\robot\go_go_gadget_candlelight.X\main.asm
               _5end_disp   0x0000dd    program     static C:\Users\Doge\Documents\GitHub\robot\go_go_gadget_candlelight.X\main.asm
                  waiting   0x0000de    program     static C:\Users\Doge\Documents\GitHub\robot\go_go_gadget_candlelight.X\main.asm
             _.org_1_0144   0x000144    program     static C:\Users\Doge\Documents\GitHub\robot\go_go_gadget_candlelight.X\main.asm
                    start   0x000146    program     static C:\Users\Doge\Documents\GitHub\robot\go_go_gadget_candlelight.X\main.asm
             _14loop_disp   0x000153    program     static C:\Users\Doge\Documents\GitHub\robot\go_go_gadget_candlelight.X\main.asm
              _14end_disp   0x00015b    program     static C:\Users\Doge\Documents\GitHub\robot\go_go_gadget_candlelight.X\main.asm
            end_operation   0x000175    program     static C:\Users\Doge\Documents\GitHub\robot\go_go_gadget_candlelight.X\main.asm
             _27loop_disp   0x000179    program     static C:\Users\Doge\Documents\GitHub\robot\go_go_gadget_candlelight.X\main.asm
              _27end_disp   0x000181    program     static C:\Users\Doge\Documents\GitHub\robot\go_go_gadget_candlelight.X\main.asm
                     poll   0x000189    program     static C:\Users\Doge\Documents\GitHub\robot\go_go_gadget_candlelight.X\main.asm
             _.org_1_018A   0x00018a    program     static C:\Users\Doge\Documents\GitHub\robot\go_go_gadget_candlelight.X\main.asm
             _.org_1_018F   0x00018f    program     static C:\Users\Doge\Documents\GitHub\robot\go_go_gadget_candlelight.X\main.asm
                     logs   0x000191    program     static C:\Users\Doge\Documents\GitHub\robot\go_go_gadget_candlelight.X\main.asm
             _28loop_disp   0x000194    program     static C:\Users\Doge\Documents\GitHub\robot\go_go_gadget_candlelight.X\main.asm
              _28end_disp   0x00019c    program     static C:\Users\Doge\Documents\GitHub\robot\go_go_gadget_candlelight.X\main.asm
             _29loop_disp   0x00019f    program     static C:\Users\Doge\Documents\GitHub\robot\go_go_gadget_candlelight.X\main.asm
                  polling   0x0001a7    program     static C:\Users\Doge\Documents\GitHub\robot\go_go_gadget_candlelight.X\main.asm
              _29end_disp   0x0001a7    program     static C:\Users\Doge\Documents\GitHub\robot\go_go_gadget_candlelight.X\main.asm
             _.org_1_01A8   0x0001a8    program     static C:\Users\Doge\Documents\GitHub\robot\go_go_gadget_candlelight.X\main.asm
               check_log1   0x0001ac    program     static C:\Users\Doge\Documents\GitHub\robot\go_go_gadget_candlelight.X\main.asm
             _30loop_disp   0x0001b2    program     static C:\Users\Doge\Documents\GitHub\robot\go_go_gadget_candlelight.X\main.asm
              _30end_disp   0x0001ba    program     static C:\Users\Doge\Documents\GitHub\robot\go_go_gadget_candlelight.X\main.asm
               check_log2   0x0001bc    program     static C:\Users\Doge\Documents\GitHub\robot\go_go_gadget_candlelight.X\main.asm
             _31loop_disp   0x0001c3    program     static C:\Users\Doge\Documents\GitHub\robot\go_go_gadget_candlelight.X\main.asm
              _31end_disp   0x0001cb    program     static C:\Users\Doge\Documents\GitHub\robot\go_go_gadget_candlelight.X\main.asm
               check_log3   0x0001cd    program     static C:\Users\Doge\Documents\GitHub\robot\go_go_gadget_candlelight.X\main.asm
             _32loop_disp   0x0001d4    program     static C:\Users\Doge\Documents\GitHub\robot\go_go_gadget_candlelight.X\main.asm
              _32end_disp   0x0001dc    program     static C:\Users\Doge\Documents\GitHub\robot\go_go_gadget_candlelight.X\main.asm
               check_log4   0x0001de    program     static C:\Users\Doge\Documents\GitHub\robot\go_go_gadget_candlelight.X\main.asm
             _33loop_disp   0x0001e5    program     static C:\Users\Doge\Documents\GitHub\robot\go_go_gadget_candlelight.X\main.asm
              _33end_disp   0x0001ed    program     static C:\Users\Doge\Documents\GitHub\robot\go_go_gadget_candlelight.X\main.asm
               check_done   0x0001ef    program     static C:\Users\Doge\Documents\GitHub\robot\go_go_gadget_candlelight.X\main.asm
             _34loop_disp   0x0001f6    program     static C:\Users\Doge\Documents\GitHub\robot\go_go_gadget_candlelight.X\main.asm
              _34end_disp   0x0001fe    program     static C:\Users\Doge\Documents\GitHub\robot\go_go_gadget_candlelight.X\main.asm
                   badkey   0x000200    program     static C:\Users\Doge\Documents\GitHub\robot\go_go_gadget_candlelight.X\main.asm
             _.org_1_0201   0x000201    program     static C:\Users\Doge\Documents\GitHub\robot\go_go_gadget_candlelight.X\main.asm
              information   0x000203    program     static C:\Users\Doge\Documents\GitHub\robot\go_go_gadget_candlelight.X\main.asm
                  check_1   0x000204    program     static C:\Users\Doge\Documents\GitHub\robot\go_go_gadget_candlelight.X\main.asm
                  check_2   0x00020f    program     static C:\Users\Doge\Documents\GitHub\robot\go_go_gadget_candlelight.X\main.asm
                  check_3   0x00021b    program     static C:\Users\Doge\Documents\GitHub\robot\go_go_gadget_candlelight.X\main.asm
                  check_4   0x000227    program     static C:\Users\Doge\Documents\GitHub\robot\go_go_gadget_candlelight.X\main.asm
                  check_5   0x000233    program     static C:\Users\Doge\Documents\GitHub\robot\go_go_gadget_candlelight.X\main.asm
                  check_6   0x00023f    program     static C:\Users\Doge\Documents\GitHub\robot\go_go_gadget_candlelight.X\main.asm
                  check_7   0x00024b    program     static C:\Users\Doge\Documents\GitHub\robot\go_go_gadget_candlelight.X\main.asm
                  check_8   0x000257    program     static C:\Users\Doge\Documents\GitHub\robot\go_go_gadget_candlelight.X\main.asm
                  check_9   0x000263    program     static C:\Users\Doge\Documents\GitHub\robot\go_go_gadget_candlelight.X\main.asm
            check_summary   0x00026f    program     static C:\Users\Doge\Documents\GitHub\robot\go_go_gadget_candlelight.X\main.asm
          check_defective   0x000275    program     static C:\Users\Doge\Documents\GitHub\robot\go_go_gadget_candlelight.X\main.asm
               check_time   0x00027b    program     static C:\Users\Doge\Documents\GitHub\robot\go_go_gadget_candlelight.X\main.asm
             check_export   0x000281    program     static C:\Users\Doge\Documents\GitHub\robot\go_go_gadget_candlelight.X\main.asm
            check_standby   0x000287    program     static C:\Users\Doge\Documents\GitHub\robot\go_go_gadget_candlelight.X\main.asm
             _44loop_disp   0x00028e    program     static C:\Users\Doge\Documents\GitHub\robot\go_go_gadget_candlelight.X\main.asm
              _44end_disp   0x000296    program     static C:\Users\Doge\Documents\GitHub\robot\go_go_gadget_candlelight.X\main.asm
              check_start   0x000298    program     static C:\Users\Doge\Documents\GitHub\robot\go_go_gadget_candlelight.X\main.asm
              default_key   0x00029d    program     static C:\Users\Doge\Documents\GitHub\robot\go_go_gadget_candlelight.X\main.asm
            display_state   0x00029e    program     static C:\Users\Doge\Documents\GitHub\robot\go_go_gadget_candlelight.X\main.asm
               check_none   0x00029f    program     static C:\Users\Doge\Documents\GitHub\robot\go_go_gadget_candlelight.X\main.asm
             _45loop_disp   0x0002a4    program     static C:\Users\Doge\Documents\GitHub\robot\go_go_gadget_candlelight.X\main.asm
              _45end_disp   0x0002ac    program     static C:\Users\Doge\Documents\GitHub\robot\go_go_gadget_candlelight.X\main.asm
               check_pass   0x0002ad    program     static C:\Users\Doge\Documents\GitHub\robot\go_go_gadget_candlelight.X\main.asm
             _46loop_disp   0x0002b3    program     static C:\Users\Doge\Documents\GitHub\robot\go_go_gadget_candlelight.X\main.asm
              _46end_disp   0x0002bb    program     static C:\Users\Doge\Documents\GitHub\robot\go_go_gadget_candlelight.X\main.asm
                check_LED   0x0002bc    program     static C:\Users\Doge\Documents\GitHub\robot\go_go_gadget_candlelight.X\main.asm
             _47loop_disp   0x0002c2    program     static C:\Users\Doge\Documents\GitHub\robot\go_go_gadget_candlelight.X\main.asm
              _47end_disp   0x0002ca    program     static C:\Users\Doge\Documents\GitHub\robot\go_go_gadget_candlelight.X\main.asm
              check_flick   0x0002cb    program     static C:\Users\Doge\Documents\GitHub\robot\go_go_gadget_candlelight.X\main.asm
             _48loop_disp   0x0002d1    program     static C:\Users\Doge\Documents\GitHub\robot\go_go_gadget_candlelight.X\main.asm
              _48end_disp   0x0002d9    program     static C:\Users\Doge\Documents\GitHub\robot\go_go_gadget_candlelight.X\main.asm
            default_state   0x0002da    program     static C:\Users\Doge\Documents\GitHub\robot\go_go_gadget_candlelight.X\main.asm
                  summary   0x0002db    program     static C:\Users\Doge\Documents\GitHub\robot\go_go_gadget_candlelight.X\main.asm
             _49loop_disp   0x0002de    program     static C:\Users\Doge\Documents\GitHub\robot\go_go_gadget_candlelight.X\main.asm
              _49end_disp   0x0002e6    program     static C:\Users\Doge\Documents\GitHub\robot\go_go_gadget_candlelight.X\main.asm
             _51loop_disp   0x0002ed    program     static C:\Users\Doge\Documents\GitHub\robot\go_go_gadget_candlelight.X\main.asm
              _51end_disp   0x0002f5    program     static C:\Users\Doge\Documents\GitHub\robot\go_go_gadget_candlelight.X\main.asm
             _55loop_disp   0x0002ff    program     static C:\Users\Doge\Documents\GitHub\robot\go_go_gadget_candlelight.X\main.asm
              _55end_disp   0x000307    program     static C:\Users\Doge\Documents\GitHub\robot\go_go_gadget_candlelight.X\main.asm
                defective   0x00030c    program     static C:\Users\Doge\Documents\GitHub\robot\go_go_gadget_candlelight.X\main.asm
             _57loop_disp   0x00030f    program     static C:\Users\Doge\Documents\GitHub\robot\go_go_gadget_candlelight.X\main.asm
              _57end_disp   0x000317    program     static C:\Users\Doge\Documents\GitHub\robot\go_go_gadget_candlelight.X\main.asm
             _58loop_disp   0x00031c    program     static C:\Users\Doge\Documents\GitHub\robot\go_go_gadget_candlelight.X\main.asm
              _58end_disp   0x000324    program     static C:\Users\Doge\Documents\GitHub\robot\go_go_gadget_candlelight.X\main.asm
                 check_LF   0x000325    program     static C:\Users\Doge\Documents\GitHub\robot\go_go_gadget_candlelight.X\main.asm
                   now_FF   0x000327    program     static C:\Users\Doge\Documents\GitHub\robot\go_go_gadget_candlelight.X\main.asm
             _59loop_disp   0x00032a    program     static C:\Users\Doge\Documents\GitHub\robot\go_go_gadget_candlelight.X\main.asm
              _59end_disp   0x000332    program     static C:\Users\Doge\Documents\GitHub\robot\go_go_gadget_candlelight.X\main.asm
             _60loop_disp   0x000337    program     static C:\Users\Doge\Documents\GitHub\robot\go_go_gadget_candlelight.X\main.asm
              _60end_disp   0x00033f    program     static C:\Users\Doge\Documents\GitHub\robot\go_go_gadget_candlelight.X\main.asm
                 check_FF   0x000340    program     static C:\Users\Doge\Documents\GitHub\robot\go_go_gadget_candlelight.X\main.asm
           check_for_fail   0x000343    program     static C:\Users\Doge\Documents\GitHub\robot\go_go_gadget_candlelight.X\main.asm
               check_next   0x000349    program     static C:\Users\Doge\Documents\GitHub\robot\go_go_gadget_candlelight.X\main.asm
           end_check_fail   0x00035a    program     static C:\Users\Doge\Documents\GitHub\robot\go_go_gadget_candlelight.X\main.asm
                     time   0x00035b    program     static C:\Users\Doge\Documents\GitHub\robot\go_go_gadget_candlelight.X\main.asm
             _65loop_disp   0x00035e    program     static C:\Users\Doge\Documents\GitHub\robot\go_go_gadget_candlelight.X\main.asm
              _65end_disp   0x000366    program     static C:\Users\Doge\Documents\GitHub\robot\go_go_gadget_candlelight.X\main.asm
                  no_huns   0x000370    program     static C:\Users\Doge\Documents\GitHub\robot\go_go_gadget_candlelight.X\main.asm
                  no_tens   0x000377    program     static C:\Users\Doge\Documents\GitHub\robot\go_go_gadget_candlelight.X\main.asm
             _69loop_disp   0x00037d    program     static C:\Users\Doge\Documents\GitHub\robot\go_go_gadget_candlelight.X\main.asm
              _69end_disp   0x000385    program     static C:\Users\Doge\Documents\GitHub\robot\go_go_gadget_candlelight.X\main.asm
                   export   0x000386    program     static C:\Users\Doge\Documents\GitHub\robot\go_go_gadget_candlelight.X\main.asm
                   nohuns   0x0003f0    program     static C:\Users\Doge\Documents\GitHub\robot\go_go_gadget_candlelight.X\main.asm
                   notens   0x0003fa    program     static C:\Users\Doge\Documents\GitHub\robot\go_go_gadget_candlelight.X\main.asm
               big_number   0x000480    program     static C:\Users\Doge\Documents\GitHub\robot\go_go_gadget_candlelight.X\main.asm
                  BCDadd3   0x000487    program     static C:\Users\Doge\Documents\GitHub\robot\go_go_gadget_candlelight.X\main.asm
                 add3huns   0x0004a4    program     static C:\Users\Doge\Documents\GitHub\robot\go_go_gadget_candlelight.X\main.asm
                 add3tens   0x0004a7    program     static C:\Users\Doge\Documents\GitHub\robot\go_go_gadget_candlelight.X\main.asm
                 add3ones   0x0004aa    program     static C:\Users\Doge\Documents\GitHub\robot\go_go_gadget_candlelight.X\main.asm
                carryones   0x0004ad    program     static C:\Users\Doge\Documents\GitHub\robot\go_go_gadget_candlelight.X\main.asm
                carrytens   0x0004b0    program     static C:\Users\Doge\Documents\GitHub\robot\go_go_gadget_candlelight.X\main.asm
                    HalfS   0x0004b3    program     static C:\Users\Doge\Documents\GitHub\robot\go_go_gadget_candlelight.X\main.asm
                  HalfS_0   0x0004b9    program     static C:\Users\Doge\Documents\GitHub\robot\go_go_gadget_candlelight.X\main.asm
             _.org_1_04BA   0x0004ba    program     static C:\Users\Doge\Documents\GitHub\robot\go_go_gadget_candlelight.X\main.asm
             _.org_1_04BC   0x0004bc    program     static C:\Users\Doge\Documents\GitHub\robot\go_go_gadget_candlelight.X\main.asm
             _.org_1_04BF   0x0004bf    program     static C:\Users\Doge\Documents\GitHub\robot\go_go_gadget_candlelight.X\main.asm
                 delay5ms   0x0004c2    program     static C:\Users\Doge\Documents\GitHub\robot\go_go_gadget_candlelight.X\main.asm
                  Delay_0   0x0004c6    program     static C:\Users\Doge\Documents\GitHub\robot\go_go_gadget_candlelight.X\main.asm
             _.org_1_04C7   0x0004c7    program     static C:\Users\Doge\Documents\GitHub\robot\go_go_gadget_candlelight.X\main.asm
                  InitLCD   0x0004cb    program     static C:\Users\Doge\Documents\GitHub\robot\go_go_gadget_candlelight.X\main.asm
            Clear_Display   0x0004e9    program     static C:\Users\Doge\Documents\GitHub\robot\go_go_gadget_candlelight.X\main.asm
             Switch_Lines   0x0004ec    program     static C:\Users\Doge\Documents\GitHub\robot\go_go_gadget_candlelight.X\main.asm
                   WR_INS   0x0004ef    program     static C:\Users\Doge\Documents\GitHub\robot\go_go_gadget_candlelight.X\main.asm
                  WR_DATA   0x0004fe    program     static C:\Users\Doge\Documents\GitHub\robot\go_go_gadget_candlelight.X\main.asm
                InitUSART   0x00050f    program     static C:\Users\Doge\Documents\GitHub\robot\go_go_gadget_candlelight.X\main.asm
                writetoPC   0x000519    program     static C:\Users\Doge\Documents\GitHub\robot\go_go_gadget_candlelight.X\main.asm
             _.org_1_051D   0x00051d    program     static C:\Users\Doge\Documents\GitHub\robot\go_go_gadget_candlelight.X\main.asm
                      isr   0x00051f    program     static C:\Users\Doge\Documents\GitHub\robot\go_go_gadget_candlelight.X\main.asm
                  end_isr   0x000528    program     static C:\Users\Doge\Documents\GitHub\robot\go_go_gadget_candlelight.X\main.asm
         i2c_common_setup   0x00052e    program     extern ..\realtimeclock.X\i2c_common.asm
              _.code_0010   0x00053e    program     static ..\realtimeclock.X\i2c_common.asm
                write_rtc   0x000540    program     extern ..\realtimeclock.X\i2c_common.asm
              _.code_0016   0x000544    program     static ..\realtimeclock.X\i2c_common.asm
              _.code_001E   0x00054c    program     static ..\realtimeclock.X\i2c_common.asm
              _.code_002E   0x00055c    program     static ..\realtimeclock.X\i2c_common.asm
              _.code_003E   0x00056c    program     static ..\realtimeclock.X\i2c_common.asm
                   WR_ERR   0x000574    program     static ..\realtimeclock.X\i2c_common.asm
                   WR_END   0x000575    program     static ..\realtimeclock.X\i2c_common.asm
              _.code_004B   0x000579    program     static ..\realtimeclock.X\i2c_common.asm
                 read_rtc   0x00057b    program     extern ..\realtimeclock.X\i2c_common.asm
              _.code_0051   0x00057f    program     static ..\realtimeclock.X\i2c_common.asm
              _.code_0059   0x000587    program     static ..\realtimeclock.X\i2c_common.asm
              _.code_0069   0x000597    program     static ..\realtimeclock.X\i2c_common.asm
              _.code_0074   0x0005a2    program     static ..\realtimeclock.X\i2c_common.asm
              _.code_007C   0x0005aa    program     static ..\realtimeclock.X\i2c_common.asm
              _.code_0087   0x0005b5    program     static ..\realtimeclock.X\i2c_common.asm
              _.code_0093   0x0005c1    program     static ..\realtimeclock.X\i2c_common.asm
                   RD_ERR   0x0005c3    program     static ..\realtimeclock.X\i2c_common.asm
                   RD_END   0x0005c4    program     static ..\realtimeclock.X\i2c_common.asm
              _.code_009A   0x0005c8    program     static ..\realtimeclock.X\i2c_common.asm
              rtc_convert   0x0005ca    program     extern ..\realtimeclock.X\i2c_common.asm
                p2p_write   0x0005d8    program     extern ..\realtimeclock.X\i2c_common.asm
              _.code_00AE   0x0005dc    program     static ..\realtimeclock.X\i2c_common.asm
              _.code_00B6   0x0005e4    program     static ..\realtimeclock.X\i2c_common.asm
              _.code_00C6   0x0005f4    program     static ..\realtimeclock.X\i2c_common.asm
                    W_END   0x0005fc    program     static ..\realtimeclock.X\i2c_common.asm
              _.code_00D2   0x000600    program     static ..\realtimeclock.X\i2c_common.asm
                 p2p_read   0x000602    program     extern ..\realtimeclock.X\i2c_common.asm
              _.code_00D8   0x000606    program     static ..\realtimeclock.X\i2c_common.asm
              _.code_00E0   0x00060e    program     static ..\realtimeclock.X\i2c_common.asm
              _.code_00EB   0x000619    program     static ..\realtimeclock.X\i2c_common.asm
              _.code_00F7   0x000625    program     static ..\realtimeclock.X\i2c_common.asm
                    R_END   0x000626    program     static ..\realtimeclock.X\i2c_common.asm
              _.code_00FC   0x00062a    program     static ..\realtimeclock.X\i2c_common.asm


