MPLINK 5.00, LINKER
Linker Map File - Created Tue Feb 18 20:17:01 2014

                                 Section Info
                  Section       Type    Address   Location Size(Bytes)
                ---------  ---------  ---------  ---------  ---------
                   .org_0       code   0x000000    program   0x000002
                   .cinit    romdata   0x000001    program   0x000004
                   .org_1       code   0x000004    program   0x000b28
                    .code       code   0x000598    program   0x0001fc
.config_2007_BUILD/DEFAULT/PRODUCTION/MAIN.O       code   0x002007    program   0x000002



                              Program Memory Usage 
                               Start         End      
                           ---------   ---------      
                            0x000000    0x000002      
                            0x000004    0x000695      
                            0x002007    0x002007      
            1686 out of 8454 program addresses used, program memory utilization is 19%



                              Symbols - Sorted by Name
                     Name    Address   Location    Storage File                     
                ---------  ---------  ---------  --------- ---------                
                  BCDadd3   0x0004ef    program     static C:\Users\Doge\Documents\GitHub\robot\go_go_gadget_candlelight.X\main.asm
            Clear_Display   0x000551    program     static C:\Users\Doge\Documents\GitHub\robot\go_go_gadget_candlelight.X\main.asm
                  Delay_0   0x00052e    program     static C:\Users\Doge\Documents\GitHub\robot\go_go_gadget_candlelight.X\main.asm
                  End_Msg   0x000020    program     static C:\Users\Doge\Documents\GitHub\robot\go_go_gadget_candlelight.X\main.asm
                       FF   0x00008f    program     static C:\Users\Doge\Documents\GitHub\robot\go_go_gadget_candlelight.X\main.asm
               Flick_fail   0x000068    program     static C:\Users\Doge\Documents\GitHub\robot\go_go_gadget_candlelight.X\main.asm
                    HalfS   0x00051b    program     static C:\Users\Doge\Documents\GitHub\robot\go_go_gadget_candlelight.X\main.asm
                  HalfS_0   0x000521    program     static C:\Users\Doge\Documents\GitHub\robot\go_go_gadget_candlelight.X\main.asm
                  InitLCD   0x000533    program     static C:\Users\Doge\Documents\GitHub\robot\go_go_gadget_candlelight.X\main.asm
                InitUSART   0x000577    program     static C:\Users\Doge\Documents\GitHub\robot\go_go_gadget_candlelight.X\main.asm
                 LED_fail   0x00005c    program     static C:\Users\Doge\Documents\GitHub\robot\go_go_gadget_candlelight.X\main.asm
                       LF   0x000089    program     static C:\Users\Doge\Documents\GitHub\robot\go_go_gadget_candlelight.X\main.asm
                Logs_Msg1   0x00009d    program     static C:\Users\Doge\Documents\GitHub\robot\go_go_gadget_candlelight.X\main.asm
                Logs_Msg2   0x0000ad    program     static C:\Users\Doge\Documents\GitHub\robot\go_go_gadget_candlelight.X\main.asm
                     None   0x000095    program     static C:\Users\Doge\Documents\GitHub\robot\go_go_gadget_candlelight.X\main.asm
              Not_present   0x000045    program     static C:\Users\Doge\Documents\GitHub\robot\go_go_gadget_candlelight.X\main.asm
                    Op_at   0x0000be    program     static C:\Users\Doge\Documents\GitHub\robot\go_go_gadget_candlelight.X\main.asm
                     Pass   0x000054    program     static C:\Users\Doge\Documents\GitHub\robot\go_go_gadget_candlelight.X\main.asm
                   RD_END   0x00062e    program     static ..\realtimeclock.X\i2c_common.asm
                   RD_ERR   0x00062d    program     static ..\realtimeclock.X\i2c_common.asm
                    R_END   0x000690    program     static ..\realtimeclock.X\i2c_common.asm
                  Seconds   0x00003b    program     static C:\Users\Doge\Documents\GitHub\robot\go_go_gadget_candlelight.X\main.asm
              Standby_Msg   0x000005    program     static C:\Users\Doge\Documents\GitHub\robot\go_go_gadget_candlelight.X\main.asm
                Start_Msg   0x00000e    program     static C:\Users\Doge\Documents\GitHub\robot\go_go_gadget_candlelight.X\main.asm
             Switch_Lines   0x000554    program     static C:\Users\Doge\Documents\GitHub\robot\go_go_gadget_candlelight.X\main.asm
                 Time_Msg   0x00002a    program     static C:\Users\Doge\Documents\GitHub\robot\go_go_gadget_candlelight.X\main.asm
                Total_Msg   0x000078    program     static C:\Users\Doge\Documents\GitHub\robot\go_go_gadget_candlelight.X\main.asm
                  WR_DATA   0x000566    program     static C:\Users\Doge\Documents\GitHub\robot\go_go_gadget_candlelight.X\main.asm
                   WR_END   0x0005df    program     static ..\realtimeclock.X\i2c_common.asm
                   WR_ERR   0x0005de    program     static ..\realtimeclock.X\i2c_common.asm
                   WR_INS   0x000557    program     static C:\Users\Doge\Documents\GitHub\robot\go_go_gadget_candlelight.X\main.asm
                    W_END   0x000666    program     static ..\realtimeclock.X\i2c_common.asm
              _.code_0010   0x0005a8    program     static ..\realtimeclock.X\i2c_common.asm
              _.code_0016   0x0005ae    program     static ..\realtimeclock.X\i2c_common.asm
              _.code_001E   0x0005b6    program     static ..\realtimeclock.X\i2c_common.asm
              _.code_002E   0x0005c6    program     static ..\realtimeclock.X\i2c_common.asm
              _.code_003E   0x0005d6    program     static ..\realtimeclock.X\i2c_common.asm
              _.code_004B   0x0005e3    program     static ..\realtimeclock.X\i2c_common.asm
              _.code_0051   0x0005e9    program     static ..\realtimeclock.X\i2c_common.asm
              _.code_0059   0x0005f1    program     static ..\realtimeclock.X\i2c_common.asm
              _.code_0069   0x000601    program     static ..\realtimeclock.X\i2c_common.asm
              _.code_0074   0x00060c    program     static ..\realtimeclock.X\i2c_common.asm
              _.code_007C   0x000614    program     static ..\realtimeclock.X\i2c_common.asm
              _.code_0087   0x00061f    program     static ..\realtimeclock.X\i2c_common.asm
              _.code_0093   0x00062b    program     static ..\realtimeclock.X\i2c_common.asm
              _.code_009A   0x000632    program     static ..\realtimeclock.X\i2c_common.asm
              _.code_00AE   0x000646    program     static ..\realtimeclock.X\i2c_common.asm
              _.code_00B6   0x00064e    program     static ..\realtimeclock.X\i2c_common.asm
              _.code_00C6   0x00065e    program     static ..\realtimeclock.X\i2c_common.asm
              _.code_00D2   0x00066a    program     static ..\realtimeclock.X\i2c_common.asm
              _.code_00D8   0x000670    program     static ..\realtimeclock.X\i2c_common.asm
              _.code_00E0   0x000678    program     static ..\realtimeclock.X\i2c_common.asm
              _.code_00EB   0x000683    program     static ..\realtimeclock.X\i2c_common.asm
              _.code_00F7   0x00068f    program     static ..\realtimeclock.X\i2c_common.asm
              _.code_00FC   0x000694    program     static ..\realtimeclock.X\i2c_common.asm
             _.org_1_0155   0x000155    program     static C:\Users\Doge\Documents\GitHub\robot\go_go_gadget_candlelight.X\main.asm
             _.org_1_018B   0x00018b    program     static C:\Users\Doge\Documents\GitHub\robot\go_go_gadget_candlelight.X\main.asm
             _.org_1_01B2   0x0001b2    program     static C:\Users\Doge\Documents\GitHub\robot\go_go_gadget_candlelight.X\main.asm
             _.org_1_01DE   0x0001de    program     static C:\Users\Doge\Documents\GitHub\robot\go_go_gadget_candlelight.X\main.asm
             _.org_1_01E3   0x0001e3    program     static C:\Users\Doge\Documents\GitHub\robot\go_go_gadget_candlelight.X\main.asm
             _.org_1_01FC   0x0001fc    program     static C:\Users\Doge\Documents\GitHub\robot\go_go_gadget_candlelight.X\main.asm
             _.org_1_0239   0x000239    program     static C:\Users\Doge\Documents\GitHub\robot\go_go_gadget_candlelight.X\main.asm
             _.org_1_0522   0x000522    program     static C:\Users\Doge\Documents\GitHub\robot\go_go_gadget_candlelight.X\main.asm
             _.org_1_0524   0x000524    program     static C:\Users\Doge\Documents\GitHub\robot\go_go_gadget_candlelight.X\main.asm
             _.org_1_0527   0x000527    program     static C:\Users\Doge\Documents\GitHub\robot\go_go_gadget_candlelight.X\main.asm
             _.org_1_052F   0x00052f    program     static C:\Users\Doge\Documents\GitHub\robot\go_go_gadget_candlelight.X\main.asm
             _.org_1_0585   0x000585    program     static C:\Users\Doge\Documents\GitHub\robot\go_go_gadget_candlelight.X\main.asm
              _19end_disp   0x000167    program     static C:\Users\Doge\Documents\GitHub\robot\go_go_gadget_candlelight.X\main.asm
             _19loop_disp   0x00015f    program     static C:\Users\Doge\Documents\GitHub\robot\go_go_gadget_candlelight.X\main.asm
              _36end_disp   0x0001d5    program     static C:\Users\Doge\Documents\GitHub\robot\go_go_gadget_candlelight.X\main.asm
             _36loop_disp   0x0001cd    program     static C:\Users\Doge\Documents\GitHub\robot\go_go_gadget_candlelight.X\main.asm
              _37end_disp   0x0001f0    program     static C:\Users\Doge\Documents\GitHub\robot\go_go_gadget_candlelight.X\main.asm
             _37loop_disp   0x0001e8    program     static C:\Users\Doge\Documents\GitHub\robot\go_go_gadget_candlelight.X\main.asm
              _38end_disp   0x0001fb    program     static C:\Users\Doge\Documents\GitHub\robot\go_go_gadget_candlelight.X\main.asm
             _38loop_disp   0x0001f3    program     static C:\Users\Doge\Documents\GitHub\robot\go_go_gadget_candlelight.X\main.asm
              _43end_disp   0x000236    program     static C:\Users\Doge\Documents\GitHub\robot\go_go_gadget_candlelight.X\main.asm
             _43loop_disp   0x00022e    program     static C:\Users\Doge\Documents\GitHub\robot\go_go_gadget_candlelight.X\main.asm
              _46end_disp   0x000259    program     static C:\Users\Doge\Documents\GitHub\robot\go_go_gadget_candlelight.X\main.asm
             _46loop_disp   0x000251    program     static C:\Users\Doge\Documents\GitHub\robot\go_go_gadget_candlelight.X\main.asm
               _6end_disp   0x0000ee    program     static C:\Users\Doge\Documents\GitHub\robot\go_go_gadget_candlelight.X\main.asm
              _6loop_disp   0x0000e6    program     static C:\Users\Doge\Documents\GitHub\robot\go_go_gadget_candlelight.X\main.asm
              _72end_disp   0x000304    program     static C:\Users\Doge\Documents\GitHub\robot\go_go_gadget_candlelight.X\main.asm
             _72loop_disp   0x0002fc    program     static C:\Users\Doge\Documents\GitHub\robot\go_go_gadget_candlelight.X\main.asm
              _73end_disp   0x00031a    program     static C:\Users\Doge\Documents\GitHub\robot\go_go_gadget_candlelight.X\main.asm
             _73loop_disp   0x000312    program     static C:\Users\Doge\Documents\GitHub\robot\go_go_gadget_candlelight.X\main.asm
              _74end_disp   0x000329    program     static C:\Users\Doge\Documents\GitHub\robot\go_go_gadget_candlelight.X\main.asm
             _74loop_disp   0x000321    program     static C:\Users\Doge\Documents\GitHub\robot\go_go_gadget_candlelight.X\main.asm
              _75end_disp   0x000338    program     static C:\Users\Doge\Documents\GitHub\robot\go_go_gadget_candlelight.X\main.asm
             _75loop_disp   0x000330    program     static C:\Users\Doge\Documents\GitHub\robot\go_go_gadget_candlelight.X\main.asm
              _76end_disp   0x000347    program     static C:\Users\Doge\Documents\GitHub\robot\go_go_gadget_candlelight.X\main.asm
             _76loop_disp   0x00033f    program     static C:\Users\Doge\Documents\GitHub\robot\go_go_gadget_candlelight.X\main.asm
              _77end_disp   0x000354    program     static C:\Users\Doge\Documents\GitHub\robot\go_go_gadget_candlelight.X\main.asm
             _77loop_disp   0x00034c    program     static C:\Users\Doge\Documents\GitHub\robot\go_go_gadget_candlelight.X\main.asm
              _79end_disp   0x000362    program     static C:\Users\Doge\Documents\GitHub\robot\go_go_gadget_candlelight.X\main.asm
             _79loop_disp   0x00035a    program     static C:\Users\Doge\Documents\GitHub\robot\go_go_gadget_candlelight.X\main.asm
              _83end_disp   0x000373    program     static C:\Users\Doge\Documents\GitHub\robot\go_go_gadget_candlelight.X\main.asm
             _83loop_disp   0x00036b    program     static C:\Users\Doge\Documents\GitHub\robot\go_go_gadget_candlelight.X\main.asm
              _85end_disp   0x000382    program     static C:\Users\Doge\Documents\GitHub\robot\go_go_gadget_candlelight.X\main.asm
             _85loop_disp   0x00037a    program     static C:\Users\Doge\Documents\GitHub\robot\go_go_gadget_candlelight.X\main.asm
              _86end_disp   0x00038f    program     static C:\Users\Doge\Documents\GitHub\robot\go_go_gadget_candlelight.X\main.asm
             _86loop_disp   0x000387    program     static C:\Users\Doge\Documents\GitHub\robot\go_go_gadget_candlelight.X\main.asm
              _87end_disp   0x00039d    program     static C:\Users\Doge\Documents\GitHub\robot\go_go_gadget_candlelight.X\main.asm
             _87loop_disp   0x000395    program     static C:\Users\Doge\Documents\GitHub\robot\go_go_gadget_candlelight.X\main.asm
              _88end_disp   0x0003aa    program     static C:\Users\Doge\Documents\GitHub\robot\go_go_gadget_candlelight.X\main.asm
             _88loop_disp   0x0003a2    program     static C:\Users\Doge\Documents\GitHub\robot\go_go_gadget_candlelight.X\main.asm
              _93end_disp   0x0003d0    program     static C:\Users\Doge\Documents\GitHub\robot\go_go_gadget_candlelight.X\main.asm
             _93loop_disp   0x0003c8    program     static C:\Users\Doge\Documents\GitHub\robot\go_go_gadget_candlelight.X\main.asm
              _97end_disp   0x0003ec    program     static C:\Users\Doge\Documents\GitHub\robot\go_go_gadget_candlelight.X\main.asm
             _97loop_disp   0x0003e4    program     static C:\Users\Doge\Documents\GitHub\robot\go_go_gadget_candlelight.X\main.asm
                 add3huns   0x00050c    program     static C:\Users\Doge\Documents\GitHub\robot\go_go_gadget_candlelight.X\main.asm
                 add3ones   0x000512    program     static C:\Users\Doge\Documents\GitHub\robot\go_go_gadget_candlelight.X\main.asm
                 add3tens   0x00050f    program     static C:\Users\Doge\Documents\GitHub\robot\go_go_gadget_candlelight.X\main.asm
                   badkey   0x000238    program     static C:\Users\Doge\Documents\GitHub\robot\go_go_gadget_candlelight.X\main.asm
               big_number   0x0004e8    program     static C:\Users\Doge\Documents\GitHub\robot\go_go_gadget_candlelight.X\main.asm
                carryones   0x000515    program     static C:\Users\Doge\Documents\GitHub\robot\go_go_gadget_candlelight.X\main.asm
                carrytens   0x000518    program     static C:\Users\Doge\Documents\GitHub\robot\go_go_gadget_candlelight.X\main.asm
                  check_1   0x000284    program     static C:\Users\Doge\Documents\GitHub\robot\go_go_gadget_candlelight.X\main.asm
                  check_2   0x00028d    program     static C:\Users\Doge\Documents\GitHub\robot\go_go_gadget_candlelight.X\main.asm
                  check_3   0x000297    program     static C:\Users\Doge\Documents\GitHub\robot\go_go_gadget_candlelight.X\main.asm
                  check_4   0x0002a1    program     static C:\Users\Doge\Documents\GitHub\robot\go_go_gadget_candlelight.X\main.asm
                  check_5   0x0002ab    program     static C:\Users\Doge\Documents\GitHub\robot\go_go_gadget_candlelight.X\main.asm
                  check_6   0x0002b5    program     static C:\Users\Doge\Documents\GitHub\robot\go_go_gadget_candlelight.X\main.asm
                  check_7   0x0002bf    program     static C:\Users\Doge\Documents\GitHub\robot\go_go_gadget_candlelight.X\main.asm
                  check_8   0x0002c9    program     static C:\Users\Doge\Documents\GitHub\robot\go_go_gadget_candlelight.X\main.asm
                  check_9   0x0002d3    program     static C:\Users\Doge\Documents\GitHub\robot\go_go_gadget_candlelight.X\main.asm
                 check_FF   0x0003ab    program     static C:\Users\Doge\Documents\GitHub\robot\go_go_gadget_candlelight.X\main.asm
                check_LED   0x00032a    program     static C:\Users\Doge\Documents\GitHub\robot\go_go_gadget_candlelight.X\main.asm
                 check_LF   0x000390    program     static C:\Users\Doge\Documents\GitHub\robot\go_go_gadget_candlelight.X\main.asm
          check_defective   0x0002e3    program     static C:\Users\Doge\Documents\GitHub\robot\go_go_gadget_candlelight.X\main.asm
               check_done   0x000227    program     static C:\Users\Doge\Documents\GitHub\robot\go_go_gadget_candlelight.X\main.asm
             check_export   0x0002ef    program     static C:\Users\Doge\Documents\GitHub\robot\go_go_gadget_candlelight.X\main.asm
              check_flick   0x000339    program     static C:\Users\Doge\Documents\GitHub\robot\go_go_gadget_candlelight.X\main.asm
           check_for_fail   0x0003ae    program     static C:\Users\Doge\Documents\GitHub\robot\go_go_gadget_candlelight.X\main.asm
               check_log1   0x000200    program     static C:\Users\Doge\Documents\GitHub\robot\go_go_gadget_candlelight.X\main.asm
               check_log2   0x000209    program     static C:\Users\Doge\Documents\GitHub\robot\go_go_gadget_candlelight.X\main.asm
               check_log3   0x000213    program     static C:\Users\Doge\Documents\GitHub\robot\go_go_gadget_candlelight.X\main.asm
               check_log4   0x00021d    program     static C:\Users\Doge\Documents\GitHub\robot\go_go_gadget_candlelight.X\main.asm
               check_next   0x0003b4    program     static C:\Users\Doge\Documents\GitHub\robot\go_go_gadget_candlelight.X\main.asm
               check_none   0x00030d    program     static C:\Users\Doge\Documents\GitHub\robot\go_go_gadget_candlelight.X\main.asm
               check_pass   0x00031b    program     static C:\Users\Doge\Documents\GitHub\robot\go_go_gadget_candlelight.X\main.asm
            check_standby   0x0002f5    program     static C:\Users\Doge\Documents\GitHub\robot\go_go_gadget_candlelight.X\main.asm
              check_start   0x000306    program     static C:\Users\Doge\Documents\GitHub\robot\go_go_gadget_candlelight.X\main.asm
            check_summary   0x0002dd    program     static C:\Users\Doge\Documents\GitHub\robot\go_go_gadget_candlelight.X\main.asm
               check_time   0x0002e9    program     static C:\Users\Doge\Documents\GitHub\robot\go_go_gadget_candlelight.X\main.asm
              default_key   0x00030b    program     static C:\Users\Doge\Documents\GitHub\robot\go_go_gadget_candlelight.X\main.asm
            default_state   0x000348    program     static C:\Users\Doge\Documents\GitHub\robot\go_go_gadget_candlelight.X\main.asm
                defective   0x000377    program     static C:\Users\Doge\Documents\GitHub\robot\go_go_gadget_candlelight.X\main.asm
                 delay5ms   0x00052a    program     static C:\Users\Doge\Documents\GitHub\robot\go_go_gadget_candlelight.X\main.asm
              display_log   0x00023b    program     static C:\Users\Doge\Documents\GitHub\robot\go_go_gadget_candlelight.X\main.asm
            display_state   0x00030c    program     static C:\Users\Doge\Documents\GitHub\robot\go_go_gadget_candlelight.X\main.asm
           end_check_fail   0x0003c4    program     static C:\Users\Doge\Documents\GitHub\robot\go_go_gadget_candlelight.X\main.asm
                  end_isr   0x000590    program     static C:\Users\Doge\Documents\GitHub\robot\go_go_gadget_candlelight.X\main.asm
            end_operation   0x000181    program     static C:\Users\Doge\Documents\GitHub\robot\go_go_gadget_candlelight.X\main.asm
                   export   0x0003ed    program     static C:\Users\Doge\Documents\GitHub\robot\go_go_gadget_candlelight.X\main.asm
         i2c_common_setup   0x000598    program     extern ..\realtimeclock.X\i2c_common.asm
              information   0x000283    program     static C:\Users\Doge\Documents\GitHub\robot\go_go_gadget_candlelight.X\main.asm
                     init   0x0000cd    program     static C:\Users\Doge\Documents\GitHub\robot\go_go_gadget_candlelight.X\main.asm
                      isr   0x000587    program     static C:\Users\Doge\Documents\GitHub\robot\go_go_gadget_candlelight.X\main.asm
                     logs   0x0001e5    program     static C:\Users\Doge\Documents\GitHub\robot\go_go_gadget_candlelight.X\main.asm
                  no_huns   0x0003d9    program     static C:\Users\Doge\Documents\GitHub\robot\go_go_gadget_candlelight.X\main.asm
                  no_tens   0x0003df    program     static C:\Users\Doge\Documents\GitHub\robot\go_go_gadget_candlelight.X\main.asm
                   nohuns   0x000457    program     static C:\Users\Doge\Documents\GitHub\robot\go_go_gadget_candlelight.X\main.asm
                   notens   0x000461    program     static C:\Users\Doge\Documents\GitHub\robot\go_go_gadget_candlelight.X\main.asm
                   now_FF   0x000392    program     static C:\Users\Doge\Documents\GitHub\robot\go_go_gadget_candlelight.X\main.asm
                 p2p_read   0x00066c    program     extern ..\realtimeclock.X\i2c_common.asm
                p2p_write   0x000642    program     extern ..\realtimeclock.X\i2c_common.asm
                     poll   0x0001dd    program     static C:\Users\Doge\Documents\GitHub\robot\go_go_gadget_candlelight.X\main.asm
                  polling   0x0001fb    program     static C:\Users\Doge\Documents\GitHub\robot\go_go_gadget_candlelight.X\main.asm
              read_EEPROM   0x00023e    program     static C:\Users\Doge\Documents\GitHub\robot\go_go_gadget_candlelight.X\main.asm
                 read_rtc   0x0005e5    program     extern ..\realtimeclock.X\i2c_common.asm
              rtc_convert   0x000634    program     extern ..\realtimeclock.X\i2c_common.asm
                shiftlogs   0x000182    program     static C:\Users\Doge\Documents\GitHub\robot\go_go_gadget_candlelight.X\main.asm
              shiftlogs_0   0x000186    program     static C:\Users\Doge\Documents\GitHub\robot\go_go_gadget_candlelight.X\main.asm
                    start   0x000157    program     static C:\Users\Doge\Documents\GitHub\robot\go_go_gadget_candlelight.X\main.asm
                  summary   0x000349    program     static C:\Users\Doge\Documents\GitHub\robot\go_go_gadget_candlelight.X\main.asm
                     time   0x0003c5    program     static C:\Users\Doge\Documents\GitHub\robot\go_go_gadget_candlelight.X\main.asm
                  waiting   0x0000ef    program     static C:\Users\Doge\Documents\GitHub\robot\go_go_gadget_candlelight.X\main.asm
               write_log1   0x0001a8    program     static C:\Users\Doge\Documents\GitHub\robot\go_go_gadget_candlelight.X\main.asm
             write_log1_0   0x0001af    program     static C:\Users\Doge\Documents\GitHub\robot\go_go_gadget_candlelight.X\main.asm
                write_rtc   0x0005aa    program     extern ..\realtimeclock.X\i2c_common.asm
                writetoPC   0x000581    program     static C:\Users\Doge\Documents\GitHub\robot\go_go_gadget_candlelight.X\main.asm



                              Symbols - Sorted by Address
                     Name    Address   Location    Storage File                     
                ---------  ---------  ---------  --------- ---------                
              Standby_Msg   0x000005    program     static C:\Users\Doge\Documents\GitHub\robot\go_go_gadget_candlelight.X\main.asm
                Start_Msg   0x00000e    program     static C:\Users\Doge\Documents\GitHub\robot\go_go_gadget_candlelight.X\main.asm
                  End_Msg   0x000020    program     static C:\Users\Doge\Documents\GitHub\robot\go_go_gadget_candlelight.X\main.asm
                 Time_Msg   0x00002a    program     static C:\Users\Doge\Documents\GitHub\robot\go_go_gadget_candlelight.X\main.asm
                  Seconds   0x00003b    program     static C:\Users\Doge\Documents\GitHub\robot\go_go_gadget_candlelight.X\main.asm
              Not_present   0x000045    program     static C:\Users\Doge\Documents\GitHub\robot\go_go_gadget_candlelight.X\main.asm
                     Pass   0x000054    program     static C:\Users\Doge\Documents\GitHub\robot\go_go_gadget_candlelight.X\main.asm
                 LED_fail   0x00005c    program     static C:\Users\Doge\Documents\GitHub\robot\go_go_gadget_candlelight.X\main.asm
               Flick_fail   0x000068    program     static C:\Users\Doge\Documents\GitHub\robot\go_go_gadget_candlelight.X\main.asm
                Total_Msg   0x000078    program     static C:\Users\Doge\Documents\GitHub\robot\go_go_gadget_candlelight.X\main.asm
                       LF   0x000089    program     static C:\Users\Doge\Documents\GitHub\robot\go_go_gadget_candlelight.X\main.asm
                       FF   0x00008f    program     static C:\Users\Doge\Documents\GitHub\robot\go_go_gadget_candlelight.X\main.asm
                     None   0x000095    program     static C:\Users\Doge\Documents\GitHub\robot\go_go_gadget_candlelight.X\main.asm
                Logs_Msg1   0x00009d    program     static C:\Users\Doge\Documents\GitHub\robot\go_go_gadget_candlelight.X\main.asm
                Logs_Msg2   0x0000ad    program     static C:\Users\Doge\Documents\GitHub\robot\go_go_gadget_candlelight.X\main.asm
                    Op_at   0x0000be    program     static C:\Users\Doge\Documents\GitHub\robot\go_go_gadget_candlelight.X\main.asm
                     init   0x0000cd    program     static C:\Users\Doge\Documents\GitHub\robot\go_go_gadget_candlelight.X\main.asm
              _6loop_disp   0x0000e6    program     static C:\Users\Doge\Documents\GitHub\robot\go_go_gadget_candlelight.X\main.asm
               _6end_disp   0x0000ee    program     static C:\Users\Doge\Documents\GitHub\robot\go_go_gadget_candlelight.X\main.asm
                  waiting   0x0000ef    program     static C:\Users\Doge\Documents\GitHub\robot\go_go_gadget_candlelight.X\main.asm
             _.org_1_0155   0x000155    program     static C:\Users\Doge\Documents\GitHub\robot\go_go_gadget_candlelight.X\main.asm
                    start   0x000157    program     static C:\Users\Doge\Documents\GitHub\robot\go_go_gadget_candlelight.X\main.asm
             _19loop_disp   0x00015f    program     static C:\Users\Doge\Documents\GitHub\robot\go_go_gadget_candlelight.X\main.asm
              _19end_disp   0x000167    program     static C:\Users\Doge\Documents\GitHub\robot\go_go_gadget_candlelight.X\main.asm
            end_operation   0x000181    program     static C:\Users\Doge\Documents\GitHub\robot\go_go_gadget_candlelight.X\main.asm
                shiftlogs   0x000182    program     static C:\Users\Doge\Documents\GitHub\robot\go_go_gadget_candlelight.X\main.asm
              shiftlogs_0   0x000186    program     static C:\Users\Doge\Documents\GitHub\robot\go_go_gadget_candlelight.X\main.asm
             _.org_1_018B   0x00018b    program     static C:\Users\Doge\Documents\GitHub\robot\go_go_gadget_candlelight.X\main.asm
               write_log1   0x0001a8    program     static C:\Users\Doge\Documents\GitHub\robot\go_go_gadget_candlelight.X\main.asm
             write_log1_0   0x0001af    program     static C:\Users\Doge\Documents\GitHub\robot\go_go_gadget_candlelight.X\main.asm
             _.org_1_01B2   0x0001b2    program     static C:\Users\Doge\Documents\GitHub\robot\go_go_gadget_candlelight.X\main.asm
             _36loop_disp   0x0001cd    program     static C:\Users\Doge\Documents\GitHub\robot\go_go_gadget_candlelight.X\main.asm
              _36end_disp   0x0001d5    program     static C:\Users\Doge\Documents\GitHub\robot\go_go_gadget_candlelight.X\main.asm
                     poll   0x0001dd    program     static C:\Users\Doge\Documents\GitHub\robot\go_go_gadget_candlelight.X\main.asm
             _.org_1_01DE   0x0001de    program     static C:\Users\Doge\Documents\GitHub\robot\go_go_gadget_candlelight.X\main.asm
             _.org_1_01E3   0x0001e3    program     static C:\Users\Doge\Documents\GitHub\robot\go_go_gadget_candlelight.X\main.asm
                     logs   0x0001e5    program     static C:\Users\Doge\Documents\GitHub\robot\go_go_gadget_candlelight.X\main.asm
             _37loop_disp   0x0001e8    program     static C:\Users\Doge\Documents\GitHub\robot\go_go_gadget_candlelight.X\main.asm
              _37end_disp   0x0001f0    program     static C:\Users\Doge\Documents\GitHub\robot\go_go_gadget_candlelight.X\main.asm
             _38loop_disp   0x0001f3    program     static C:\Users\Doge\Documents\GitHub\robot\go_go_gadget_candlelight.X\main.asm
                  polling   0x0001fb    program     static C:\Users\Doge\Documents\GitHub\robot\go_go_gadget_candlelight.X\main.asm
              _38end_disp   0x0001fb    program     static C:\Users\Doge\Documents\GitHub\robot\go_go_gadget_candlelight.X\main.asm
             _.org_1_01FC   0x0001fc    program     static C:\Users\Doge\Documents\GitHub\robot\go_go_gadget_candlelight.X\main.asm
               check_log1   0x000200    program     static C:\Users\Doge\Documents\GitHub\robot\go_go_gadget_candlelight.X\main.asm
               check_log2   0x000209    program     static C:\Users\Doge\Documents\GitHub\robot\go_go_gadget_candlelight.X\main.asm
               check_log3   0x000213    program     static C:\Users\Doge\Documents\GitHub\robot\go_go_gadget_candlelight.X\main.asm
               check_log4   0x00021d    program     static C:\Users\Doge\Documents\GitHub\robot\go_go_gadget_candlelight.X\main.asm
               check_done   0x000227    program     static C:\Users\Doge\Documents\GitHub\robot\go_go_gadget_candlelight.X\main.asm
             _43loop_disp   0x00022e    program     static C:\Users\Doge\Documents\GitHub\robot\go_go_gadget_candlelight.X\main.asm
              _43end_disp   0x000236    program     static C:\Users\Doge\Documents\GitHub\robot\go_go_gadget_candlelight.X\main.asm
                   badkey   0x000238    program     static C:\Users\Doge\Documents\GitHub\robot\go_go_gadget_candlelight.X\main.asm
             _.org_1_0239   0x000239    program     static C:\Users\Doge\Documents\GitHub\robot\go_go_gadget_candlelight.X\main.asm
              display_log   0x00023b    program     static C:\Users\Doge\Documents\GitHub\robot\go_go_gadget_candlelight.X\main.asm
              read_EEPROM   0x00023e    program     static C:\Users\Doge\Documents\GitHub\robot\go_go_gadget_candlelight.X\main.asm
             _46loop_disp   0x000251    program     static C:\Users\Doge\Documents\GitHub\robot\go_go_gadget_candlelight.X\main.asm
              _46end_disp   0x000259    program     static C:\Users\Doge\Documents\GitHub\robot\go_go_gadget_candlelight.X\main.asm
              information   0x000283    program     static C:\Users\Doge\Documents\GitHub\robot\go_go_gadget_candlelight.X\main.asm
                  check_1   0x000284    program     static C:\Users\Doge\Documents\GitHub\robot\go_go_gadget_candlelight.X\main.asm
                  check_2   0x00028d    program     static C:\Users\Doge\Documents\GitHub\robot\go_go_gadget_candlelight.X\main.asm
                  check_3   0x000297    program     static C:\Users\Doge\Documents\GitHub\robot\go_go_gadget_candlelight.X\main.asm
                  check_4   0x0002a1    program     static C:\Users\Doge\Documents\GitHub\robot\go_go_gadget_candlelight.X\main.asm
                  check_5   0x0002ab    program     static C:\Users\Doge\Documents\GitHub\robot\go_go_gadget_candlelight.X\main.asm
                  check_6   0x0002b5    program     static C:\Users\Doge\Documents\GitHub\robot\go_go_gadget_candlelight.X\main.asm
                  check_7   0x0002bf    program     static C:\Users\Doge\Documents\GitHub\robot\go_go_gadget_candlelight.X\main.asm
                  check_8   0x0002c9    program     static C:\Users\Doge\Documents\GitHub\robot\go_go_gadget_candlelight.X\main.asm
                  check_9   0x0002d3    program     static C:\Users\Doge\Documents\GitHub\robot\go_go_gadget_candlelight.X\main.asm
            check_summary   0x0002dd    program     static C:\Users\Doge\Documents\GitHub\robot\go_go_gadget_candlelight.X\main.asm
          check_defective   0x0002e3    program     static C:\Users\Doge\Documents\GitHub\robot\go_go_gadget_candlelight.X\main.asm
               check_time   0x0002e9    program     static C:\Users\Doge\Documents\GitHub\robot\go_go_gadget_candlelight.X\main.asm
             check_export   0x0002ef    program     static C:\Users\Doge\Documents\GitHub\robot\go_go_gadget_candlelight.X\main.asm
            check_standby   0x0002f5    program     static C:\Users\Doge\Documents\GitHub\robot\go_go_gadget_candlelight.X\main.asm
             _72loop_disp   0x0002fc    program     static C:\Users\Doge\Documents\GitHub\robot\go_go_gadget_candlelight.X\main.asm
              _72end_disp   0x000304    program     static C:\Users\Doge\Documents\GitHub\robot\go_go_gadget_candlelight.X\main.asm
              check_start   0x000306    program     static C:\Users\Doge\Documents\GitHub\robot\go_go_gadget_candlelight.X\main.asm
              default_key   0x00030b    program     static C:\Users\Doge\Documents\GitHub\robot\go_go_gadget_candlelight.X\main.asm
            display_state   0x00030c    program     static C:\Users\Doge\Documents\GitHub\robot\go_go_gadget_candlelight.X\main.asm
               check_none   0x00030d    program     static C:\Users\Doge\Documents\GitHub\robot\go_go_gadget_candlelight.X\main.asm
             _73loop_disp   0x000312    program     static C:\Users\Doge\Documents\GitHub\robot\go_go_gadget_candlelight.X\main.asm
              _73end_disp   0x00031a    program     static C:\Users\Doge\Documents\GitHub\robot\go_go_gadget_candlelight.X\main.asm
               check_pass   0x00031b    program     static C:\Users\Doge\Documents\GitHub\robot\go_go_gadget_candlelight.X\main.asm
             _74loop_disp   0x000321    program     static C:\Users\Doge\Documents\GitHub\robot\go_go_gadget_candlelight.X\main.asm
              _74end_disp   0x000329    program     static C:\Users\Doge\Documents\GitHub\robot\go_go_gadget_candlelight.X\main.asm
                check_LED   0x00032a    program     static C:\Users\Doge\Documents\GitHub\robot\go_go_gadget_candlelight.X\main.asm
             _75loop_disp   0x000330    program     static C:\Users\Doge\Documents\GitHub\robot\go_go_gadget_candlelight.X\main.asm
              _75end_disp   0x000338    program     static C:\Users\Doge\Documents\GitHub\robot\go_go_gadget_candlelight.X\main.asm
              check_flick   0x000339    program     static C:\Users\Doge\Documents\GitHub\robot\go_go_gadget_candlelight.X\main.asm
             _76loop_disp   0x00033f    program     static C:\Users\Doge\Documents\GitHub\robot\go_go_gadget_candlelight.X\main.asm
              _76end_disp   0x000347    program     static C:\Users\Doge\Documents\GitHub\robot\go_go_gadget_candlelight.X\main.asm
            default_state   0x000348    program     static C:\Users\Doge\Documents\GitHub\robot\go_go_gadget_candlelight.X\main.asm
                  summary   0x000349    program     static C:\Users\Doge\Documents\GitHub\robot\go_go_gadget_candlelight.X\main.asm
             _77loop_disp   0x00034c    program     static C:\Users\Doge\Documents\GitHub\robot\go_go_gadget_candlelight.X\main.asm
              _77end_disp   0x000354    program     static C:\Users\Doge\Documents\GitHub\robot\go_go_gadget_candlelight.X\main.asm
             _79loop_disp   0x00035a    program     static C:\Users\Doge\Documents\GitHub\robot\go_go_gadget_candlelight.X\main.asm
              _79end_disp   0x000362    program     static C:\Users\Doge\Documents\GitHub\robot\go_go_gadget_candlelight.X\main.asm
             _83loop_disp   0x00036b    program     static C:\Users\Doge\Documents\GitHub\robot\go_go_gadget_candlelight.X\main.asm
              _83end_disp   0x000373    program     static C:\Users\Doge\Documents\GitHub\robot\go_go_gadget_candlelight.X\main.asm
                defective   0x000377    program     static C:\Users\Doge\Documents\GitHub\robot\go_go_gadget_candlelight.X\main.asm
             _85loop_disp   0x00037a    program     static C:\Users\Doge\Documents\GitHub\robot\go_go_gadget_candlelight.X\main.asm
              _85end_disp   0x000382    program     static C:\Users\Doge\Documents\GitHub\robot\go_go_gadget_candlelight.X\main.asm
             _86loop_disp   0x000387    program     static C:\Users\Doge\Documents\GitHub\robot\go_go_gadget_candlelight.X\main.asm
              _86end_disp   0x00038f    program     static C:\Users\Doge\Documents\GitHub\robot\go_go_gadget_candlelight.X\main.asm
                 check_LF   0x000390    program     static C:\Users\Doge\Documents\GitHub\robot\go_go_gadget_candlelight.X\main.asm
                   now_FF   0x000392    program     static C:\Users\Doge\Documents\GitHub\robot\go_go_gadget_candlelight.X\main.asm
             _87loop_disp   0x000395    program     static C:\Users\Doge\Documents\GitHub\robot\go_go_gadget_candlelight.X\main.asm
              _87end_disp   0x00039d    program     static C:\Users\Doge\Documents\GitHub\robot\go_go_gadget_candlelight.X\main.asm
             _88loop_disp   0x0003a2    program     static C:\Users\Doge\Documents\GitHub\robot\go_go_gadget_candlelight.X\main.asm
              _88end_disp   0x0003aa    program     static C:\Users\Doge\Documents\GitHub\robot\go_go_gadget_candlelight.X\main.asm
                 check_FF   0x0003ab    program     static C:\Users\Doge\Documents\GitHub\robot\go_go_gadget_candlelight.X\main.asm
           check_for_fail   0x0003ae    program     static C:\Users\Doge\Documents\GitHub\robot\go_go_gadget_candlelight.X\main.asm
               check_next   0x0003b4    program     static C:\Users\Doge\Documents\GitHub\robot\go_go_gadget_candlelight.X\main.asm
           end_check_fail   0x0003c4    program     static C:\Users\Doge\Documents\GitHub\robot\go_go_gadget_candlelight.X\main.asm
                     time   0x0003c5    program     static C:\Users\Doge\Documents\GitHub\robot\go_go_gadget_candlelight.X\main.asm
             _93loop_disp   0x0003c8    program     static C:\Users\Doge\Documents\GitHub\robot\go_go_gadget_candlelight.X\main.asm
              _93end_disp   0x0003d0    program     static C:\Users\Doge\Documents\GitHub\robot\go_go_gadget_candlelight.X\main.asm
                  no_huns   0x0003d9    program     static C:\Users\Doge\Documents\GitHub\robot\go_go_gadget_candlelight.X\main.asm
                  no_tens   0x0003df    program     static C:\Users\Doge\Documents\GitHub\robot\go_go_gadget_candlelight.X\main.asm
             _97loop_disp   0x0003e4    program     static C:\Users\Doge\Documents\GitHub\robot\go_go_gadget_candlelight.X\main.asm
              _97end_disp   0x0003ec    program     static C:\Users\Doge\Documents\GitHub\robot\go_go_gadget_candlelight.X\main.asm
                   export   0x0003ed    program     static C:\Users\Doge\Documents\GitHub\robot\go_go_gadget_candlelight.X\main.asm
                   nohuns   0x000457    program     static C:\Users\Doge\Documents\GitHub\robot\go_go_gadget_candlelight.X\main.asm
                   notens   0x000461    program     static C:\Users\Doge\Documents\GitHub\robot\go_go_gadget_candlelight.X\main.asm
               big_number   0x0004e8    program     static C:\Users\Doge\Documents\GitHub\robot\go_go_gadget_candlelight.X\main.asm
                  BCDadd3   0x0004ef    program     static C:\Users\Doge\Documents\GitHub\robot\go_go_gadget_candlelight.X\main.asm
                 add3huns   0x00050c    program     static C:\Users\Doge\Documents\GitHub\robot\go_go_gadget_candlelight.X\main.asm
                 add3tens   0x00050f    program     static C:\Users\Doge\Documents\GitHub\robot\go_go_gadget_candlelight.X\main.asm
                 add3ones   0x000512    program     static C:\Users\Doge\Documents\GitHub\robot\go_go_gadget_candlelight.X\main.asm
                carryones   0x000515    program     static C:\Users\Doge\Documents\GitHub\robot\go_go_gadget_candlelight.X\main.asm
                carrytens   0x000518    program     static C:\Users\Doge\Documents\GitHub\robot\go_go_gadget_candlelight.X\main.asm
                    HalfS   0x00051b    program     static C:\Users\Doge\Documents\GitHub\robot\go_go_gadget_candlelight.X\main.asm
                  HalfS_0   0x000521    program     static C:\Users\Doge\Documents\GitHub\robot\go_go_gadget_candlelight.X\main.asm
             _.org_1_0522   0x000522    program     static C:\Users\Doge\Documents\GitHub\robot\go_go_gadget_candlelight.X\main.asm
             _.org_1_0524   0x000524    program     static C:\Users\Doge\Documents\GitHub\robot\go_go_gadget_candlelight.X\main.asm
             _.org_1_0527   0x000527    program     static C:\Users\Doge\Documents\GitHub\robot\go_go_gadget_candlelight.X\main.asm
                 delay5ms   0x00052a    program     static C:\Users\Doge\Documents\GitHub\robot\go_go_gadget_candlelight.X\main.asm
                  Delay_0   0x00052e    program     static C:\Users\Doge\Documents\GitHub\robot\go_go_gadget_candlelight.X\main.asm
             _.org_1_052F   0x00052f    program     static C:\Users\Doge\Documents\GitHub\robot\go_go_gadget_candlelight.X\main.asm
                  InitLCD   0x000533    program     static C:\Users\Doge\Documents\GitHub\robot\go_go_gadget_candlelight.X\main.asm
            Clear_Display   0x000551    program     static C:\Users\Doge\Documents\GitHub\robot\go_go_gadget_candlelight.X\main.asm
             Switch_Lines   0x000554    program     static C:\Users\Doge\Documents\GitHub\robot\go_go_gadget_candlelight.X\main.asm
                   WR_INS   0x000557    program     static C:\Users\Doge\Documents\GitHub\robot\go_go_gadget_candlelight.X\main.asm
                  WR_DATA   0x000566    program     static C:\Users\Doge\Documents\GitHub\robot\go_go_gadget_candlelight.X\main.asm
                InitUSART   0x000577    program     static C:\Users\Doge\Documents\GitHub\robot\go_go_gadget_candlelight.X\main.asm
                writetoPC   0x000581    program     static C:\Users\Doge\Documents\GitHub\robot\go_go_gadget_candlelight.X\main.asm
             _.org_1_0585   0x000585    program     static C:\Users\Doge\Documents\GitHub\robot\go_go_gadget_candlelight.X\main.asm
                      isr   0x000587    program     static C:\Users\Doge\Documents\GitHub\robot\go_go_gadget_candlelight.X\main.asm
                  end_isr   0x000590    program     static C:\Users\Doge\Documents\GitHub\robot\go_go_gadget_candlelight.X\main.asm
         i2c_common_setup   0x000598    program     extern ..\realtimeclock.X\i2c_common.asm
              _.code_0010   0x0005a8    program     static ..\realtimeclock.X\i2c_common.asm
                write_rtc   0x0005aa    program     extern ..\realtimeclock.X\i2c_common.asm
              _.code_0016   0x0005ae    program     static ..\realtimeclock.X\i2c_common.asm
              _.code_001E   0x0005b6    program     static ..\realtimeclock.X\i2c_common.asm
              _.code_002E   0x0005c6    program     static ..\realtimeclock.X\i2c_common.asm
              _.code_003E   0x0005d6    program     static ..\realtimeclock.X\i2c_common.asm
                   WR_ERR   0x0005de    program     static ..\realtimeclock.X\i2c_common.asm
                   WR_END   0x0005df    program     static ..\realtimeclock.X\i2c_common.asm
              _.code_004B   0x0005e3    program     static ..\realtimeclock.X\i2c_common.asm
                 read_rtc   0x0005e5    program     extern ..\realtimeclock.X\i2c_common.asm
              _.code_0051   0x0005e9    program     static ..\realtimeclock.X\i2c_common.asm
              _.code_0059   0x0005f1    program     static ..\realtimeclock.X\i2c_common.asm
              _.code_0069   0x000601    program     static ..\realtimeclock.X\i2c_common.asm
              _.code_0074   0x00060c    program     static ..\realtimeclock.X\i2c_common.asm
              _.code_007C   0x000614    program     static ..\realtimeclock.X\i2c_common.asm
              _.code_0087   0x00061f    program     static ..\realtimeclock.X\i2c_common.asm
              _.code_0093   0x00062b    program     static ..\realtimeclock.X\i2c_common.asm
                   RD_ERR   0x00062d    program     static ..\realtimeclock.X\i2c_common.asm
                   RD_END   0x00062e    program     static ..\realtimeclock.X\i2c_common.asm
              _.code_009A   0x000632    program     static ..\realtimeclock.X\i2c_common.asm
              rtc_convert   0x000634    program     extern ..\realtimeclock.X\i2c_common.asm
                p2p_write   0x000642    program     extern ..\realtimeclock.X\i2c_common.asm
              _.code_00AE   0x000646    program     static ..\realtimeclock.X\i2c_common.asm
              _.code_00B6   0x00064e    program     static ..\realtimeclock.X\i2c_common.asm
              _.code_00C6   0x00065e    program     static ..\realtimeclock.X\i2c_common.asm
                    W_END   0x000666    program     static ..\realtimeclock.X\i2c_common.asm
              _.code_00D2   0x00066a    program     static ..\realtimeclock.X\i2c_common.asm
                 p2p_read   0x00066c    program     extern ..\realtimeclock.X\i2c_common.asm
              _.code_00D8   0x000670    program     static ..\realtimeclock.X\i2c_common.asm
              _.code_00E0   0x000678    program     static ..\realtimeclock.X\i2c_common.asm
              _.code_00EB   0x000683    program     static ..\realtimeclock.X\i2c_common.asm
              _.code_00F7   0x00068f    program     static ..\realtimeclock.X\i2c_common.asm
                    R_END   0x000690    program     static ..\realtimeclock.X\i2c_common.asm
              _.code_00FC   0x000694    program     static ..\realtimeclock.X\i2c_common.asm


