MPLINK 5.00, LINKER
Linker Map File - Created Wed Feb 05 16:19:04 2014

                                 Section Info
                  Section       Type    Address   Location Size(Bytes)
                ---------  ---------  ---------  ---------  ---------
                   .org_0       code   0x000000    program   0x000002
                   .cinit    romdata   0x000001    program   0x000004
                   .org_1       code   0x000004    program   0x00089a
                    .code       code   0x000451    program   0x0001fc
.config_2007_BUILD/DEFAULT/PRODUCTION/MAIN.O       code   0x002007    program   0x000002



                              Program Memory Usage 
                               Start         End      
                           ---------   ---------      
                            0x000000    0x000002      
                            0x000004    0x00054e      
                            0x002007    0x002007      
            1359 out of 8454 program addresses used, program memory utilization is 16%



                              Symbols - Sorted by Name
                     Name    Address   Location    Storage File                     
                ---------  ---------  ---------  --------- ---------                
                  BCDadd3   0x0003b9    program     static C:\Users\Doge\Documents\GitHub\robot\go_go_gadget_candlelight.X\main.asm
            Clear_Display   0x000403    program     static C:\Users\Doge\Documents\GitHub\robot\go_go_gadget_candlelight.X\main.asm
                Defective   0x000089    program     static C:\Users\Doge\Documents\GitHub\robot\go_go_gadget_candlelight.X\main.asm
                  End_Msg   0x000020    program     static C:\Users\Doge\Documents\GitHub\robot\go_go_gadget_candlelight.X\main.asm
               Export_Msg   0x0000a2    program     static C:\Users\Doge\Documents\GitHub\robot\go_go_gadget_candlelight.X\main.asm
               Flick_fail   0x000068    program     static C:\Users\Doge\Documents\GitHub\robot\go_go_gadget_candlelight.X\main.asm
                    HalfS   0x000432    program     static C:\Users\Doge\Documents\GitHub\robot\go_go_gadget_candlelight.X\main.asm
                  InitLCD   0x0003e5    program     static C:\Users\Doge\Documents\GitHub\robot\go_go_gadget_candlelight.X\main.asm
                 LED_fail   0x00005c    program     static C:\Users\Doge\Documents\GitHub\robot\go_go_gadget_candlelight.X\main.asm
                 LLD_LOOP   0x00042b    program     static C:\Users\Doge\Documents\GitHub\robot\go_go_gadget_candlelight.X\main.asm
                Logs_Msg1   0x0000b3    program     static C:\Users\Doge\Documents\GitHub\robot\go_go_gadget_candlelight.X\main.asm
                Logs_Msg2   0x0000c3    program     static C:\Users\Doge\Documents\GitHub\robot\go_go_gadget_candlelight.X\main.asm
                     None   0x000096    program     static C:\Users\Doge\Documents\GitHub\robot\go_go_gadget_candlelight.X\main.asm
              Not_present   0x000045    program     static C:\Users\Doge\Documents\GitHub\robot\go_go_gadget_candlelight.X\main.asm
                     Pass   0x000054    program     static C:\Users\Doge\Documents\GitHub\robot\go_go_gadget_candlelight.X\main.asm
                   RD_END   0x0004e7    program     static ..\realtimeclock.X\i2c_common.asm
                   RD_ERR   0x0004e6    program     static ..\realtimeclock.X\i2c_common.asm
                    R_END   0x000549    program     static ..\realtimeclock.X\i2c_common.asm
                  Seconds   0x00003b    program     static C:\Users\Doge\Documents\GitHub\robot\go_go_gadget_candlelight.X\main.asm
              Standby_Msg   0x000005    program     static C:\Users\Doge\Documents\GitHub\robot\go_go_gadget_candlelight.X\main.asm
                Start_Msg   0x00000e    program     static C:\Users\Doge\Documents\GitHub\robot\go_go_gadget_candlelight.X\main.asm
             Switch_Lines   0x000406    program     static C:\Users\Doge\Documents\GitHub\robot\go_go_gadget_candlelight.X\main.asm
                 Time_Msg   0x00002a    program     static C:\Users\Doge\Documents\GitHub\robot\go_go_gadget_candlelight.X\main.asm
                Total_Msg   0x000078    program     static C:\Users\Doge\Documents\GitHub\robot\go_go_gadget_candlelight.X\main.asm
                  WR_DATA   0x000418    program     static C:\Users\Doge\Documents\GitHub\robot\go_go_gadget_candlelight.X\main.asm
                   WR_END   0x000498    program     static ..\realtimeclock.X\i2c_common.asm
                   WR_ERR   0x000497    program     static ..\realtimeclock.X\i2c_common.asm
                   WR_INS   0x000409    program     static C:\Users\Doge\Documents\GitHub\robot\go_go_gadget_candlelight.X\main.asm
                    W_END   0x00051f    program     static ..\realtimeclock.X\i2c_common.asm
              _.code_0010   0x000461    program     static ..\realtimeclock.X\i2c_common.asm
              _.code_0016   0x000467    program     static ..\realtimeclock.X\i2c_common.asm
              _.code_001E   0x00046f    program     static ..\realtimeclock.X\i2c_common.asm
              _.code_002E   0x00047f    program     static ..\realtimeclock.X\i2c_common.asm
              _.code_003E   0x00048f    program     static ..\realtimeclock.X\i2c_common.asm
              _.code_004B   0x00049c    program     static ..\realtimeclock.X\i2c_common.asm
              _.code_0051   0x0004a2    program     static ..\realtimeclock.X\i2c_common.asm
              _.code_0059   0x0004aa    program     static ..\realtimeclock.X\i2c_common.asm
              _.code_0069   0x0004ba    program     static ..\realtimeclock.X\i2c_common.asm
              _.code_0074   0x0004c5    program     static ..\realtimeclock.X\i2c_common.asm
              _.code_007C   0x0004cd    program     static ..\realtimeclock.X\i2c_common.asm
              _.code_0087   0x0004d8    program     static ..\realtimeclock.X\i2c_common.asm
              _.code_0093   0x0004e4    program     static ..\realtimeclock.X\i2c_common.asm
              _.code_009A   0x0004eb    program     static ..\realtimeclock.X\i2c_common.asm
              _.code_00AE   0x0004ff    program     static ..\realtimeclock.X\i2c_common.asm
              _.code_00B6   0x000507    program     static ..\realtimeclock.X\i2c_common.asm
              _.code_00C6   0x000517    program     static ..\realtimeclock.X\i2c_common.asm
              _.code_00D2   0x000523    program     static ..\realtimeclock.X\i2c_common.asm
              _.code_00D8   0x000529    program     static ..\realtimeclock.X\i2c_common.asm
              _.code_00E0   0x000531    program     static ..\realtimeclock.X\i2c_common.asm
              _.code_00EB   0x00053c    program     static ..\realtimeclock.X\i2c_common.asm
              _.code_00F7   0x000548    program     static ..\realtimeclock.X\i2c_common.asm
              _.code_00FC   0x00054d    program     static ..\realtimeclock.X\i2c_common.asm
             _.org_1_0155   0x000155    program     static C:\Users\Doge\Documents\GitHub\robot\go_go_gadget_candlelight.X\main.asm
             _.org_1_019D   0x00019d    program     static C:\Users\Doge\Documents\GitHub\robot\go_go_gadget_candlelight.X\main.asm
             _.org_1_01A2   0x0001a2    program     static C:\Users\Doge\Documents\GitHub\robot\go_go_gadget_candlelight.X\main.asm
             _.org_1_01BB   0x0001bb    program     static C:\Users\Doge\Documents\GitHub\robot\go_go_gadget_candlelight.X\main.asm
             _.org_1_0214   0x000214    program     static C:\Users\Doge\Documents\GitHub\robot\go_go_gadget_candlelight.X\main.asm
             _.org_1_042E   0x00042e    program     static C:\Users\Doge\Documents\GitHub\robot\go_go_gadget_candlelight.X\main.asm
             _.org_1_0439   0x000439    program     static C:\Users\Doge\Documents\GitHub\robot\go_go_gadget_candlelight.X\main.asm
             _.org_1_043B   0x00043b    program     static C:\Users\Doge\Documents\GitHub\robot\go_go_gadget_candlelight.X\main.asm
             _.org_1_043E   0x00043e    program     static C:\Users\Doge\Documents\GitHub\robot\go_go_gadget_candlelight.X\main.asm
                _0HalfS_0   0x000438    program     static C:\Users\Doge\Documents\GitHub\robot\go_go_gadget_candlelight.X\main.asm
                  _13end_   0x00016c    program     static C:\Users\Doge\Documents\GitHub\robot\go_go_gadget_candlelight.X\main.asm
                 _13loop_   0x000164    program     static C:\Users\Doge\Documents\GitHub\robot\go_go_gadget_candlelight.X\main.asm
                  _25end_   0x000194    program     static C:\Users\Doge\Documents\GitHub\robot\go_go_gadget_candlelight.X\main.asm
                 _25loop_   0x00018c    program     static C:\Users\Doge\Documents\GitHub\robot\go_go_gadget_candlelight.X\main.asm
                  _26end_   0x0001af    program     static C:\Users\Doge\Documents\GitHub\robot\go_go_gadget_candlelight.X\main.asm
                 _26loop_   0x0001a7    program     static C:\Users\Doge\Documents\GitHub\robot\go_go_gadget_candlelight.X\main.asm
                  _27end_   0x0001ba    program     static C:\Users\Doge\Documents\GitHub\robot\go_go_gadget_candlelight.X\main.asm
                 _27loop_   0x0001b2    program     static C:\Users\Doge\Documents\GitHub\robot\go_go_gadget_candlelight.X\main.asm
                  _28end_   0x0001cd    program     static C:\Users\Doge\Documents\GitHub\robot\go_go_gadget_candlelight.X\main.asm
                 _28loop_   0x0001c5    program     static C:\Users\Doge\Documents\GitHub\robot\go_go_gadget_candlelight.X\main.asm
                  _29end_   0x0001de    program     static C:\Users\Doge\Documents\GitHub\robot\go_go_gadget_candlelight.X\main.asm
                 _29loop_   0x0001d6    program     static C:\Users\Doge\Documents\GitHub\robot\go_go_gadget_candlelight.X\main.asm
                  _30end_   0x0001ef    program     static C:\Users\Doge\Documents\GitHub\robot\go_go_gadget_candlelight.X\main.asm
                 _30loop_   0x0001e7    program     static C:\Users\Doge\Documents\GitHub\robot\go_go_gadget_candlelight.X\main.asm
                  _31end_   0x000200    program     static C:\Users\Doge\Documents\GitHub\robot\go_go_gadget_candlelight.X\main.asm
                 _31loop_   0x0001f8    program     static C:\Users\Doge\Documents\GitHub\robot\go_go_gadget_candlelight.X\main.asm
                  _32end_   0x000211    program     static C:\Users\Doge\Documents\GitHub\robot\go_go_gadget_candlelight.X\main.asm
                 _32loop_   0x000209    program     static C:\Users\Doge\Documents\GitHub\robot\go_go_gadget_candlelight.X\main.asm
                  _42end_   0x0002a9    program     static C:\Users\Doge\Documents\GitHub\robot\go_go_gadget_candlelight.X\main.asm
                 _42loop_   0x0002a1    program     static C:\Users\Doge\Documents\GitHub\robot\go_go_gadget_candlelight.X\main.asm
                  _43end_   0x0002bf    program     static C:\Users\Doge\Documents\GitHub\robot\go_go_gadget_candlelight.X\main.asm
                 _43loop_   0x0002b7    program     static C:\Users\Doge\Documents\GitHub\robot\go_go_gadget_candlelight.X\main.asm
                  _44end_   0x0002ce    program     static C:\Users\Doge\Documents\GitHub\robot\go_go_gadget_candlelight.X\main.asm
                 _44loop_   0x0002c6    program     static C:\Users\Doge\Documents\GitHub\robot\go_go_gadget_candlelight.X\main.asm
                  _45end_   0x0002dd    program     static C:\Users\Doge\Documents\GitHub\robot\go_go_gadget_candlelight.X\main.asm
                 _45loop_   0x0002d5    program     static C:\Users\Doge\Documents\GitHub\robot\go_go_gadget_candlelight.X\main.asm
                  _46end_   0x0002ec    program     static C:\Users\Doge\Documents\GitHub\robot\go_go_gadget_candlelight.X\main.asm
                 _46loop_   0x0002e4    program     static C:\Users\Doge\Documents\GitHub\robot\go_go_gadget_candlelight.X\main.asm
                  _47end_   0x0002f9    program     static C:\Users\Doge\Documents\GitHub\robot\go_go_gadget_candlelight.X\main.asm
                 _47loop_   0x0002f1    program     static C:\Users\Doge\Documents\GitHub\robot\go_go_gadget_candlelight.X\main.asm
                  _49end_   0x000308    program     static C:\Users\Doge\Documents\GitHub\robot\go_go_gadget_candlelight.X\main.asm
                 _49loop_   0x000300    program     static C:\Users\Doge\Documents\GitHub\robot\go_go_gadget_candlelight.X\main.asm
                   _4end_   0x0000ee    program     static C:\Users\Doge\Documents\GitHub\robot\go_go_gadget_candlelight.X\main.asm
                  _4loop_   0x0000e6    program     static C:\Users\Doge\Documents\GitHub\robot\go_go_gadget_candlelight.X\main.asm
                  _51end_   0x000318    program     static C:\Users\Doge\Documents\GitHub\robot\go_go_gadget_candlelight.X\main.asm
                 _51loop_   0x000310    program     static C:\Users\Doge\Documents\GitHub\robot\go_go_gadget_candlelight.X\main.asm
                  _52end_   0x000326    program     static C:\Users\Doge\Documents\GitHub\robot\go_go_gadget_candlelight.X\main.asm
                 _52loop_   0x00031e    program     static C:\Users\Doge\Documents\GitHub\robot\go_go_gadget_candlelight.X\main.asm
                  _70end_   0x000379    program     static C:\Users\Doge\Documents\GitHub\robot\go_go_gadget_candlelight.X\main.asm
                 _70loop_   0x000371    program     static C:\Users\Doge\Documents\GitHub\robot\go_go_gadget_candlelight.X\main.asm
                  _74end_   0x000398    program     static C:\Users\Doge\Documents\GitHub\robot\go_go_gadget_candlelight.X\main.asm
                 _74loop_   0x000390    program     static C:\Users\Doge\Documents\GitHub\robot\go_go_gadget_candlelight.X\main.asm
                  _75end_   0x0003a4    program     static C:\Users\Doge\Documents\GitHub\robot\go_go_gadget_candlelight.X\main.asm
                 _75loop_   0x00039c    program     static C:\Users\Doge\Documents\GitHub\robot\go_go_gadget_candlelight.X\main.asm
                  _76end_   0x0003b1    program     static C:\Users\Doge\Documents\GitHub\robot\go_go_gadget_candlelight.X\main.asm
                 _76loop_   0x0003a9    program     static C:\Users\Doge\Documents\GitHub\robot\go_go_gadget_candlelight.X\main.asm
                 add3huns   0x0003d6    program     static C:\Users\Doge\Documents\GitHub\robot\go_go_gadget_candlelight.X\main.asm
                 add3ones   0x0003dc    program     static C:\Users\Doge\Documents\GitHub\robot\go_go_gadget_candlelight.X\main.asm
                 add3tens   0x0003d9    program     static C:\Users\Doge\Documents\GitHub\robot\go_go_gadget_candlelight.X\main.asm
                   badkey   0x000213    program     static C:\Users\Doge\Documents\GitHub\robot\go_go_gadget_candlelight.X\main.asm
               big_number   0x0003b2    program     static C:\Users\Doge\Documents\GitHub\robot\go_go_gadget_candlelight.X\main.asm
                carryones   0x0003df    program     static C:\Users\Doge\Documents\GitHub\robot\go_go_gadget_candlelight.X\main.asm
                carrytens   0x0003e2    program     static C:\Users\Doge\Documents\GitHub\robot\go_go_gadget_candlelight.X\main.asm
                  check_1   0x000217    program     static C:\Users\Doge\Documents\GitHub\robot\go_go_gadget_candlelight.X\main.asm
                  check_2   0x000222    program     static C:\Users\Doge\Documents\GitHub\robot\go_go_gadget_candlelight.X\main.asm
                  check_3   0x00022e    program     static C:\Users\Doge\Documents\GitHub\robot\go_go_gadget_candlelight.X\main.asm
                  check_4   0x00023a    program     static C:\Users\Doge\Documents\GitHub\robot\go_go_gadget_candlelight.X\main.asm
                  check_5   0x000246    program     static C:\Users\Doge\Documents\GitHub\robot\go_go_gadget_candlelight.X\main.asm
                  check_6   0x000252    program     static C:\Users\Doge\Documents\GitHub\robot\go_go_gadget_candlelight.X\main.asm
                  check_7   0x00025e    program     static C:\Users\Doge\Documents\GitHub\robot\go_go_gadget_candlelight.X\main.asm
                  check_8   0x00026a    program     static C:\Users\Doge\Documents\GitHub\robot\go_go_gadget_candlelight.X\main.asm
                  check_9   0x000276    program     static C:\Users\Doge\Documents\GitHub\robot\go_go_gadget_candlelight.X\main.asm
                check_LED   0x0002cf    program     static C:\Users\Doge\Documents\GitHub\robot\go_go_gadget_candlelight.X\main.asm
          check_defective   0x000288    program     static C:\Users\Doge\Documents\GitHub\robot\go_go_gadget_candlelight.X\main.asm
               check_done   0x000202    program     static C:\Users\Doge\Documents\GitHub\robot\go_go_gadget_candlelight.X\main.asm
             check_export   0x000294    program     static C:\Users\Doge\Documents\GitHub\robot\go_go_gadget_candlelight.X\main.asm
              check_flick   0x0002de    program     static C:\Users\Doge\Documents\GitHub\robot\go_go_gadget_candlelight.X\main.asm
               check_log1   0x0001bf    program     static C:\Users\Doge\Documents\GitHub\robot\go_go_gadget_candlelight.X\main.asm
               check_log2   0x0001cf    program     static C:\Users\Doge\Documents\GitHub\robot\go_go_gadget_candlelight.X\main.asm
               check_log3   0x0001e0    program     static C:\Users\Doge\Documents\GitHub\robot\go_go_gadget_candlelight.X\main.asm
               check_log4   0x0001f1    program     static C:\Users\Doge\Documents\GitHub\robot\go_go_gadget_candlelight.X\main.asm
               check_none   0x0002b2    program     static C:\Users\Doge\Documents\GitHub\robot\go_go_gadget_candlelight.X\main.asm
               check_pass   0x0002c0    program     static C:\Users\Doge\Documents\GitHub\robot\go_go_gadget_candlelight.X\main.asm
            check_standby   0x00029a    program     static C:\Users\Doge\Documents\GitHub\robot\go_go_gadget_candlelight.X\main.asm
              check_start   0x0002ab    program     static C:\Users\Doge\Documents\GitHub\robot\go_go_gadget_candlelight.X\main.asm
            check_summary   0x000282    program     static C:\Users\Doge\Documents\GitHub\robot\go_go_gadget_candlelight.X\main.asm
               check_time   0x00028e    program     static C:\Users\Doge\Documents\GitHub\robot\go_go_gadget_candlelight.X\main.asm
              default_key   0x0002b0    program     static C:\Users\Doge\Documents\GitHub\robot\go_go_gadget_candlelight.X\main.asm
            default_state   0x0002ed    program     static C:\Users\Doge\Documents\GitHub\robot\go_go_gadget_candlelight.X\main.asm
                defective   0x00030d    program     static C:\Users\Doge\Documents\GitHub\robot\go_go_gadget_candlelight.X\main.asm
            display_state   0x0002b1    program     static C:\Users\Doge\Documents\GitHub\robot\go_go_gadget_candlelight.X\main.asm
                    eight   0x00035f    program     static C:\Users\Doge\Documents\GitHub\robot\go_go_gadget_candlelight.X\main.asm
            end_defective   0x00036d    program     static C:\Users\Doge\Documents\GitHub\robot\go_go_gadget_candlelight.X\main.asm
                  end_isr   0x00044b    program     static C:\Users\Doge\Documents\GitHub\robot\go_go_gadget_candlelight.X\main.asm
                   export   0x000399    program     static C:\Users\Doge\Documents\GitHub\robot\go_go_gadget_candlelight.X\main.asm
                     five   0x000347    program     static C:\Users\Doge\Documents\GitHub\robot\go_go_gadget_candlelight.X\main.asm
                     four   0x00033f    program     static C:\Users\Doge\Documents\GitHub\robot\go_go_gadget_candlelight.X\main.asm
         i2c_common_setup   0x000451    program     extern ..\realtimeclock.X\i2c_common.asm
              information   0x000216    program     static C:\Users\Doge\Documents\GitHub\robot\go_go_gadget_candlelight.X\main.asm
                     init   0x0000d4    program     static C:\Users\Doge\Documents\GitHub\robot\go_go_gadget_candlelight.X\main.asm
                      isr   0x000442    program     static C:\Users\Doge\Documents\GitHub\robot\go_go_gadget_candlelight.X\main.asm
             lcdLongDelay   0x000429    program     static C:\Users\Doge\Documents\GitHub\robot\go_go_gadget_candlelight.X\main.asm
                     logs   0x0001a4    program     static C:\Users\Doge\Documents\GitHub\robot\go_go_gadget_candlelight.X\main.asm
                     nine   0x000367    program     static C:\Users\Doge\Documents\GitHub\robot\go_go_gadget_candlelight.X\main.asm
                  no_huns   0x000383    program     static C:\Users\Doge\Documents\GitHub\robot\go_go_gadget_candlelight.X\main.asm
                  no_tens   0x00038a    program     static C:\Users\Doge\Documents\GitHub\robot\go_go_gadget_candlelight.X\main.asm
                      one   0x000327    program     static C:\Users\Doge\Documents\GitHub\robot\go_go_gadget_candlelight.X\main.asm
                 p2p_read   0x000525    program     extern ..\realtimeclock.X\i2c_common.asm
                p2p_write   0x0004fb    program     extern ..\realtimeclock.X\i2c_common.asm
                     poll   0x00019c    program     static C:\Users\Doge\Documents\GitHub\robot\go_go_gadget_candlelight.X\main.asm
                  polling   0x0001ba    program     static C:\Users\Doge\Documents\GitHub\robot\go_go_gadget_candlelight.X\main.asm
                 read_rtc   0x00049e    program     extern ..\realtimeclock.X\i2c_common.asm
              rtc_convert   0x0004ed    program     extern ..\realtimeclock.X\i2c_common.asm
                    seven   0x000357    program     static C:\Users\Doge\Documents\GitHub\robot\go_go_gadget_candlelight.X\main.asm
                      six   0x00034f    program     static C:\Users\Doge\Documents\GitHub\robot\go_go_gadget_candlelight.X\main.asm
                    start   0x000157    program     static C:\Users\Doge\Documents\GitHub\robot\go_go_gadget_candlelight.X\main.asm
                  summary   0x0002ee    program     static C:\Users\Doge\Documents\GitHub\robot\go_go_gadget_candlelight.X\main.asm
                    three   0x000337    program     static C:\Users\Doge\Documents\GitHub\robot\go_go_gadget_candlelight.X\main.asm
                     time   0x00036e    program     static C:\Users\Doge\Documents\GitHub\robot\go_go_gadget_candlelight.X\main.asm
                      two   0x00032f    program     static C:\Users\Doge\Documents\GitHub\robot\go_go_gadget_candlelight.X\main.asm
                  waiting   0x0000ef    program     static C:\Users\Doge\Documents\GitHub\robot\go_go_gadget_candlelight.X\main.asm
                write_rtc   0x000463    program     extern ..\realtimeclock.X\i2c_common.asm



                              Symbols - Sorted by Address
                     Name    Address   Location    Storage File                     
                ---------  ---------  ---------  --------- ---------                
              Standby_Msg   0x000005    program     static C:\Users\Doge\Documents\GitHub\robot\go_go_gadget_candlelight.X\main.asm
                Start_Msg   0x00000e    program     static C:\Users\Doge\Documents\GitHub\robot\go_go_gadget_candlelight.X\main.asm
                  End_Msg   0x000020    program     static C:\Users\Doge\Documents\GitHub\robot\go_go_gadget_candlelight.X\main.asm
                 Time_Msg   0x00002a    program     static C:\Users\Doge\Documents\GitHub\robot\go_go_gadget_candlelight.X\main.asm
                  Seconds   0x00003b    program     static C:\Users\Doge\Documents\GitHub\robot\go_go_gadget_candlelight.X\main.asm
              Not_present   0x000045    program     static C:\Users\Doge\Documents\GitHub\robot\go_go_gadget_candlelight.X\main.asm
                     Pass   0x000054    program     static C:\Users\Doge\Documents\GitHub\robot\go_go_gadget_candlelight.X\main.asm
                 LED_fail   0x00005c    program     static C:\Users\Doge\Documents\GitHub\robot\go_go_gadget_candlelight.X\main.asm
               Flick_fail   0x000068    program     static C:\Users\Doge\Documents\GitHub\robot\go_go_gadget_candlelight.X\main.asm
                Total_Msg   0x000078    program     static C:\Users\Doge\Documents\GitHub\robot\go_go_gadget_candlelight.X\main.asm
                Defective   0x000089    program     static C:\Users\Doge\Documents\GitHub\robot\go_go_gadget_candlelight.X\main.asm
                     None   0x000096    program     static C:\Users\Doge\Documents\GitHub\robot\go_go_gadget_candlelight.X\main.asm
               Export_Msg   0x0000a2    program     static C:\Users\Doge\Documents\GitHub\robot\go_go_gadget_candlelight.X\main.asm
                Logs_Msg1   0x0000b3    program     static C:\Users\Doge\Documents\GitHub\robot\go_go_gadget_candlelight.X\main.asm
                Logs_Msg2   0x0000c3    program     static C:\Users\Doge\Documents\GitHub\robot\go_go_gadget_candlelight.X\main.asm
                     init   0x0000d4    program     static C:\Users\Doge\Documents\GitHub\robot\go_go_gadget_candlelight.X\main.asm
                  _4loop_   0x0000e6    program     static C:\Users\Doge\Documents\GitHub\robot\go_go_gadget_candlelight.X\main.asm
                   _4end_   0x0000ee    program     static C:\Users\Doge\Documents\GitHub\robot\go_go_gadget_candlelight.X\main.asm
                  waiting   0x0000ef    program     static C:\Users\Doge\Documents\GitHub\robot\go_go_gadget_candlelight.X\main.asm
             _.org_1_0155   0x000155    program     static C:\Users\Doge\Documents\GitHub\robot\go_go_gadget_candlelight.X\main.asm
                    start   0x000157    program     static C:\Users\Doge\Documents\GitHub\robot\go_go_gadget_candlelight.X\main.asm
                 _13loop_   0x000164    program     static C:\Users\Doge\Documents\GitHub\robot\go_go_gadget_candlelight.X\main.asm
                  _13end_   0x00016c    program     static C:\Users\Doge\Documents\GitHub\robot\go_go_gadget_candlelight.X\main.asm
                 _25loop_   0x00018c    program     static C:\Users\Doge\Documents\GitHub\robot\go_go_gadget_candlelight.X\main.asm
                  _25end_   0x000194    program     static C:\Users\Doge\Documents\GitHub\robot\go_go_gadget_candlelight.X\main.asm
                     poll   0x00019c    program     static C:\Users\Doge\Documents\GitHub\robot\go_go_gadget_candlelight.X\main.asm
             _.org_1_019D   0x00019d    program     static C:\Users\Doge\Documents\GitHub\robot\go_go_gadget_candlelight.X\main.asm
             _.org_1_01A2   0x0001a2    program     static C:\Users\Doge\Documents\GitHub\robot\go_go_gadget_candlelight.X\main.asm
                     logs   0x0001a4    program     static C:\Users\Doge\Documents\GitHub\robot\go_go_gadget_candlelight.X\main.asm
                 _26loop_   0x0001a7    program     static C:\Users\Doge\Documents\GitHub\robot\go_go_gadget_candlelight.X\main.asm
                  _26end_   0x0001af    program     static C:\Users\Doge\Documents\GitHub\robot\go_go_gadget_candlelight.X\main.asm
                 _27loop_   0x0001b2    program     static C:\Users\Doge\Documents\GitHub\robot\go_go_gadget_candlelight.X\main.asm
                  polling   0x0001ba    program     static C:\Users\Doge\Documents\GitHub\robot\go_go_gadget_candlelight.X\main.asm
                  _27end_   0x0001ba    program     static C:\Users\Doge\Documents\GitHub\robot\go_go_gadget_candlelight.X\main.asm
             _.org_1_01BB   0x0001bb    program     static C:\Users\Doge\Documents\GitHub\robot\go_go_gadget_candlelight.X\main.asm
               check_log1   0x0001bf    program     static C:\Users\Doge\Documents\GitHub\robot\go_go_gadget_candlelight.X\main.asm
                 _28loop_   0x0001c5    program     static C:\Users\Doge\Documents\GitHub\robot\go_go_gadget_candlelight.X\main.asm
                  _28end_   0x0001cd    program     static C:\Users\Doge\Documents\GitHub\robot\go_go_gadget_candlelight.X\main.asm
               check_log2   0x0001cf    program     static C:\Users\Doge\Documents\GitHub\robot\go_go_gadget_candlelight.X\main.asm
                 _29loop_   0x0001d6    program     static C:\Users\Doge\Documents\GitHub\robot\go_go_gadget_candlelight.X\main.asm
                  _29end_   0x0001de    program     static C:\Users\Doge\Documents\GitHub\robot\go_go_gadget_candlelight.X\main.asm
               check_log3   0x0001e0    program     static C:\Users\Doge\Documents\GitHub\robot\go_go_gadget_candlelight.X\main.asm
                 _30loop_   0x0001e7    program     static C:\Users\Doge\Documents\GitHub\robot\go_go_gadget_candlelight.X\main.asm
                  _30end_   0x0001ef    program     static C:\Users\Doge\Documents\GitHub\robot\go_go_gadget_candlelight.X\main.asm
               check_log4   0x0001f1    program     static C:\Users\Doge\Documents\GitHub\robot\go_go_gadget_candlelight.X\main.asm
                 _31loop_   0x0001f8    program     static C:\Users\Doge\Documents\GitHub\robot\go_go_gadget_candlelight.X\main.asm
                  _31end_   0x000200    program     static C:\Users\Doge\Documents\GitHub\robot\go_go_gadget_candlelight.X\main.asm
               check_done   0x000202    program     static C:\Users\Doge\Documents\GitHub\robot\go_go_gadget_candlelight.X\main.asm
                 _32loop_   0x000209    program     static C:\Users\Doge\Documents\GitHub\robot\go_go_gadget_candlelight.X\main.asm
                  _32end_   0x000211    program     static C:\Users\Doge\Documents\GitHub\robot\go_go_gadget_candlelight.X\main.asm
                   badkey   0x000213    program     static C:\Users\Doge\Documents\GitHub\robot\go_go_gadget_candlelight.X\main.asm
             _.org_1_0214   0x000214    program     static C:\Users\Doge\Documents\GitHub\robot\go_go_gadget_candlelight.X\main.asm
              information   0x000216    program     static C:\Users\Doge\Documents\GitHub\robot\go_go_gadget_candlelight.X\main.asm
                  check_1   0x000217    program     static C:\Users\Doge\Documents\GitHub\robot\go_go_gadget_candlelight.X\main.asm
                  check_2   0x000222    program     static C:\Users\Doge\Documents\GitHub\robot\go_go_gadget_candlelight.X\main.asm
                  check_3   0x00022e    program     static C:\Users\Doge\Documents\GitHub\robot\go_go_gadget_candlelight.X\main.asm
                  check_4   0x00023a    program     static C:\Users\Doge\Documents\GitHub\robot\go_go_gadget_candlelight.X\main.asm
                  check_5   0x000246    program     static C:\Users\Doge\Documents\GitHub\robot\go_go_gadget_candlelight.X\main.asm
                  check_6   0x000252    program     static C:\Users\Doge\Documents\GitHub\robot\go_go_gadget_candlelight.X\main.asm
                  check_7   0x00025e    program     static C:\Users\Doge\Documents\GitHub\robot\go_go_gadget_candlelight.X\main.asm
                  check_8   0x00026a    program     static C:\Users\Doge\Documents\GitHub\robot\go_go_gadget_candlelight.X\main.asm
                  check_9   0x000276    program     static C:\Users\Doge\Documents\GitHub\robot\go_go_gadget_candlelight.X\main.asm
            check_summary   0x000282    program     static C:\Users\Doge\Documents\GitHub\robot\go_go_gadget_candlelight.X\main.asm
          check_defective   0x000288    program     static C:\Users\Doge\Documents\GitHub\robot\go_go_gadget_candlelight.X\main.asm
               check_time   0x00028e    program     static C:\Users\Doge\Documents\GitHub\robot\go_go_gadget_candlelight.X\main.asm
             check_export   0x000294    program     static C:\Users\Doge\Documents\GitHub\robot\go_go_gadget_candlelight.X\main.asm
            check_standby   0x00029a    program     static C:\Users\Doge\Documents\GitHub\robot\go_go_gadget_candlelight.X\main.asm
                 _42loop_   0x0002a1    program     static C:\Users\Doge\Documents\GitHub\robot\go_go_gadget_candlelight.X\main.asm
                  _42end_   0x0002a9    program     static C:\Users\Doge\Documents\GitHub\robot\go_go_gadget_candlelight.X\main.asm
              check_start   0x0002ab    program     static C:\Users\Doge\Documents\GitHub\robot\go_go_gadget_candlelight.X\main.asm
              default_key   0x0002b0    program     static C:\Users\Doge\Documents\GitHub\robot\go_go_gadget_candlelight.X\main.asm
            display_state   0x0002b1    program     static C:\Users\Doge\Documents\GitHub\robot\go_go_gadget_candlelight.X\main.asm
               check_none   0x0002b2    program     static C:\Users\Doge\Documents\GitHub\robot\go_go_gadget_candlelight.X\main.asm
                 _43loop_   0x0002b7    program     static C:\Users\Doge\Documents\GitHub\robot\go_go_gadget_candlelight.X\main.asm
                  _43end_   0x0002bf    program     static C:\Users\Doge\Documents\GitHub\robot\go_go_gadget_candlelight.X\main.asm
               check_pass   0x0002c0    program     static C:\Users\Doge\Documents\GitHub\robot\go_go_gadget_candlelight.X\main.asm
                 _44loop_   0x0002c6    program     static C:\Users\Doge\Documents\GitHub\robot\go_go_gadget_candlelight.X\main.asm
                  _44end_   0x0002ce    program     static C:\Users\Doge\Documents\GitHub\robot\go_go_gadget_candlelight.X\main.asm
                check_LED   0x0002cf    program     static C:\Users\Doge\Documents\GitHub\robot\go_go_gadget_candlelight.X\main.asm
                 _45loop_   0x0002d5    program     static C:\Users\Doge\Documents\GitHub\robot\go_go_gadget_candlelight.X\main.asm
                  _45end_   0x0002dd    program     static C:\Users\Doge\Documents\GitHub\robot\go_go_gadget_candlelight.X\main.asm
              check_flick   0x0002de    program     static C:\Users\Doge\Documents\GitHub\robot\go_go_gadget_candlelight.X\main.asm
                 _46loop_   0x0002e4    program     static C:\Users\Doge\Documents\GitHub\robot\go_go_gadget_candlelight.X\main.asm
                  _46end_   0x0002ec    program     static C:\Users\Doge\Documents\GitHub\robot\go_go_gadget_candlelight.X\main.asm
            default_state   0x0002ed    program     static C:\Users\Doge\Documents\GitHub\robot\go_go_gadget_candlelight.X\main.asm
                  summary   0x0002ee    program     static C:\Users\Doge\Documents\GitHub\robot\go_go_gadget_candlelight.X\main.asm
                 _47loop_   0x0002f1    program     static C:\Users\Doge\Documents\GitHub\robot\go_go_gadget_candlelight.X\main.asm
                  _47end_   0x0002f9    program     static C:\Users\Doge\Documents\GitHub\robot\go_go_gadget_candlelight.X\main.asm
                 _49loop_   0x000300    program     static C:\Users\Doge\Documents\GitHub\robot\go_go_gadget_candlelight.X\main.asm
                  _49end_   0x000308    program     static C:\Users\Doge\Documents\GitHub\robot\go_go_gadget_candlelight.X\main.asm
                defective   0x00030d    program     static C:\Users\Doge\Documents\GitHub\robot\go_go_gadget_candlelight.X\main.asm
                 _51loop_   0x000310    program     static C:\Users\Doge\Documents\GitHub\robot\go_go_gadget_candlelight.X\main.asm
                  _51end_   0x000318    program     static C:\Users\Doge\Documents\GitHub\robot\go_go_gadget_candlelight.X\main.asm
                 _52loop_   0x00031e    program     static C:\Users\Doge\Documents\GitHub\robot\go_go_gadget_candlelight.X\main.asm
                  _52end_   0x000326    program     static C:\Users\Doge\Documents\GitHub\robot\go_go_gadget_candlelight.X\main.asm
                      one   0x000327    program     static C:\Users\Doge\Documents\GitHub\robot\go_go_gadget_candlelight.X\main.asm
                      two   0x00032f    program     static C:\Users\Doge\Documents\GitHub\robot\go_go_gadget_candlelight.X\main.asm
                    three   0x000337    program     static C:\Users\Doge\Documents\GitHub\robot\go_go_gadget_candlelight.X\main.asm
                     four   0x00033f    program     static C:\Users\Doge\Documents\GitHub\robot\go_go_gadget_candlelight.X\main.asm
                     five   0x000347    program     static C:\Users\Doge\Documents\GitHub\robot\go_go_gadget_candlelight.X\main.asm
                      six   0x00034f    program     static C:\Users\Doge\Documents\GitHub\robot\go_go_gadget_candlelight.X\main.asm
                    seven   0x000357    program     static C:\Users\Doge\Documents\GitHub\robot\go_go_gadget_candlelight.X\main.asm
                    eight   0x00035f    program     static C:\Users\Doge\Documents\GitHub\robot\go_go_gadget_candlelight.X\main.asm
                     nine   0x000367    program     static C:\Users\Doge\Documents\GitHub\robot\go_go_gadget_candlelight.X\main.asm
            end_defective   0x00036d    program     static C:\Users\Doge\Documents\GitHub\robot\go_go_gadget_candlelight.X\main.asm
                     time   0x00036e    program     static C:\Users\Doge\Documents\GitHub\robot\go_go_gadget_candlelight.X\main.asm
                 _70loop_   0x000371    program     static C:\Users\Doge\Documents\GitHub\robot\go_go_gadget_candlelight.X\main.asm
                  _70end_   0x000379    program     static C:\Users\Doge\Documents\GitHub\robot\go_go_gadget_candlelight.X\main.asm
                  no_huns   0x000383    program     static C:\Users\Doge\Documents\GitHub\robot\go_go_gadget_candlelight.X\main.asm
                  no_tens   0x00038a    program     static C:\Users\Doge\Documents\GitHub\robot\go_go_gadget_candlelight.X\main.asm
                 _74loop_   0x000390    program     static C:\Users\Doge\Documents\GitHub\robot\go_go_gadget_candlelight.X\main.asm
                  _74end_   0x000398    program     static C:\Users\Doge\Documents\GitHub\robot\go_go_gadget_candlelight.X\main.asm
                   export   0x000399    program     static C:\Users\Doge\Documents\GitHub\robot\go_go_gadget_candlelight.X\main.asm
                 _75loop_   0x00039c    program     static C:\Users\Doge\Documents\GitHub\robot\go_go_gadget_candlelight.X\main.asm
                  _75end_   0x0003a4    program     static C:\Users\Doge\Documents\GitHub\robot\go_go_gadget_candlelight.X\main.asm
                 _76loop_   0x0003a9    program     static C:\Users\Doge\Documents\GitHub\robot\go_go_gadget_candlelight.X\main.asm
                  _76end_   0x0003b1    program     static C:\Users\Doge\Documents\GitHub\robot\go_go_gadget_candlelight.X\main.asm
               big_number   0x0003b2    program     static C:\Users\Doge\Documents\GitHub\robot\go_go_gadget_candlelight.X\main.asm
                  BCDadd3   0x0003b9    program     static C:\Users\Doge\Documents\GitHub\robot\go_go_gadget_candlelight.X\main.asm
                 add3huns   0x0003d6    program     static C:\Users\Doge\Documents\GitHub\robot\go_go_gadget_candlelight.X\main.asm
                 add3tens   0x0003d9    program     static C:\Users\Doge\Documents\GitHub\robot\go_go_gadget_candlelight.X\main.asm
                 add3ones   0x0003dc    program     static C:\Users\Doge\Documents\GitHub\robot\go_go_gadget_candlelight.X\main.asm
                carryones   0x0003df    program     static C:\Users\Doge\Documents\GitHub\robot\go_go_gadget_candlelight.X\main.asm
                carrytens   0x0003e2    program     static C:\Users\Doge\Documents\GitHub\robot\go_go_gadget_candlelight.X\main.asm
                  InitLCD   0x0003e5    program     static C:\Users\Doge\Documents\GitHub\robot\go_go_gadget_candlelight.X\main.asm
            Clear_Display   0x000403    program     static C:\Users\Doge\Documents\GitHub\robot\go_go_gadget_candlelight.X\main.asm
             Switch_Lines   0x000406    program     static C:\Users\Doge\Documents\GitHub\robot\go_go_gadget_candlelight.X\main.asm
                   WR_INS   0x000409    program     static C:\Users\Doge\Documents\GitHub\robot\go_go_gadget_candlelight.X\main.asm
                  WR_DATA   0x000418    program     static C:\Users\Doge\Documents\GitHub\robot\go_go_gadget_candlelight.X\main.asm
             lcdLongDelay   0x000429    program     static C:\Users\Doge\Documents\GitHub\robot\go_go_gadget_candlelight.X\main.asm
                 LLD_LOOP   0x00042b    program     static C:\Users\Doge\Documents\GitHub\robot\go_go_gadget_candlelight.X\main.asm
             _.org_1_042E   0x00042e    program     static C:\Users\Doge\Documents\GitHub\robot\go_go_gadget_candlelight.X\main.asm
                    HalfS   0x000432    program     static C:\Users\Doge\Documents\GitHub\robot\go_go_gadget_candlelight.X\main.asm
                _0HalfS_0   0x000438    program     static C:\Users\Doge\Documents\GitHub\robot\go_go_gadget_candlelight.X\main.asm
             _.org_1_0439   0x000439    program     static C:\Users\Doge\Documents\GitHub\robot\go_go_gadget_candlelight.X\main.asm
             _.org_1_043B   0x00043b    program     static C:\Users\Doge\Documents\GitHub\robot\go_go_gadget_candlelight.X\main.asm
             _.org_1_043E   0x00043e    program     static C:\Users\Doge\Documents\GitHub\robot\go_go_gadget_candlelight.X\main.asm
                      isr   0x000442    program     static C:\Users\Doge\Documents\GitHub\robot\go_go_gadget_candlelight.X\main.asm
                  end_isr   0x00044b    program     static C:\Users\Doge\Documents\GitHub\robot\go_go_gadget_candlelight.X\main.asm
         i2c_common_setup   0x000451    program     extern ..\realtimeclock.X\i2c_common.asm
              _.code_0010   0x000461    program     static ..\realtimeclock.X\i2c_common.asm
                write_rtc   0x000463    program     extern ..\realtimeclock.X\i2c_common.asm
              _.code_0016   0x000467    program     static ..\realtimeclock.X\i2c_common.asm
              _.code_001E   0x00046f    program     static ..\realtimeclock.X\i2c_common.asm
              _.code_002E   0x00047f    program     static ..\realtimeclock.X\i2c_common.asm
              _.code_003E   0x00048f    program     static ..\realtimeclock.X\i2c_common.asm
                   WR_ERR   0x000497    program     static ..\realtimeclock.X\i2c_common.asm
                   WR_END   0x000498    program     static ..\realtimeclock.X\i2c_common.asm
              _.code_004B   0x00049c    program     static ..\realtimeclock.X\i2c_common.asm
                 read_rtc   0x00049e    program     extern ..\realtimeclock.X\i2c_common.asm
              _.code_0051   0x0004a2    program     static ..\realtimeclock.X\i2c_common.asm
              _.code_0059   0x0004aa    program     static ..\realtimeclock.X\i2c_common.asm
              _.code_0069   0x0004ba    program     static ..\realtimeclock.X\i2c_common.asm
              _.code_0074   0x0004c5    program     static ..\realtimeclock.X\i2c_common.asm
              _.code_007C   0x0004cd    program     static ..\realtimeclock.X\i2c_common.asm
              _.code_0087   0x0004d8    program     static ..\realtimeclock.X\i2c_common.asm
              _.code_0093   0x0004e4    program     static ..\realtimeclock.X\i2c_common.asm
                   RD_ERR   0x0004e6    program     static ..\realtimeclock.X\i2c_common.asm
                   RD_END   0x0004e7    program     static ..\realtimeclock.X\i2c_common.asm
              _.code_009A   0x0004eb    program     static ..\realtimeclock.X\i2c_common.asm
              rtc_convert   0x0004ed    program     extern ..\realtimeclock.X\i2c_common.asm
                p2p_write   0x0004fb    program     extern ..\realtimeclock.X\i2c_common.asm
              _.code_00AE   0x0004ff    program     static ..\realtimeclock.X\i2c_common.asm
              _.code_00B6   0x000507    program     static ..\realtimeclock.X\i2c_common.asm
              _.code_00C6   0x000517    program     static ..\realtimeclock.X\i2c_common.asm
                    W_END   0x00051f    program     static ..\realtimeclock.X\i2c_common.asm
              _.code_00D2   0x000523    program     static ..\realtimeclock.X\i2c_common.asm
                 p2p_read   0x000525    program     extern ..\realtimeclock.X\i2c_common.asm
              _.code_00D8   0x000529    program     static ..\realtimeclock.X\i2c_common.asm
              _.code_00E0   0x000531    program     static ..\realtimeclock.X\i2c_common.asm
              _.code_00EB   0x00053c    program     static ..\realtimeclock.X\i2c_common.asm
              _.code_00F7   0x000548    program     static ..\realtimeclock.X\i2c_common.asm
                    R_END   0x000549    program     static ..\realtimeclock.X\i2c_common.asm
              _.code_00FC   0x00054d    program     static ..\realtimeclock.X\i2c_common.asm


