MPLINK 5.01, LINKER
Linker Map File - Created Wed Apr 02 14:46:49 2014

                                 Section Info
                  Section       Type    Address   Location Size(Bytes)
                ---------  ---------  ---------  ---------  ---------
                   .org_0       code   0x000000    program   0x000002
                   .cinit    romdata   0x000001    program   0x000004
                   .org_1       code   0x000004    program   0x000df4
                    .code       code   0x0006fe    program   0x0001fc
.config_2007_BUILD/DEFAULT/PRODUCTION/MAIN.O       code   0x002007    program   0x000002



                              Program Memory Usage 
                               Start         End      
                           ---------   ---------      
                            0x000000    0x000002      
                            0x000004    0x0007fb      
                            0x002007    0x002007      
            2044 out of 8454 program addresses used, program memory utilization is 24%



                              Symbols - Sorted by Name
                     Name    Address   Location    Storage File                     
                ---------  ---------  ---------  --------- ---------                
                  BCDadd3   0x00064c    program     static C:\Users\David\Documents\GitHub\robot\go_go_gadget.X\main.asm
            Clear_Display   0x0006b7    program     static C:\Users\David\Documents\GitHub\robot\go_go_gadget.X\main.asm
                  Delay_0   0x00068b    program     static C:\Users\David\Documents\GitHub\robot\go_go_gadget.X\main.asm
                  End_Msg   0x000020    program     static C:\Users\David\Documents\GitHub\robot\go_go_gadget.X\main.asm
                       FF   0x00008f    program     static C:\Users\David\Documents\GitHub\robot\go_go_gadget.X\main.asm
               Flick_fail   0x000068    program     static C:\Users\David\Documents\GitHub\robot\go_go_gadget.X\main.asm
                    HalfS   0x000678    program     static C:\Users\David\Documents\GitHub\robot\go_go_gadget.X\main.asm
                  HalfS_0   0x00067e    program     static C:\Users\David\Documents\GitHub\robot\go_go_gadget.X\main.asm
                  InitLCD   0x000699    program     static C:\Users\David\Documents\GitHub\robot\go_go_gadget.X\main.asm
                InitUSART   0x0006dd    program     static C:\Users\David\Documents\GitHub\robot\go_go_gadget.X\main.asm
                 LED_fail   0x00005c    program     static C:\Users\David\Documents\GitHub\robot\go_go_gadget.X\main.asm
                       LF   0x000089    program     static C:\Users\David\Documents\GitHub\robot\go_go_gadget.X\main.asm
                Logs_Msg1   0x00009d    program     static C:\Users\David\Documents\GitHub\robot\go_go_gadget.X\main.asm
                Logs_Msg2   0x0000ae    program     static C:\Users\David\Documents\GitHub\robot\go_go_gadget.X\main.asm
                Logs_Msg3   0x0000bf    program     static C:\Users\David\Documents\GitHub\robot\go_go_gadget.X\main.asm
                Logs_Msg4   0x0000c8    program     static C:\Users\David\Documents\GitHub\robot\go_go_gadget.X\main.asm
                     None   0x000095    program     static C:\Users\David\Documents\GitHub\robot\go_go_gadget.X\main.asm
              Not_present   0x000045    program     static C:\Users\David\Documents\GitHub\robot\go_go_gadget.X\main.asm
                    Op_at   0x0000d8    program     static C:\Users\David\Documents\GitHub\robot\go_go_gadget.X\main.asm
                     Pass   0x000054    program     static C:\Users\David\Documents\GitHub\robot\go_go_gadget.X\main.asm
                   RD_END   0x000794    program     static C:\Users\David\Documents\GitHub\robot\go_go_gadget.X\i2c_common.asm
                   RD_ERR   0x000793    program     static C:\Users\David\Documents\GitHub\robot\go_go_gadget.X\i2c_common.asm
              ROTATEMOTOR   0x000391    program     static C:\Users\David\Documents\GitHub\robot\go_go_gadget.X\main.asm
                    R_END   0x0007f6    program     static C:\Users\David\Documents\GitHub\robot\go_go_gadget.X\i2c_common.asm
                  Seconds   0x00003b    program     static C:\Users\David\Documents\GitHub\robot\go_go_gadget.X\main.asm
              Standby_Msg   0x000005    program     static C:\Users\David\Documents\GitHub\robot\go_go_gadget.X\main.asm
                Start_Msg   0x00000e    program     static C:\Users\David\Documents\GitHub\robot\go_go_gadget.X\main.asm
             Switch_Lines   0x0006ba    program     static C:\Users\David\Documents\GitHub\robot\go_go_gadget.X\main.asm
                 Time_Msg   0x00002a    program     static C:\Users\David\Documents\GitHub\robot\go_go_gadget.X\main.asm
                Total_Msg   0x000078    program     static C:\Users\David\Documents\GitHub\robot\go_go_gadget.X\main.asm
                  WR_DATA   0x0006cc    program     static C:\Users\David\Documents\GitHub\robot\go_go_gadget.X\main.asm
                   WR_END   0x000745    program     static C:\Users\David\Documents\GitHub\robot\go_go_gadget.X\i2c_common.asm
                   WR_ERR   0x000744    program     static C:\Users\David\Documents\GitHub\robot\go_go_gadget.X\i2c_common.asm
                   WR_INS   0x0006bd    program     static C:\Users\David\Documents\GitHub\robot\go_go_gadget.X\main.asm
                    W_END   0x0007cc    program     static C:\Users\David\Documents\GitHub\robot\go_go_gadget.X\i2c_common.asm
              _.code_0010   0x00070e    program     static C:\Users\David\Documents\GitHub\robot\go_go_gadget.X\i2c_common.asm
              _.code_0016   0x000714    program     static C:\Users\David\Documents\GitHub\robot\go_go_gadget.X\i2c_common.asm
              _.code_001E   0x00071c    program     static C:\Users\David\Documents\GitHub\robot\go_go_gadget.X\i2c_common.asm
              _.code_002E   0x00072c    program     static C:\Users\David\Documents\GitHub\robot\go_go_gadget.X\i2c_common.asm
              _.code_003E   0x00073c    program     static C:\Users\David\Documents\GitHub\robot\go_go_gadget.X\i2c_common.asm
              _.code_004B   0x000749    program     static C:\Users\David\Documents\GitHub\robot\go_go_gadget.X\i2c_common.asm
              _.code_0051   0x00074f    program     static C:\Users\David\Documents\GitHub\robot\go_go_gadget.X\i2c_common.asm
              _.code_0059   0x000757    program     static C:\Users\David\Documents\GitHub\robot\go_go_gadget.X\i2c_common.asm
              _.code_0069   0x000767    program     static C:\Users\David\Documents\GitHub\robot\go_go_gadget.X\i2c_common.asm
              _.code_0074   0x000772    program     static C:\Users\David\Documents\GitHub\robot\go_go_gadget.X\i2c_common.asm
              _.code_007C   0x00077a    program     static C:\Users\David\Documents\GitHub\robot\go_go_gadget.X\i2c_common.asm
              _.code_0087   0x000785    program     static C:\Users\David\Documents\GitHub\robot\go_go_gadget.X\i2c_common.asm
              _.code_0093   0x000791    program     static C:\Users\David\Documents\GitHub\robot\go_go_gadget.X\i2c_common.asm
              _.code_009A   0x000798    program     static C:\Users\David\Documents\GitHub\robot\go_go_gadget.X\i2c_common.asm
              _.code_00AE   0x0007ac    program     static C:\Users\David\Documents\GitHub\robot\go_go_gadget.X\i2c_common.asm
              _.code_00B6   0x0007b4    program     static C:\Users\David\Documents\GitHub\robot\go_go_gadget.X\i2c_common.asm
              _.code_00C6   0x0007c4    program     static C:\Users\David\Documents\GitHub\robot\go_go_gadget.X\i2c_common.asm
              _.code_00D2   0x0007d0    program     static C:\Users\David\Documents\GitHub\robot\go_go_gadget.X\i2c_common.asm
              _.code_00D8   0x0007d6    program     static C:\Users\David\Documents\GitHub\robot\go_go_gadget.X\i2c_common.asm
              _.code_00E0   0x0007de    program     static C:\Users\David\Documents\GitHub\robot\go_go_gadget.X\i2c_common.asm
              _.code_00EB   0x0007e9    program     static C:\Users\David\Documents\GitHub\robot\go_go_gadget.X\i2c_common.asm
              _.code_00F7   0x0007f5    program     static C:\Users\David\Documents\GitHub\robot\go_go_gadget.X\i2c_common.asm
              _.code_00FC   0x0007fa    program     static C:\Users\David\Documents\GitHub\robot\go_go_gadget.X\i2c_common.asm
             _.org_1_0176   0x000176    program     static C:\Users\David\Documents\GitHub\robot\go_go_gadget.X\main.asm
             _.org_1_01E6   0x0001e6    program     static C:\Users\David\Documents\GitHub\robot\go_go_gadget.X\main.asm
             _.org_1_020D   0x00020d    program     static C:\Users\David\Documents\GitHub\robot\go_go_gadget.X\main.asm
             _.org_1_022D   0x00022d    program     static C:\Users\David\Documents\GitHub\robot\go_go_gadget.X\main.asm
             _.org_1_0232   0x000232    program     static C:\Users\David\Documents\GitHub\robot\go_go_gadget.X\main.asm
             _.org_1_024B   0x00024b    program     static C:\Users\David\Documents\GitHub\robot\go_go_gadget.X\main.asm
             _.org_1_02B1   0x0002b1    program     static C:\Users\David\Documents\GitHub\robot\go_go_gadget.X\main.asm
             _.org_1_0321   0x000321    program     static C:\Users\David\Documents\GitHub\robot\go_go_gadget.X\main.asm
             _.org_1_0342   0x000342    program     static C:\Users\David\Documents\GitHub\robot\go_go_gadget.X\main.asm
             _.org_1_067F   0x00067f    program     static C:\Users\David\Documents\GitHub\robot\go_go_gadget.X\main.asm
             _.org_1_0681   0x000681    program     static C:\Users\David\Documents\GitHub\robot\go_go_gadget.X\main.asm
             _.org_1_0684   0x000684    program     static C:\Users\David\Documents\GitHub\robot\go_go_gadget.X\main.asm
             _.org_1_068C   0x00068c    program     static C:\Users\David\Documents\GitHub\robot\go_go_gadget.X\main.asm
             _.org_1_0695   0x000695    program     static C:\Users\David\Documents\GitHub\robot\go_go_gadget.X\main.asm
             _.org_1_06EB   0x0006eb    program     static C:\Users\David\Documents\GitHub\robot\go_go_gadget.X\main.asm
             _103end_disp   0x000456    program     static C:\Users\David\Documents\GitHub\robot\go_go_gadget.X\main.asm
            _103loop_disp   0x00044e    program     static C:\Users\David\Documents\GitHub\robot\go_go_gadget.X\main.asm
             _104end_disp   0x00046c    program     static C:\Users\David\Documents\GitHub\robot\go_go_gadget.X\main.asm
            _104loop_disp   0x000464    program     static C:\Users\David\Documents\GitHub\robot\go_go_gadget.X\main.asm
             _105end_disp   0x00047b    program     static C:\Users\David\Documents\GitHub\robot\go_go_gadget.X\main.asm
            _105loop_disp   0x000473    program     static C:\Users\David\Documents\GitHub\robot\go_go_gadget.X\main.asm
             _106end_disp   0x00048a    program     static C:\Users\David\Documents\GitHub\robot\go_go_gadget.X\main.asm
            _106loop_disp   0x000482    program     static C:\Users\David\Documents\GitHub\robot\go_go_gadget.X\main.asm
             _107end_disp   0x000499    program     static C:\Users\David\Documents\GitHub\robot\go_go_gadget.X\main.asm
            _107loop_disp   0x000491    program     static C:\Users\David\Documents\GitHub\robot\go_go_gadget.X\main.asm
             _108end_disp   0x0004a6    program     static C:\Users\David\Documents\GitHub\robot\go_go_gadget.X\main.asm
            _108loop_disp   0x00049e    program     static C:\Users\David\Documents\GitHub\robot\go_go_gadget.X\main.asm
             _110end_disp   0x0004b4    program     static C:\Users\David\Documents\GitHub\robot\go_go_gadget.X\main.asm
            _110loop_disp   0x0004ac    program     static C:\Users\David\Documents\GitHub\robot\go_go_gadget.X\main.asm
             _114end_disp   0x0004c5    program     static C:\Users\David\Documents\GitHub\robot\go_go_gadget.X\main.asm
            _114loop_disp   0x0004bd    program     static C:\Users\David\Documents\GitHub\robot\go_go_gadget.X\main.asm
             _116end_disp   0x0004dd    program     static C:\Users\David\Documents\GitHub\robot\go_go_gadget.X\main.asm
            _116loop_disp   0x0004d5    program     static C:\Users\David\Documents\GitHub\robot\go_go_gadget.X\main.asm
             _117end_disp   0x0004ea    program     static C:\Users\David\Documents\GitHub\robot\go_go_gadget.X\main.asm
            _117loop_disp   0x0004e2    program     static C:\Users\David\Documents\GitHub\robot\go_go_gadget.X\main.asm
             _118end_disp   0x0004f8    program     static C:\Users\David\Documents\GitHub\robot\go_go_gadget.X\main.asm
            _118loop_disp   0x0004f0    program     static C:\Users\David\Documents\GitHub\robot\go_go_gadget.X\main.asm
             _119end_disp   0x000505    program     static C:\Users\David\Documents\GitHub\robot\go_go_gadget.X\main.asm
            _119loop_disp   0x0004fd    program     static C:\Users\David\Documents\GitHub\robot\go_go_gadget.X\main.asm
             _124end_disp   0x00052d    program     static C:\Users\David\Documents\GitHub\robot\go_go_gadget.X\main.asm
            _124loop_disp   0x000525    program     static C:\Users\David\Documents\GitHub\robot\go_go_gadget.X\main.asm
             _128end_disp   0x000549    program     static C:\Users\David\Documents\GitHub\robot\go_go_gadget.X\main.asm
            _128loop_disp   0x000541    program     static C:\Users\David\Documents\GitHub\robot\go_go_gadget.X\main.asm
              _20end_disp   0x00018c    program     static C:\Users\David\Documents\GitHub\robot\go_go_gadget.X\main.asm
             _20loop_disp   0x000184    program     static C:\Users\David\Documents\GitHub\robot\go_go_gadget.X\main.asm
              _30end_disp   0x0001dd    program     static C:\Users\David\Documents\GitHub\robot\go_go_gadget.X\main.asm
             _30loop_disp   0x0001d5    program     static C:\Users\David\Documents\GitHub\robot\go_go_gadget.X\main.asm
              _35end_disp   0x00023f    program     static C:\Users\David\Documents\GitHub\robot\go_go_gadget.X\main.asm
             _35loop_disp   0x000237    program     static C:\Users\David\Documents\GitHub\robot\go_go_gadget.X\main.asm
              _36end_disp   0x00024a    program     static C:\Users\David\Documents\GitHub\robot\go_go_gadget.X\main.asm
             _36loop_disp   0x000242    program     static C:\Users\David\Documents\GitHub\robot\go_go_gadget.X\main.asm
              _46end_disp   0x0002ae    program     static C:\Users\David\Documents\GitHub\robot\go_go_gadget.X\main.asm
             _46loop_disp   0x0002a6    program     static C:\Users\David\Documents\GitHub\robot\go_go_gadget.X\main.asm
              _49end_disp   0x0002d5    program     static C:\Users\David\Documents\GitHub\robot\go_go_gadget.X\main.asm
             _49loop_disp   0x0002cd    program     static C:\Users\David\Documents\GitHub\robot\go_go_gadget.X\main.asm
              _50end_disp   0x0002e1    program     static C:\Users\David\Documents\GitHub\robot\go_go_gadget.X\main.asm
             _50loop_disp   0x0002d9    program     static C:\Users\David\Documents\GitHub\robot\go_go_gadget.X\main.asm
              _67end_disp   0x000315    program     static C:\Users\David\Documents\GitHub\robot\go_go_gadget.X\main.asm
             _67loop_disp   0x00030d    program     static C:\Users\David\Documents\GitHub\robot\go_go_gadget.X\main.asm
              _68end_disp   0x000320    program     static C:\Users\David\Documents\GitHub\robot\go_go_gadget.X\main.asm
             _68loop_disp   0x000318    program     static C:\Users\David\Documents\GitHub\robot\go_go_gadget.X\main.asm
              _69end_disp   0x00033f    program     static C:\Users\David\Documents\GitHub\robot\go_go_gadget.X\main.asm
             _69loop_disp   0x000337    program     static C:\Users\David\Documents\GitHub\robot\go_go_gadget.X\main.asm
              _71end_disp   0x00035e    program     static C:\Users\David\Documents\GitHub\robot\go_go_gadget.X\main.asm
             _71loop_disp   0x000356    program     static C:\Users\David\Documents\GitHub\robot\go_go_gadget.X\main.asm
              _72end_disp   0x00036d    program     static C:\Users\David\Documents\GitHub\robot\go_go_gadget.X\main.asm
             _72loop_disp   0x000365    program     static C:\Users\David\Documents\GitHub\robot\go_go_gadget.X\main.asm
              _73end_disp   0x000378    program     static C:\Users\David\Documents\GitHub\robot\go_go_gadget.X\main.asm
             _73loop_disp   0x000370    program     static C:\Users\David\Documents\GitHub\robot\go_go_gadget.X\main.asm
              _77end_disp   0x00038f    program     static C:\Users\David\Documents\GitHub\robot\go_go_gadget.X\main.asm
             _77loop_disp   0x000387    program     static C:\Users\David\Documents\GitHub\robot\go_go_gadget.X\main.asm
               _7end_disp   0x00010b    program     static C:\Users\David\Documents\GitHub\robot\go_go_gadget.X\main.asm
              _7loop_disp   0x000103    program     static C:\Users\David\Documents\GitHub\robot\go_go_gadget.X\main.asm
                aboveboth   0x0001ca    program     static C:\Users\David\Documents\GitHub\robot\go_go_gadget.X\main.asm
                 add3huns   0x000669    program     static C:\Users\David\Documents\GitHub\robot\go_go_gadget.X\main.asm
                 add3ones   0x00066f    program     static C:\Users\David\Documents\GitHub\robot\go_go_gadget.X\main.asm
                 add3tens   0x00066c    program     static C:\Users\David\Documents\GitHub\robot\go_go_gadget.X\main.asm
                   badkey   0x0002b0    program     static C:\Users\David\Documents\GitHub\robot\go_go_gadget.X\main.asm
              badkeyagain   0x000341    program     static C:\Users\David\Documents\GitHub\robot\go_go_gadget.X\main.asm
               big_number   0x000645    program     static C:\Users\David\Documents\GitHub\robot\go_go_gadget.X\main.asm
                     cal1   0x000350    program     static C:\Users\David\Documents\GitHub\robot\go_go_gadget.X\main.asm
                     cal2   0x00035f    program     static C:\Users\David\Documents\GitHub\robot\go_go_gadget.X\main.asm
                     cal3   0x00036e    program     static C:\Users\David\Documents\GitHub\robot\go_go_gadget.X\main.asm
                calibrate   0x000344    program     static C:\Users\David\Documents\GitHub\robot\go_go_gadget.X\main.asm
                carryones   0x000672    program     static C:\Users\David\Documents\GitHub\robot\go_go_gadget.X\main.asm
                carrytens   0x000675    program     static C:\Users\David\Documents\GitHub\robot\go_go_gadget.X\main.asm
                  check_1   0x0003d6    program     static C:\Users\David\Documents\GitHub\robot\go_go_gadget.X\main.asm
                  check_2   0x0003df    program     static C:\Users\David\Documents\GitHub\robot\go_go_gadget.X\main.asm
                  check_3   0x0003e9    program     static C:\Users\David\Documents\GitHub\robot\go_go_gadget.X\main.asm
                  check_4   0x0003f3    program     static C:\Users\David\Documents\GitHub\robot\go_go_gadget.X\main.asm
                  check_5   0x0003fd    program     static C:\Users\David\Documents\GitHub\robot\go_go_gadget.X\main.asm
                  check_6   0x000407    program     static C:\Users\David\Documents\GitHub\robot\go_go_gadget.X\main.asm
                  check_7   0x000411    program     static C:\Users\David\Documents\GitHub\robot\go_go_gadget.X\main.asm
                  check_8   0x00041b    program     static C:\Users\David\Documents\GitHub\robot\go_go_gadget.X\main.asm
                  check_9   0x000425    program     static C:\Users\David\Documents\GitHub\robot\go_go_gadget.X\main.asm
                 check_FF   0x000506    program     static C:\Users\David\Documents\GitHub\robot\go_go_gadget.X\main.asm
                check_LED   0x00047c    program     static C:\Users\David\Documents\GitHub\robot\go_go_gadget.X\main.asm
                 check_LF   0x0004eb    program     static C:\Users\David\Documents\GitHub\robot\go_go_gadget.X\main.asm
          check_defective   0x000435    program     static C:\Users\David\Documents\GitHub\robot\go_go_gadget.X\main.asm
               check_done   0x00029f    program     static C:\Users\David\Documents\GitHub\robot\go_go_gadget.X\main.asm
             check_export   0x000441    program     static C:\Users\David\Documents\GitHub\robot\go_go_gadget.X\main.asm
              check_flick   0x00048b    program     static C:\Users\David\Documents\GitHub\robot\go_go_gadget.X\main.asm
           check_for_fail   0x000509    program     static C:\Users\David\Documents\GitHub\robot\go_go_gadget.X\main.asm
          check_immapeace   0x000330    program     static C:\Users\David\Documents\GitHub\robot\go_go_gadget.X\main.asm
               check_log1   0x00024f    program     static C:\Users\David\Documents\GitHub\robot\go_go_gadget.X\main.asm
               check_log2   0x000257    program     static C:\Users\David\Documents\GitHub\robot\go_go_gadget.X\main.asm
               check_log3   0x000260    program     static C:\Users\David\Documents\GitHub\robot\go_go_gadget.X\main.asm
               check_log4   0x000269    program     static C:\Users\David\Documents\GitHub\robot\go_go_gadget.X\main.asm
               check_log5   0x000272    program     static C:\Users\David\Documents\GitHub\robot\go_go_gadget.X\main.asm
               check_log6   0x00027b    program     static C:\Users\David\Documents\GitHub\robot\go_go_gadget.X\main.asm
               check_log7   0x000284    program     static C:\Users\David\Documents\GitHub\robot\go_go_gadget.X\main.asm
               check_log8   0x00028d    program     static C:\Users\David\Documents\GitHub\robot\go_go_gadget.X\main.asm
               check_log9   0x000296    program     static C:\Users\David\Documents\GitHub\robot\go_go_gadget.X\main.asm
               check_next   0x00050f    program     static C:\Users\David\Documents\GitHub\robot\go_go_gadget.X\main.asm
               check_none   0x00045f    program     static C:\Users\David\Documents\GitHub\robot\go_go_gadget.X\main.asm
              check_nothx   0x00032b    program     static C:\Users\David\Documents\GitHub\robot\go_go_gadget.X\main.asm
               check_pass   0x00046d    program     static C:\Users\David\Documents\GitHub\robot\go_go_gadget.X\main.asm
            check_standby   0x000447    program     static C:\Users\David\Documents\GitHub\robot\go_go_gadget.X\main.asm
              check_start   0x000458    program     static C:\Users\David\Documents\GitHub\robot\go_go_gadget.X\main.asm
            check_summary   0x00042f    program     static C:\Users\David\Documents\GitHub\robot\go_go_gadget.X\main.asm
         check_threshold1   0x0001bb    program     static C:\Users\David\Documents\GitHub\robot\go_go_gadget.X\main.asm
         check_threshold2   0x0001c3    program     static C:\Users\David\Documents\GitHub\robot\go_go_gadget.X\main.asm
               check_time   0x00043b    program     static C:\Users\David\Documents\GitHub\robot\go_go_gadget.X\main.asm
              check_wanna   0x000325    program     static C:\Users\David\Documents\GitHub\robot\go_go_gadget.X\main.asm
                decrement   0x0003af    program     static C:\Users\David\Documents\GitHub\robot\go_go_gadget.X\main.asm
              default_key   0x00045d    program     static C:\Users\David\Documents\GitHub\robot\go_go_gadget.X\main.asm
            default_state   0x00049a    program     static C:\Users\David\Documents\GitHub\robot\go_go_gadget.X\main.asm
                defective   0x0004c9    program     static C:\Users\David\Documents\GitHub\robot\go_go_gadget.X\main.asm
                 delay5ms   0x000687    program     static C:\Users\David\Documents\GitHub\robot\go_go_gadget.X\main.asm
            detect_candle   0x000199    program     static C:\Users\David\Documents\GitHub\robot\go_go_gadget.X\main.asm
              display_log   0x0002b3    program     static C:\Users\David\Documents\GitHub\robot\go_go_gadget.X\main.asm
            display_state   0x00045e    program     static C:\Users\David\Documents\GitHub\robot\go_go_gadget.X\main.asm
            end_calibrate   0x000378    program     static C:\Users\David\Documents\GitHub\robot\go_go_gadget.X\main.asm
           end_check_fail   0x000521    program     static C:\Users\David\Documents\GitHub\robot\go_go_gadget.X\main.asm
                  end_isr   0x0006f6    program     static C:\Users\David\Documents\GitHub\robot\go_go_gadget.X\main.asm
            end_operation   0x0001ce    program     static C:\Users\David\Documents\GitHub\robot\go_go_gadget.X\main.asm
                   export   0x00054a    program     static C:\Users\David\Documents\GitHub\robot\go_go_gadget.X\main.asm
             finish_motor   0x0003b5    program     static C:\Users\David\Documents\GitHub\robot\go_go_gadget.X\main.asm
                first_two   0x0003b7    program     static C:\Users\David\Documents\GitHub\robot\go_go_gadget.X\main.asm
                  halfway   0x0003a1    program     static C:\Users\David\Documents\GitHub\robot\go_go_gadget.X\main.asm
         i2c_common_setup   0x0006fe    program     extern C:\Users\David\Documents\GitHub\robot\go_go_gadget.X\i2c_common.asm
              information   0x0003d5    program     static C:\Users\David\Documents\GitHub\robot\go_go_gadget.X\main.asm
                     init   0x0000e7    program     static C:\Users\David\Documents\GitHub\robot\go_go_gadget.X\main.asm
                      isr   0x0006ed    program     static C:\Users\David\Documents\GitHub\robot\go_go_gadget.X\main.asm
                 last_two   0x0003c6    program     static C:\Users\David\Documents\GitHub\robot\go_go_gadget.X\main.asm
                     logs   0x000234    program     static C:\Users\David\Documents\GitHub\robot\go_go_gadget.X\main.asm
            more_than_six   0x000520    program     static C:\Users\David\Documents\GitHub\robot\go_go_gadget.X\main.asm
                motor_del   0x000690    program     static C:\Users\David\Documents\GitHub\robot\go_go_gadget.X\main.asm
              motor_del_0   0x000694    program     static C:\Users\David\Documents\GitHub\robot\go_go_gadget.X\main.asm
                  no_huns   0x000536    program     static C:\Users\David\Documents\GitHub\robot\go_go_gadget.X\main.asm
                   no_log   0x0002cb    program     static C:\Users\David\Documents\GitHub\robot\go_go_gadget.X\main.asm
                  no_tens   0x00053c    program     static C:\Users\David\Documents\GitHub\robot\go_go_gadget.X\main.asm
                   nohuns   0x0005b4    program     static C:\Users\David\Documents\GitHub\robot\go_go_gadget.X\main.asm
                   notens   0x0005be    program     static C:\Users\David\Documents\GitHub\robot\go_go_gadget.X\main.asm
                   now_FF   0x0004ed    program     static C:\Users\David\Documents\GitHub\robot\go_go_gadget.X\main.asm
                 p2p_read   0x0007d2    program     extern C:\Users\David\Documents\GitHub\robot\go_go_gadget.X\i2c_common.asm
                p2p_write   0x0007a8    program     extern C:\Users\David\Documents\GitHub\robot\go_go_gadget.X\i2c_common.asm
                     poll   0x00022c    program     static C:\Users\David\Documents\GitHub\robot\go_go_gadget.X\main.asm
                  polling   0x00024a    program     static C:\Users\David\Documents\GitHub\robot\go_go_gadget.X\main.asm
              read_EEPROM   0x0002b6    program     static C:\Users\David\Documents\GitHub\robot\go_go_gadget.X\main.asm
                 read_rtc   0x00074b    program     extern C:\Users\David\Documents\GitHub\robot\go_go_gadget.X\i2c_common.asm
            restart_motor   0x0003b2    program     static C:\Users\David\Documents\GitHub\robot\go_go_gadget.X\main.asm
                   rotate   0x000190    program     static C:\Users\David\Documents\GitHub\robot\go_go_gadget.X\main.asm
              rtc_convert   0x00079a    program     extern C:\Users\David\Documents\GitHub\robot\go_go_gadget.X\i2c_common.asm
                shiftlogs   0x0001dd    program     static C:\Users\David\Documents\GitHub\robot\go_go_gadget.X\main.asm
              shiftlogs_0   0x0001e1    program     static C:\Users\David\Documents\GitHub\robot\go_go_gadget.X\main.asm
                    start   0x000178    program     static C:\Users\David\Documents\GitHub\robot\go_go_gadget.X\main.asm
                start_rot   0x000393    program     static C:\Users\David\Documents\GitHub\robot\go_go_gadget.X\main.asm
                  summary   0x00049b    program     static C:\Users\David\Documents\GitHub\robot\go_go_gadget.X\main.asm
              test_candle   0x0001b3    program     static C:\Users\David\Documents\GitHub\robot\go_go_gadget.X\main.asm
                     time   0x000522    program     static C:\Users\David\Documents\GitHub\robot\go_go_gadget.X\main.asm
                  waiting   0x00010c    program     static C:\Users\David\Documents\GitHub\robot\go_go_gadget.X\main.asm
             wanna_export   0x000320    program     static C:\Users\David\Documents\GitHub\robot\go_go_gadget.X\main.asm
               write_log1   0x000203    program     static C:\Users\David\Documents\GitHub\robot\go_go_gadget.X\main.asm
             write_log1_0   0x00020a    program     static C:\Users\David\Documents\GitHub\robot\go_go_gadget.X\main.asm
                write_rtc   0x000710    program     extern C:\Users\David\Documents\GitHub\robot\go_go_gadget.X\i2c_common.asm
                writetoPC   0x0006e7    program     static C:\Users\David\Documents\GitHub\robot\go_go_gadget.X\main.asm
                  yes_log   0x0002d7    program     static C:\Users\David\Documents\GitHub\robot\go_go_gadget.X\main.asm



                              Symbols - Sorted by Address
                     Name    Address   Location    Storage File                     
                ---------  ---------  ---------  --------- ---------                
              Standby_Msg   0x000005    program     static C:\Users\David\Documents\GitHub\robot\go_go_gadget.X\main.asm
                Start_Msg   0x00000e    program     static C:\Users\David\Documents\GitHub\robot\go_go_gadget.X\main.asm
                  End_Msg   0x000020    program     static C:\Users\David\Documents\GitHub\robot\go_go_gadget.X\main.asm
                 Time_Msg   0x00002a    program     static C:\Users\David\Documents\GitHub\robot\go_go_gadget.X\main.asm
                  Seconds   0x00003b    program     static C:\Users\David\Documents\GitHub\robot\go_go_gadget.X\main.asm
              Not_present   0x000045    program     static C:\Users\David\Documents\GitHub\robot\go_go_gadget.X\main.asm
                     Pass   0x000054    program     static C:\Users\David\Documents\GitHub\robot\go_go_gadget.X\main.asm
                 LED_fail   0x00005c    program     static C:\Users\David\Documents\GitHub\robot\go_go_gadget.X\main.asm
               Flick_fail   0x000068    program     static C:\Users\David\Documents\GitHub\robot\go_go_gadget.X\main.asm
                Total_Msg   0x000078    program     static C:\Users\David\Documents\GitHub\robot\go_go_gadget.X\main.asm
                       LF   0x000089    program     static C:\Users\David\Documents\GitHub\robot\go_go_gadget.X\main.asm
                       FF   0x00008f    program     static C:\Users\David\Documents\GitHub\robot\go_go_gadget.X\main.asm
                     None   0x000095    program     static C:\Users\David\Documents\GitHub\robot\go_go_gadget.X\main.asm
                Logs_Msg1   0x00009d    program     static C:\Users\David\Documents\GitHub\robot\go_go_gadget.X\main.asm
                Logs_Msg2   0x0000ae    program     static C:\Users\David\Documents\GitHub\robot\go_go_gadget.X\main.asm
                Logs_Msg3   0x0000bf    program     static C:\Users\David\Documents\GitHub\robot\go_go_gadget.X\main.asm
                Logs_Msg4   0x0000c8    program     static C:\Users\David\Documents\GitHub\robot\go_go_gadget.X\main.asm
                    Op_at   0x0000d8    program     static C:\Users\David\Documents\GitHub\robot\go_go_gadget.X\main.asm
                     init   0x0000e7    program     static C:\Users\David\Documents\GitHub\robot\go_go_gadget.X\main.asm
              _7loop_disp   0x000103    program     static C:\Users\David\Documents\GitHub\robot\go_go_gadget.X\main.asm
               _7end_disp   0x00010b    program     static C:\Users\David\Documents\GitHub\robot\go_go_gadget.X\main.asm
                  waiting   0x00010c    program     static C:\Users\David\Documents\GitHub\robot\go_go_gadget.X\main.asm
             _.org_1_0176   0x000176    program     static C:\Users\David\Documents\GitHub\robot\go_go_gadget.X\main.asm
                    start   0x000178    program     static C:\Users\David\Documents\GitHub\robot\go_go_gadget.X\main.asm
             _20loop_disp   0x000184    program     static C:\Users\David\Documents\GitHub\robot\go_go_gadget.X\main.asm
              _20end_disp   0x00018c    program     static C:\Users\David\Documents\GitHub\robot\go_go_gadget.X\main.asm
                   rotate   0x000190    program     static C:\Users\David\Documents\GitHub\robot\go_go_gadget.X\main.asm
            detect_candle   0x000199    program     static C:\Users\David\Documents\GitHub\robot\go_go_gadget.X\main.asm
              test_candle   0x0001b3    program     static C:\Users\David\Documents\GitHub\robot\go_go_gadget.X\main.asm
         check_threshold1   0x0001bb    program     static C:\Users\David\Documents\GitHub\robot\go_go_gadget.X\main.asm
         check_threshold2   0x0001c3    program     static C:\Users\David\Documents\GitHub\robot\go_go_gadget.X\main.asm
                aboveboth   0x0001ca    program     static C:\Users\David\Documents\GitHub\robot\go_go_gadget.X\main.asm
            end_operation   0x0001ce    program     static C:\Users\David\Documents\GitHub\robot\go_go_gadget.X\main.asm
             _30loop_disp   0x0001d5    program     static C:\Users\David\Documents\GitHub\robot\go_go_gadget.X\main.asm
              _30end_disp   0x0001dd    program     static C:\Users\David\Documents\GitHub\robot\go_go_gadget.X\main.asm
                shiftlogs   0x0001dd    program     static C:\Users\David\Documents\GitHub\robot\go_go_gadget.X\main.asm
              shiftlogs_0   0x0001e1    program     static C:\Users\David\Documents\GitHub\robot\go_go_gadget.X\main.asm
             _.org_1_01E6   0x0001e6    program     static C:\Users\David\Documents\GitHub\robot\go_go_gadget.X\main.asm
               write_log1   0x000203    program     static C:\Users\David\Documents\GitHub\robot\go_go_gadget.X\main.asm
             write_log1_0   0x00020a    program     static C:\Users\David\Documents\GitHub\robot\go_go_gadget.X\main.asm
             _.org_1_020D   0x00020d    program     static C:\Users\David\Documents\GitHub\robot\go_go_gadget.X\main.asm
                     poll   0x00022c    program     static C:\Users\David\Documents\GitHub\robot\go_go_gadget.X\main.asm
             _.org_1_022D   0x00022d    program     static C:\Users\David\Documents\GitHub\robot\go_go_gadget.X\main.asm
             _.org_1_0232   0x000232    program     static C:\Users\David\Documents\GitHub\robot\go_go_gadget.X\main.asm
                     logs   0x000234    program     static C:\Users\David\Documents\GitHub\robot\go_go_gadget.X\main.asm
             _35loop_disp   0x000237    program     static C:\Users\David\Documents\GitHub\robot\go_go_gadget.X\main.asm
              _35end_disp   0x00023f    program     static C:\Users\David\Documents\GitHub\robot\go_go_gadget.X\main.asm
             _36loop_disp   0x000242    program     static C:\Users\David\Documents\GitHub\robot\go_go_gadget.X\main.asm
              _36end_disp   0x00024a    program     static C:\Users\David\Documents\GitHub\robot\go_go_gadget.X\main.asm
                  polling   0x00024a    program     static C:\Users\David\Documents\GitHub\robot\go_go_gadget.X\main.asm
             _.org_1_024B   0x00024b    program     static C:\Users\David\Documents\GitHub\robot\go_go_gadget.X\main.asm
               check_log1   0x00024f    program     static C:\Users\David\Documents\GitHub\robot\go_go_gadget.X\main.asm
               check_log2   0x000257    program     static C:\Users\David\Documents\GitHub\robot\go_go_gadget.X\main.asm
               check_log3   0x000260    program     static C:\Users\David\Documents\GitHub\robot\go_go_gadget.X\main.asm
               check_log4   0x000269    program     static C:\Users\David\Documents\GitHub\robot\go_go_gadget.X\main.asm
               check_log5   0x000272    program     static C:\Users\David\Documents\GitHub\robot\go_go_gadget.X\main.asm
               check_log6   0x00027b    program     static C:\Users\David\Documents\GitHub\robot\go_go_gadget.X\main.asm
               check_log7   0x000284    program     static C:\Users\David\Documents\GitHub\robot\go_go_gadget.X\main.asm
               check_log8   0x00028d    program     static C:\Users\David\Documents\GitHub\robot\go_go_gadget.X\main.asm
               check_log9   0x000296    program     static C:\Users\David\Documents\GitHub\robot\go_go_gadget.X\main.asm
               check_done   0x00029f    program     static C:\Users\David\Documents\GitHub\robot\go_go_gadget.X\main.asm
             _46loop_disp   0x0002a6    program     static C:\Users\David\Documents\GitHub\robot\go_go_gadget.X\main.asm
              _46end_disp   0x0002ae    program     static C:\Users\David\Documents\GitHub\robot\go_go_gadget.X\main.asm
                   badkey   0x0002b0    program     static C:\Users\David\Documents\GitHub\robot\go_go_gadget.X\main.asm
             _.org_1_02B1   0x0002b1    program     static C:\Users\David\Documents\GitHub\robot\go_go_gadget.X\main.asm
              display_log   0x0002b3    program     static C:\Users\David\Documents\GitHub\robot\go_go_gadget.X\main.asm
              read_EEPROM   0x0002b6    program     static C:\Users\David\Documents\GitHub\robot\go_go_gadget.X\main.asm
                   no_log   0x0002cb    program     static C:\Users\David\Documents\GitHub\robot\go_go_gadget.X\main.asm
             _49loop_disp   0x0002cd    program     static C:\Users\David\Documents\GitHub\robot\go_go_gadget.X\main.asm
              _49end_disp   0x0002d5    program     static C:\Users\David\Documents\GitHub\robot\go_go_gadget.X\main.asm
                  yes_log   0x0002d7    program     static C:\Users\David\Documents\GitHub\robot\go_go_gadget.X\main.asm
             _50loop_disp   0x0002d9    program     static C:\Users\David\Documents\GitHub\robot\go_go_gadget.X\main.asm
              _50end_disp   0x0002e1    program     static C:\Users\David\Documents\GitHub\robot\go_go_gadget.X\main.asm
             _67loop_disp   0x00030d    program     static C:\Users\David\Documents\GitHub\robot\go_go_gadget.X\main.asm
              _67end_disp   0x000315    program     static C:\Users\David\Documents\GitHub\robot\go_go_gadget.X\main.asm
             _68loop_disp   0x000318    program     static C:\Users\David\Documents\GitHub\robot\go_go_gadget.X\main.asm
             wanna_export   0x000320    program     static C:\Users\David\Documents\GitHub\robot\go_go_gadget.X\main.asm
              _68end_disp   0x000320    program     static C:\Users\David\Documents\GitHub\robot\go_go_gadget.X\main.asm
             _.org_1_0321   0x000321    program     static C:\Users\David\Documents\GitHub\robot\go_go_gadget.X\main.asm
              check_wanna   0x000325    program     static C:\Users\David\Documents\GitHub\robot\go_go_gadget.X\main.asm
              check_nothx   0x00032b    program     static C:\Users\David\Documents\GitHub\robot\go_go_gadget.X\main.asm
          check_immapeace   0x000330    program     static C:\Users\David\Documents\GitHub\robot\go_go_gadget.X\main.asm
             _69loop_disp   0x000337    program     static C:\Users\David\Documents\GitHub\robot\go_go_gadget.X\main.asm
              _69end_disp   0x00033f    program     static C:\Users\David\Documents\GitHub\robot\go_go_gadget.X\main.asm
              badkeyagain   0x000341    program     static C:\Users\David\Documents\GitHub\robot\go_go_gadget.X\main.asm
             _.org_1_0342   0x000342    program     static C:\Users\David\Documents\GitHub\robot\go_go_gadget.X\main.asm
                calibrate   0x000344    program     static C:\Users\David\Documents\GitHub\robot\go_go_gadget.X\main.asm
                     cal1   0x000350    program     static C:\Users\David\Documents\GitHub\robot\go_go_gadget.X\main.asm
             _71loop_disp   0x000356    program     static C:\Users\David\Documents\GitHub\robot\go_go_gadget.X\main.asm
              _71end_disp   0x00035e    program     static C:\Users\David\Documents\GitHub\robot\go_go_gadget.X\main.asm
                     cal2   0x00035f    program     static C:\Users\David\Documents\GitHub\robot\go_go_gadget.X\main.asm
             _72loop_disp   0x000365    program     static C:\Users\David\Documents\GitHub\robot\go_go_gadget.X\main.asm
              _72end_disp   0x00036d    program     static C:\Users\David\Documents\GitHub\robot\go_go_gadget.X\main.asm
                     cal3   0x00036e    program     static C:\Users\David\Documents\GitHub\robot\go_go_gadget.X\main.asm
             _73loop_disp   0x000370    program     static C:\Users\David\Documents\GitHub\robot\go_go_gadget.X\main.asm
            end_calibrate   0x000378    program     static C:\Users\David\Documents\GitHub\robot\go_go_gadget.X\main.asm
              _73end_disp   0x000378    program     static C:\Users\David\Documents\GitHub\robot\go_go_gadget.X\main.asm
             _77loop_disp   0x000387    program     static C:\Users\David\Documents\GitHub\robot\go_go_gadget.X\main.asm
              _77end_disp   0x00038f    program     static C:\Users\David\Documents\GitHub\robot\go_go_gadget.X\main.asm
              ROTATEMOTOR   0x000391    program     static C:\Users\David\Documents\GitHub\robot\go_go_gadget.X\main.asm
                start_rot   0x000393    program     static C:\Users\David\Documents\GitHub\robot\go_go_gadget.X\main.asm
                  halfway   0x0003a1    program     static C:\Users\David\Documents\GitHub\robot\go_go_gadget.X\main.asm
                decrement   0x0003af    program     static C:\Users\David\Documents\GitHub\robot\go_go_gadget.X\main.asm
            restart_motor   0x0003b2    program     static C:\Users\David\Documents\GitHub\robot\go_go_gadget.X\main.asm
             finish_motor   0x0003b5    program     static C:\Users\David\Documents\GitHub\robot\go_go_gadget.X\main.asm
                first_two   0x0003b7    program     static C:\Users\David\Documents\GitHub\robot\go_go_gadget.X\main.asm
                 last_two   0x0003c6    program     static C:\Users\David\Documents\GitHub\robot\go_go_gadget.X\main.asm
              information   0x0003d5    program     static C:\Users\David\Documents\GitHub\robot\go_go_gadget.X\main.asm
                  check_1   0x0003d6    program     static C:\Users\David\Documents\GitHub\robot\go_go_gadget.X\main.asm
                  check_2   0x0003df    program     static C:\Users\David\Documents\GitHub\robot\go_go_gadget.X\main.asm
                  check_3   0x0003e9    program     static C:\Users\David\Documents\GitHub\robot\go_go_gadget.X\main.asm
                  check_4   0x0003f3    program     static C:\Users\David\Documents\GitHub\robot\go_go_gadget.X\main.asm
                  check_5   0x0003fd    program     static C:\Users\David\Documents\GitHub\robot\go_go_gadget.X\main.asm
                  check_6   0x000407    program     static C:\Users\David\Documents\GitHub\robot\go_go_gadget.X\main.asm
                  check_7   0x000411    program     static C:\Users\David\Documents\GitHub\robot\go_go_gadget.X\main.asm
                  check_8   0x00041b    program     static C:\Users\David\Documents\GitHub\robot\go_go_gadget.X\main.asm
                  check_9   0x000425    program     static C:\Users\David\Documents\GitHub\robot\go_go_gadget.X\main.asm
            check_summary   0x00042f    program     static C:\Users\David\Documents\GitHub\robot\go_go_gadget.X\main.asm
          check_defective   0x000435    program     static C:\Users\David\Documents\GitHub\robot\go_go_gadget.X\main.asm
               check_time   0x00043b    program     static C:\Users\David\Documents\GitHub\robot\go_go_gadget.X\main.asm
             check_export   0x000441    program     static C:\Users\David\Documents\GitHub\robot\go_go_gadget.X\main.asm
            check_standby   0x000447    program     static C:\Users\David\Documents\GitHub\robot\go_go_gadget.X\main.asm
            _103loop_disp   0x00044e    program     static C:\Users\David\Documents\GitHub\robot\go_go_gadget.X\main.asm
             _103end_disp   0x000456    program     static C:\Users\David\Documents\GitHub\robot\go_go_gadget.X\main.asm
              check_start   0x000458    program     static C:\Users\David\Documents\GitHub\robot\go_go_gadget.X\main.asm
              default_key   0x00045d    program     static C:\Users\David\Documents\GitHub\robot\go_go_gadget.X\main.asm
            display_state   0x00045e    program     static C:\Users\David\Documents\GitHub\robot\go_go_gadget.X\main.asm
               check_none   0x00045f    program     static C:\Users\David\Documents\GitHub\robot\go_go_gadget.X\main.asm
            _104loop_disp   0x000464    program     static C:\Users\David\Documents\GitHub\robot\go_go_gadget.X\main.asm
             _104end_disp   0x00046c    program     static C:\Users\David\Documents\GitHub\robot\go_go_gadget.X\main.asm
               check_pass   0x00046d    program     static C:\Users\David\Documents\GitHub\robot\go_go_gadget.X\main.asm
            _105loop_disp   0x000473    program     static C:\Users\David\Documents\GitHub\robot\go_go_gadget.X\main.asm
             _105end_disp   0x00047b    program     static C:\Users\David\Documents\GitHub\robot\go_go_gadget.X\main.asm
                check_LED   0x00047c    program     static C:\Users\David\Documents\GitHub\robot\go_go_gadget.X\main.asm
            _106loop_disp   0x000482    program     static C:\Users\David\Documents\GitHub\robot\go_go_gadget.X\main.asm
             _106end_disp   0x00048a    program     static C:\Users\David\Documents\GitHub\robot\go_go_gadget.X\main.asm
              check_flick   0x00048b    program     static C:\Users\David\Documents\GitHub\robot\go_go_gadget.X\main.asm
            _107loop_disp   0x000491    program     static C:\Users\David\Documents\GitHub\robot\go_go_gadget.X\main.asm
             _107end_disp   0x000499    program     static C:\Users\David\Documents\GitHub\robot\go_go_gadget.X\main.asm
            default_state   0x00049a    program     static C:\Users\David\Documents\GitHub\robot\go_go_gadget.X\main.asm
                  summary   0x00049b    program     static C:\Users\David\Documents\GitHub\robot\go_go_gadget.X\main.asm
            _108loop_disp   0x00049e    program     static C:\Users\David\Documents\GitHub\robot\go_go_gadget.X\main.asm
             _108end_disp   0x0004a6    program     static C:\Users\David\Documents\GitHub\robot\go_go_gadget.X\main.asm
            _110loop_disp   0x0004ac    program     static C:\Users\David\Documents\GitHub\robot\go_go_gadget.X\main.asm
             _110end_disp   0x0004b4    program     static C:\Users\David\Documents\GitHub\robot\go_go_gadget.X\main.asm
            _114loop_disp   0x0004bd    program     static C:\Users\David\Documents\GitHub\robot\go_go_gadget.X\main.asm
             _114end_disp   0x0004c5    program     static C:\Users\David\Documents\GitHub\robot\go_go_gadget.X\main.asm
                defective   0x0004c9    program     static C:\Users\David\Documents\GitHub\robot\go_go_gadget.X\main.asm
            _116loop_disp   0x0004d5    program     static C:\Users\David\Documents\GitHub\robot\go_go_gadget.X\main.asm
             _116end_disp   0x0004dd    program     static C:\Users\David\Documents\GitHub\robot\go_go_gadget.X\main.asm
            _117loop_disp   0x0004e2    program     static C:\Users\David\Documents\GitHub\robot\go_go_gadget.X\main.asm
             _117end_disp   0x0004ea    program     static C:\Users\David\Documents\GitHub\robot\go_go_gadget.X\main.asm
                 check_LF   0x0004eb    program     static C:\Users\David\Documents\GitHub\robot\go_go_gadget.X\main.asm
                   now_FF   0x0004ed    program     static C:\Users\David\Documents\GitHub\robot\go_go_gadget.X\main.asm
            _118loop_disp   0x0004f0    program     static C:\Users\David\Documents\GitHub\robot\go_go_gadget.X\main.asm
             _118end_disp   0x0004f8    program     static C:\Users\David\Documents\GitHub\robot\go_go_gadget.X\main.asm
            _119loop_disp   0x0004fd    program     static C:\Users\David\Documents\GitHub\robot\go_go_gadget.X\main.asm
             _119end_disp   0x000505    program     static C:\Users\David\Documents\GitHub\robot\go_go_gadget.X\main.asm
                 check_FF   0x000506    program     static C:\Users\David\Documents\GitHub\robot\go_go_gadget.X\main.asm
           check_for_fail   0x000509    program     static C:\Users\David\Documents\GitHub\robot\go_go_gadget.X\main.asm
               check_next   0x00050f    program     static C:\Users\David\Documents\GitHub\robot\go_go_gadget.X\main.asm
            more_than_six   0x000520    program     static C:\Users\David\Documents\GitHub\robot\go_go_gadget.X\main.asm
           end_check_fail   0x000521    program     static C:\Users\David\Documents\GitHub\robot\go_go_gadget.X\main.asm
                     time   0x000522    program     static C:\Users\David\Documents\GitHub\robot\go_go_gadget.X\main.asm
            _124loop_disp   0x000525    program     static C:\Users\David\Documents\GitHub\robot\go_go_gadget.X\main.asm
             _124end_disp   0x00052d    program     static C:\Users\David\Documents\GitHub\robot\go_go_gadget.X\main.asm
                  no_huns   0x000536    program     static C:\Users\David\Documents\GitHub\robot\go_go_gadget.X\main.asm
                  no_tens   0x00053c    program     static C:\Users\David\Documents\GitHub\robot\go_go_gadget.X\main.asm
            _128loop_disp   0x000541    program     static C:\Users\David\Documents\GitHub\robot\go_go_gadget.X\main.asm
             _128end_disp   0x000549    program     static C:\Users\David\Documents\GitHub\robot\go_go_gadget.X\main.asm
                   export   0x00054a    program     static C:\Users\David\Documents\GitHub\robot\go_go_gadget.X\main.asm
                   nohuns   0x0005b4    program     static C:\Users\David\Documents\GitHub\robot\go_go_gadget.X\main.asm
                   notens   0x0005be    program     static C:\Users\David\Documents\GitHub\robot\go_go_gadget.X\main.asm
               big_number   0x000645    program     static C:\Users\David\Documents\GitHub\robot\go_go_gadget.X\main.asm
                  BCDadd3   0x00064c    program     static C:\Users\David\Documents\GitHub\robot\go_go_gadget.X\main.asm
                 add3huns   0x000669    program     static C:\Users\David\Documents\GitHub\robot\go_go_gadget.X\main.asm
                 add3tens   0x00066c    program     static C:\Users\David\Documents\GitHub\robot\go_go_gadget.X\main.asm
                 add3ones   0x00066f    program     static C:\Users\David\Documents\GitHub\robot\go_go_gadget.X\main.asm
                carryones   0x000672    program     static C:\Users\David\Documents\GitHub\robot\go_go_gadget.X\main.asm
                carrytens   0x000675    program     static C:\Users\David\Documents\GitHub\robot\go_go_gadget.X\main.asm
                    HalfS   0x000678    program     static C:\Users\David\Documents\GitHub\robot\go_go_gadget.X\main.asm
                  HalfS_0   0x00067e    program     static C:\Users\David\Documents\GitHub\robot\go_go_gadget.X\main.asm
             _.org_1_067F   0x00067f    program     static C:\Users\David\Documents\GitHub\robot\go_go_gadget.X\main.asm
             _.org_1_0681   0x000681    program     static C:\Users\David\Documents\GitHub\robot\go_go_gadget.X\main.asm
             _.org_1_0684   0x000684    program     static C:\Users\David\Documents\GitHub\robot\go_go_gadget.X\main.asm
                 delay5ms   0x000687    program     static C:\Users\David\Documents\GitHub\robot\go_go_gadget.X\main.asm
                  Delay_0   0x00068b    program     static C:\Users\David\Documents\GitHub\robot\go_go_gadget.X\main.asm
             _.org_1_068C   0x00068c    program     static C:\Users\David\Documents\GitHub\robot\go_go_gadget.X\main.asm
                motor_del   0x000690    program     static C:\Users\David\Documents\GitHub\robot\go_go_gadget.X\main.asm
              motor_del_0   0x000694    program     static C:\Users\David\Documents\GitHub\robot\go_go_gadget.X\main.asm
             _.org_1_0695   0x000695    program     static C:\Users\David\Documents\GitHub\robot\go_go_gadget.X\main.asm
                  InitLCD   0x000699    program     static C:\Users\David\Documents\GitHub\robot\go_go_gadget.X\main.asm
            Clear_Display   0x0006b7    program     static C:\Users\David\Documents\GitHub\robot\go_go_gadget.X\main.asm
             Switch_Lines   0x0006ba    program     static C:\Users\David\Documents\GitHub\robot\go_go_gadget.X\main.asm
                   WR_INS   0x0006bd    program     static C:\Users\David\Documents\GitHub\robot\go_go_gadget.X\main.asm
                  WR_DATA   0x0006cc    program     static C:\Users\David\Documents\GitHub\robot\go_go_gadget.X\main.asm
                InitUSART   0x0006dd    program     static C:\Users\David\Documents\GitHub\robot\go_go_gadget.X\main.asm
                writetoPC   0x0006e7    program     static C:\Users\David\Documents\GitHub\robot\go_go_gadget.X\main.asm
             _.org_1_06EB   0x0006eb    program     static C:\Users\David\Documents\GitHub\robot\go_go_gadget.X\main.asm
                      isr   0x0006ed    program     static C:\Users\David\Documents\GitHub\robot\go_go_gadget.X\main.asm
                  end_isr   0x0006f6    program     static C:\Users\David\Documents\GitHub\robot\go_go_gadget.X\main.asm
         i2c_common_setup   0x0006fe    program     extern C:\Users\David\Documents\GitHub\robot\go_go_gadget.X\i2c_common.asm
              _.code_0010   0x00070e    program     static C:\Users\David\Documents\GitHub\robot\go_go_gadget.X\i2c_common.asm
                write_rtc   0x000710    program     extern C:\Users\David\Documents\GitHub\robot\go_go_gadget.X\i2c_common.asm
              _.code_0016   0x000714    program     static C:\Users\David\Documents\GitHub\robot\go_go_gadget.X\i2c_common.asm
              _.code_001E   0x00071c    program     static C:\Users\David\Documents\GitHub\robot\go_go_gadget.X\i2c_common.asm
              _.code_002E   0x00072c    program     static C:\Users\David\Documents\GitHub\robot\go_go_gadget.X\i2c_common.asm
              _.code_003E   0x00073c    program     static C:\Users\David\Documents\GitHub\robot\go_go_gadget.X\i2c_common.asm
                   WR_ERR   0x000744    program     static C:\Users\David\Documents\GitHub\robot\go_go_gadget.X\i2c_common.asm
                   WR_END   0x000745    program     static C:\Users\David\Documents\GitHub\robot\go_go_gadget.X\i2c_common.asm
              _.code_004B   0x000749    program     static C:\Users\David\Documents\GitHub\robot\go_go_gadget.X\i2c_common.asm
                 read_rtc   0x00074b    program     extern C:\Users\David\Documents\GitHub\robot\go_go_gadget.X\i2c_common.asm
              _.code_0051   0x00074f    program     static C:\Users\David\Documents\GitHub\robot\go_go_gadget.X\i2c_common.asm
              _.code_0059   0x000757    program     static C:\Users\David\Documents\GitHub\robot\go_go_gadget.X\i2c_common.asm
              _.code_0069   0x000767    program     static C:\Users\David\Documents\GitHub\robot\go_go_gadget.X\i2c_common.asm
              _.code_0074   0x000772    program     static C:\Users\David\Documents\GitHub\robot\go_go_gadget.X\i2c_common.asm
              _.code_007C   0x00077a    program     static C:\Users\David\Documents\GitHub\robot\go_go_gadget.X\i2c_common.asm
              _.code_0087   0x000785    program     static C:\Users\David\Documents\GitHub\robot\go_go_gadget.X\i2c_common.asm
              _.code_0093   0x000791    program     static C:\Users\David\Documents\GitHub\robot\go_go_gadget.X\i2c_common.asm
                   RD_ERR   0x000793    program     static C:\Users\David\Documents\GitHub\robot\go_go_gadget.X\i2c_common.asm
                   RD_END   0x000794    program     static C:\Users\David\Documents\GitHub\robot\go_go_gadget.X\i2c_common.asm
              _.code_009A   0x000798    program     static C:\Users\David\Documents\GitHub\robot\go_go_gadget.X\i2c_common.asm
              rtc_convert   0x00079a    program     extern C:\Users\David\Documents\GitHub\robot\go_go_gadget.X\i2c_common.asm
                p2p_write   0x0007a8    program     extern C:\Users\David\Documents\GitHub\robot\go_go_gadget.X\i2c_common.asm
              _.code_00AE   0x0007ac    program     static C:\Users\David\Documents\GitHub\robot\go_go_gadget.X\i2c_common.asm
              _.code_00B6   0x0007b4    program     static C:\Users\David\Documents\GitHub\robot\go_go_gadget.X\i2c_common.asm
              _.code_00C6   0x0007c4    program     static C:\Users\David\Documents\GitHub\robot\go_go_gadget.X\i2c_common.asm
                    W_END   0x0007cc    program     static C:\Users\David\Documents\GitHub\robot\go_go_gadget.X\i2c_common.asm
              _.code_00D2   0x0007d0    program     static C:\Users\David\Documents\GitHub\robot\go_go_gadget.X\i2c_common.asm
                 p2p_read   0x0007d2    program     extern C:\Users\David\Documents\GitHub\robot\go_go_gadget.X\i2c_common.asm
              _.code_00D8   0x0007d6    program     static C:\Users\David\Documents\GitHub\robot\go_go_gadget.X\i2c_common.asm
              _.code_00E0   0x0007de    program     static C:\Users\David\Documents\GitHub\robot\go_go_gadget.X\i2c_common.asm
              _.code_00EB   0x0007e9    program     static C:\Users\David\Documents\GitHub\robot\go_go_gadget.X\i2c_common.asm
              _.code_00F7   0x0007f5    program     static C:\Users\David\Documents\GitHub\robot\go_go_gadget.X\i2c_common.asm
                    R_END   0x0007f6    program     static C:\Users\David\Documents\GitHub\robot\go_go_gadget.X\i2c_common.asm
              _.code_00FC   0x0007fa    program     static C:\Users\David\Documents\GitHub\robot\go_go_gadget.X\i2c_common.asm


