MPLINK 5.01, LINKER
Linker Map File - Created Wed Feb 26 18:17:35 2014

                                 Section Info
                  Section       Type    Address   Location Size(Bytes)
                ---------  ---------  ---------  ---------  ---------
                   .org_0       code   0x000000    program   0x000002
                   .cinit    romdata   0x000001    program   0x000004
                   .org_1       code   0x000004    program   0x000d0e
                    .code       code   0x00068b    program   0x0001fc
.config_2007_BUILD/DEFAULT/PRODUCTION/MAIN.O       code   0x002007    program   0x000002



                              Program Memory Usage 
                               Start         End      
                           ---------   ---------      
                            0x000000    0x000002      
                            0x000004    0x000788      
                            0x002007    0x002007      
            1929 out of 8454 program addresses used, program memory utilization is 22%



                              Symbols - Sorted by Name
                     Name    Address   Location    Storage File                     
                ---------  ---------  ---------  --------- ---------                
                  BCDadd3   0x0005e2    program     static C:\Users\David\Documents\GitHub\robot\go_go_gadget.X\main.asm
            Clear_Display   0x000644    program     static C:\Users\David\Documents\GitHub\robot\go_go_gadget.X\main.asm
                  Delay_0   0x000621    program     static C:\Users\David\Documents\GitHub\robot\go_go_gadget.X\main.asm
                  End_Msg   0x000020    program     static C:\Users\David\Documents\GitHub\robot\go_go_gadget.X\main.asm
                       FF   0x00008f    program     static C:\Users\David\Documents\GitHub\robot\go_go_gadget.X\main.asm
               Flick_fail   0x000068    program     static C:\Users\David\Documents\GitHub\robot\go_go_gadget.X\main.asm
                    HalfS   0x00060e    program     static C:\Users\David\Documents\GitHub\robot\go_go_gadget.X\main.asm
                  HalfS_0   0x000614    program     static C:\Users\David\Documents\GitHub\robot\go_go_gadget.X\main.asm
                  InitLCD   0x000626    program     static C:\Users\David\Documents\GitHub\robot\go_go_gadget.X\main.asm
                InitUSART   0x00066a    program     static C:\Users\David\Documents\GitHub\robot\go_go_gadget.X\main.asm
                 LED_fail   0x00005c    program     static C:\Users\David\Documents\GitHub\robot\go_go_gadget.X\main.asm
                       LF   0x000089    program     static C:\Users\David\Documents\GitHub\robot\go_go_gadget.X\main.asm
                Logs_Msg1   0x00009d    program     static C:\Users\David\Documents\GitHub\robot\go_go_gadget.X\main.asm
                Logs_Msg2   0x0000ae    program     static C:\Users\David\Documents\GitHub\robot\go_go_gadget.X\main.asm
                Logs_Msg3   0x0000bf    program     static C:\Users\David\Documents\GitHub\robot\go_go_gadget.X\main.asm
                Logs_Msg4   0x0000c8    program     static C:\Users\David\Documents\GitHub\robot\go_go_gadget.X\main.asm
                     None   0x000095    program     static C:\Users\David\Documents\GitHub\robot\go_go_gadget.X\main.asm
              Not_present   0x000045    program     static C:\Users\David\Documents\GitHub\robot\go_go_gadget.X\main.asm
                    Op_at   0x0000d8    program     static C:\Users\David\Documents\GitHub\robot\go_go_gadget.X\main.asm
                     Pass   0x000054    program     static C:\Users\David\Documents\GitHub\robot\go_go_gadget.X\main.asm
                   RD_END   0x000721    program     static C:\Users\David\Documents\GitHub\robot\go_go_gadget.X\i2c_common.asm
                   RD_ERR   0x000720    program     static C:\Users\David\Documents\GitHub\robot\go_go_gadget.X\i2c_common.asm
              ROTATEMOTOR   0x000328    program     static C:\Users\David\Documents\GitHub\robot\go_go_gadget.X\main.asm
                    R_END   0x000783    program     static C:\Users\David\Documents\GitHub\robot\go_go_gadget.X\i2c_common.asm
                  Seconds   0x00003b    program     static C:\Users\David\Documents\GitHub\robot\go_go_gadget.X\main.asm
              Standby_Msg   0x000005    program     static C:\Users\David\Documents\GitHub\robot\go_go_gadget.X\main.asm
                Start_Msg   0x00000e    program     static C:\Users\David\Documents\GitHub\robot\go_go_gadget.X\main.asm
             Switch_Lines   0x000647    program     static C:\Users\David\Documents\GitHub\robot\go_go_gadget.X\main.asm
                 Time_Msg   0x00002a    program     static C:\Users\David\Documents\GitHub\robot\go_go_gadget.X\main.asm
                Total_Msg   0x000078    program     static C:\Users\David\Documents\GitHub\robot\go_go_gadget.X\main.asm
                  WR_DATA   0x000659    program     static C:\Users\David\Documents\GitHub\robot\go_go_gadget.X\main.asm
                   WR_END   0x0006d2    program     static C:\Users\David\Documents\GitHub\robot\go_go_gadget.X\i2c_common.asm
                   WR_ERR   0x0006d1    program     static C:\Users\David\Documents\GitHub\robot\go_go_gadget.X\i2c_common.asm
                   WR_INS   0x00064a    program     static C:\Users\David\Documents\GitHub\robot\go_go_gadget.X\main.asm
                    W_END   0x000759    program     static C:\Users\David\Documents\GitHub\robot\go_go_gadget.X\i2c_common.asm
              _.code_0010   0x00069b    program     static C:\Users\David\Documents\GitHub\robot\go_go_gadget.X\i2c_common.asm
              _.code_0016   0x0006a1    program     static C:\Users\David\Documents\GitHub\robot\go_go_gadget.X\i2c_common.asm
              _.code_001E   0x0006a9    program     static C:\Users\David\Documents\GitHub\robot\go_go_gadget.X\i2c_common.asm
              _.code_002E   0x0006b9    program     static C:\Users\David\Documents\GitHub\robot\go_go_gadget.X\i2c_common.asm
              _.code_003E   0x0006c9    program     static C:\Users\David\Documents\GitHub\robot\go_go_gadget.X\i2c_common.asm
              _.code_004B   0x0006d6    program     static C:\Users\David\Documents\GitHub\robot\go_go_gadget.X\i2c_common.asm
              _.code_0051   0x0006dc    program     static C:\Users\David\Documents\GitHub\robot\go_go_gadget.X\i2c_common.asm
              _.code_0059   0x0006e4    program     static C:\Users\David\Documents\GitHub\robot\go_go_gadget.X\i2c_common.asm
              _.code_0069   0x0006f4    program     static C:\Users\David\Documents\GitHub\robot\go_go_gadget.X\i2c_common.asm
              _.code_0074   0x0006ff    program     static C:\Users\David\Documents\GitHub\robot\go_go_gadget.X\i2c_common.asm
              _.code_007C   0x000707    program     static C:\Users\David\Documents\GitHub\robot\go_go_gadget.X\i2c_common.asm
              _.code_0087   0x000712    program     static C:\Users\David\Documents\GitHub\robot\go_go_gadget.X\i2c_common.asm
              _.code_0093   0x00071e    program     static C:\Users\David\Documents\GitHub\robot\go_go_gadget.X\i2c_common.asm
              _.code_009A   0x000725    program     static C:\Users\David\Documents\GitHub\robot\go_go_gadget.X\i2c_common.asm
              _.code_00AE   0x000739    program     static C:\Users\David\Documents\GitHub\robot\go_go_gadget.X\i2c_common.asm
              _.code_00B6   0x000741    program     static C:\Users\David\Documents\GitHub\robot\go_go_gadget.X\i2c_common.asm
              _.code_00C6   0x000751    program     static C:\Users\David\Documents\GitHub\robot\go_go_gadget.X\i2c_common.asm
              _.code_00D2   0x00075d    program     static C:\Users\David\Documents\GitHub\robot\go_go_gadget.X\i2c_common.asm
              _.code_00D8   0x000763    program     static C:\Users\David\Documents\GitHub\robot\go_go_gadget.X\i2c_common.asm
              _.code_00E0   0x00076b    program     static C:\Users\David\Documents\GitHub\robot\go_go_gadget.X\i2c_common.asm
              _.code_00EB   0x000776    program     static C:\Users\David\Documents\GitHub\robot\go_go_gadget.X\i2c_common.asm
              _.code_00F7   0x000782    program     static C:\Users\David\Documents\GitHub\robot\go_go_gadget.X\i2c_common.asm
              _.code_00FC   0x000787    program     static C:\Users\David\Documents\GitHub\robot\go_go_gadget.X\i2c_common.asm
             _.org_1_0178   0x000178    program     static C:\Users\David\Documents\GitHub\robot\go_go_gadget.X\main.asm
             _.org_1_01CA   0x0001ca    program     static C:\Users\David\Documents\GitHub\robot\go_go_gadget.X\main.asm
             _.org_1_01F1   0x0001f1    program     static C:\Users\David\Documents\GitHub\robot\go_go_gadget.X\main.asm
             _.org_1_0211   0x000211    program     static C:\Users\David\Documents\GitHub\robot\go_go_gadget.X\main.asm
             _.org_1_0216   0x000216    program     static C:\Users\David\Documents\GitHub\robot\go_go_gadget.X\main.asm
             _.org_1_022F   0x00022f    program     static C:\Users\David\Documents\GitHub\robot\go_go_gadget.X\main.asm
             _.org_1_0295   0x000295    program     static C:\Users\David\Documents\GitHub\robot\go_go_gadget.X\main.asm
             _.org_1_0305   0x000305    program     static C:\Users\David\Documents\GitHub\robot\go_go_gadget.X\main.asm
             _.org_1_0326   0x000326    program     static C:\Users\David\Documents\GitHub\robot\go_go_gadget.X\main.asm
             _.org_1_0615   0x000615    program     static C:\Users\David\Documents\GitHub\robot\go_go_gadget.X\main.asm
             _.org_1_0617   0x000617    program     static C:\Users\David\Documents\GitHub\robot\go_go_gadget.X\main.asm
             _.org_1_061A   0x00061a    program     static C:\Users\David\Documents\GitHub\robot\go_go_gadget.X\main.asm
             _.org_1_0622   0x000622    program     static C:\Users\David\Documents\GitHub\robot\go_go_gadget.X\main.asm
             _.org_1_0678   0x000678    program     static C:\Users\David\Documents\GitHub\robot\go_go_gadget.X\main.asm
             _100end_disp   0x000482    program     static C:\Users\David\Documents\GitHub\robot\go_go_gadget.X\main.asm
            _100loop_disp   0x00047a    program     static C:\Users\David\Documents\GitHub\robot\go_go_gadget.X\main.asm
             _101end_disp   0x000490    program     static C:\Users\David\Documents\GitHub\robot\go_go_gadget.X\main.asm
            _101loop_disp   0x000488    program     static C:\Users\David\Documents\GitHub\robot\go_go_gadget.X\main.asm
             _102end_disp   0x00049d    program     static C:\Users\David\Documents\GitHub\robot\go_go_gadget.X\main.asm
            _102loop_disp   0x000495    program     static C:\Users\David\Documents\GitHub\robot\go_go_gadget.X\main.asm
             _107end_disp   0x0004c3    program     static C:\Users\David\Documents\GitHub\robot\go_go_gadget.X\main.asm
            _107loop_disp   0x0004bb    program     static C:\Users\David\Documents\GitHub\robot\go_go_gadget.X\main.asm
             _111end_disp   0x0004df    program     static C:\Users\David\Documents\GitHub\robot\go_go_gadget.X\main.asm
            _111loop_disp   0x0004d7    program     static C:\Users\David\Documents\GitHub\robot\go_go_gadget.X\main.asm
              _22end_disp   0x00018a    program     static C:\Users\David\Documents\GitHub\robot\go_go_gadget.X\main.asm
             _22loop_disp   0x000182    program     static C:\Users\David\Documents\GitHub\robot\go_go_gadget.X\main.asm
              _29end_disp   0x0001c1    program     static C:\Users\David\Documents\GitHub\robot\go_go_gadget.X\main.asm
             _29loop_disp   0x0001b9    program     static C:\Users\David\Documents\GitHub\robot\go_go_gadget.X\main.asm
              _34end_disp   0x000223    program     static C:\Users\David\Documents\GitHub\robot\go_go_gadget.X\main.asm
             _34loop_disp   0x00021b    program     static C:\Users\David\Documents\GitHub\robot\go_go_gadget.X\main.asm
              _35end_disp   0x00022e    program     static C:\Users\David\Documents\GitHub\robot\go_go_gadget.X\main.asm
             _35loop_disp   0x000226    program     static C:\Users\David\Documents\GitHub\robot\go_go_gadget.X\main.asm
              _45end_disp   0x000292    program     static C:\Users\David\Documents\GitHub\robot\go_go_gadget.X\main.asm
             _45loop_disp   0x00028a    program     static C:\Users\David\Documents\GitHub\robot\go_go_gadget.X\main.asm
              _48end_disp   0x0002b9    program     static C:\Users\David\Documents\GitHub\robot\go_go_gadget.X\main.asm
             _48loop_disp   0x0002b1    program     static C:\Users\David\Documents\GitHub\robot\go_go_gadget.X\main.asm
              _49end_disp   0x0002c5    program     static C:\Users\David\Documents\GitHub\robot\go_go_gadget.X\main.asm
             _49loop_disp   0x0002bd    program     static C:\Users\David\Documents\GitHub\robot\go_go_gadget.X\main.asm
              _66end_disp   0x0002f9    program     static C:\Users\David\Documents\GitHub\robot\go_go_gadget.X\main.asm
             _66loop_disp   0x0002f1    program     static C:\Users\David\Documents\GitHub\robot\go_go_gadget.X\main.asm
              _67end_disp   0x000304    program     static C:\Users\David\Documents\GitHub\robot\go_go_gadget.X\main.asm
             _67loop_disp   0x0002fc    program     static C:\Users\David\Documents\GitHub\robot\go_go_gadget.X\main.asm
              _68end_disp   0x000323    program     static C:\Users\David\Documents\GitHub\robot\go_go_gadget.X\main.asm
             _68loop_disp   0x00031b    program     static C:\Users\David\Documents\GitHub\robot\go_go_gadget.X\main.asm
              _86end_disp   0x0003f7    program     static C:\Users\David\Documents\GitHub\robot\go_go_gadget.X\main.asm
             _86loop_disp   0x0003ef    program     static C:\Users\David\Documents\GitHub\robot\go_go_gadget.X\main.asm
              _87end_disp   0x00040d    program     static C:\Users\David\Documents\GitHub\robot\go_go_gadget.X\main.asm
             _87loop_disp   0x000405    program     static C:\Users\David\Documents\GitHub\robot\go_go_gadget.X\main.asm
              _88end_disp   0x00041c    program     static C:\Users\David\Documents\GitHub\robot\go_go_gadget.X\main.asm
             _88loop_disp   0x000414    program     static C:\Users\David\Documents\GitHub\robot\go_go_gadget.X\main.asm
              _89end_disp   0x00042b    program     static C:\Users\David\Documents\GitHub\robot\go_go_gadget.X\main.asm
             _89loop_disp   0x000423    program     static C:\Users\David\Documents\GitHub\robot\go_go_gadget.X\main.asm
              _90end_disp   0x00043a    program     static C:\Users\David\Documents\GitHub\robot\go_go_gadget.X\main.asm
             _90loop_disp   0x000432    program     static C:\Users\David\Documents\GitHub\robot\go_go_gadget.X\main.asm
              _91end_disp   0x000447    program     static C:\Users\David\Documents\GitHub\robot\go_go_gadget.X\main.asm
             _91loop_disp   0x00043f    program     static C:\Users\David\Documents\GitHub\robot\go_go_gadget.X\main.asm
              _93end_disp   0x000455    program     static C:\Users\David\Documents\GitHub\robot\go_go_gadget.X\main.asm
             _93loop_disp   0x00044d    program     static C:\Users\David\Documents\GitHub\robot\go_go_gadget.X\main.asm
              _97end_disp   0x000466    program     static C:\Users\David\Documents\GitHub\robot\go_go_gadget.X\main.asm
             _97loop_disp   0x00045e    program     static C:\Users\David\Documents\GitHub\robot\go_go_gadget.X\main.asm
              _99end_disp   0x000475    program     static C:\Users\David\Documents\GitHub\robot\go_go_gadget.X\main.asm
             _99loop_disp   0x00046d    program     static C:\Users\David\Documents\GitHub\robot\go_go_gadget.X\main.asm
               _9end_disp   0x000111    program     static C:\Users\David\Documents\GitHub\robot\go_go_gadget.X\main.asm
              _9loop_disp   0x000109    program     static C:\Users\David\Documents\GitHub\robot\go_go_gadget.X\main.asm
                aboveboth   0x0001b1    program     static C:\Users\David\Documents\GitHub\robot\go_go_gadget.X\main.asm
                 add3huns   0x0005ff    program     static C:\Users\David\Documents\GitHub\robot\go_go_gadget.X\main.asm
                 add3ones   0x000605    program     static C:\Users\David\Documents\GitHub\robot\go_go_gadget.X\main.asm
                 add3tens   0x000602    program     static C:\Users\David\Documents\GitHub\robot\go_go_gadget.X\main.asm
                   badkey   0x000294    program     static C:\Users\David\Documents\GitHub\robot\go_go_gadget.X\main.asm
              badkeyagain   0x000325    program     static C:\Users\David\Documents\GitHub\robot\go_go_gadget.X\main.asm
               big_number   0x0005db    program     static C:\Users\David\Documents\GitHub\robot\go_go_gadget.X\main.asm
                carryones   0x000608    program     static C:\Users\David\Documents\GitHub\robot\go_go_gadget.X\main.asm
                carrytens   0x00060b    program     static C:\Users\David\Documents\GitHub\robot\go_go_gadget.X\main.asm
                  check_1   0x000377    program     static C:\Users\David\Documents\GitHub\robot\go_go_gadget.X\main.asm
                  check_2   0x000380    program     static C:\Users\David\Documents\GitHub\robot\go_go_gadget.X\main.asm
                  check_3   0x00038a    program     static C:\Users\David\Documents\GitHub\robot\go_go_gadget.X\main.asm
                  check_4   0x000394    program     static C:\Users\David\Documents\GitHub\robot\go_go_gadget.X\main.asm
                  check_5   0x00039e    program     static C:\Users\David\Documents\GitHub\robot\go_go_gadget.X\main.asm
                  check_6   0x0003a8    program     static C:\Users\David\Documents\GitHub\robot\go_go_gadget.X\main.asm
                  check_7   0x0003b2    program     static C:\Users\David\Documents\GitHub\robot\go_go_gadget.X\main.asm
                  check_8   0x0003bc    program     static C:\Users\David\Documents\GitHub\robot\go_go_gadget.X\main.asm
                  check_9   0x0003c6    program     static C:\Users\David\Documents\GitHub\robot\go_go_gadget.X\main.asm
                 check_FF   0x00049e    program     static C:\Users\David\Documents\GitHub\robot\go_go_gadget.X\main.asm
                check_LED   0x00041d    program     static C:\Users\David\Documents\GitHub\robot\go_go_gadget.X\main.asm
                 check_LF   0x000483    program     static C:\Users\David\Documents\GitHub\robot\go_go_gadget.X\main.asm
          check_defective   0x0003d6    program     static C:\Users\David\Documents\GitHub\robot\go_go_gadget.X\main.asm
               check_done   0x000283    program     static C:\Users\David\Documents\GitHub\robot\go_go_gadget.X\main.asm
             check_export   0x0003e2    program     static C:\Users\David\Documents\GitHub\robot\go_go_gadget.X\main.asm
              check_flick   0x00042c    program     static C:\Users\David\Documents\GitHub\robot\go_go_gadget.X\main.asm
           check_for_fail   0x0004a1    program     static C:\Users\David\Documents\GitHub\robot\go_go_gadget.X\main.asm
          check_immapeace   0x000314    program     static C:\Users\David\Documents\GitHub\robot\go_go_gadget.X\main.asm
               check_log1   0x000233    program     static C:\Users\David\Documents\GitHub\robot\go_go_gadget.X\main.asm
               check_log2   0x00023b    program     static C:\Users\David\Documents\GitHub\robot\go_go_gadget.X\main.asm
               check_log3   0x000244    program     static C:\Users\David\Documents\GitHub\robot\go_go_gadget.X\main.asm
               check_log4   0x00024d    program     static C:\Users\David\Documents\GitHub\robot\go_go_gadget.X\main.asm
               check_log5   0x000256    program     static C:\Users\David\Documents\GitHub\robot\go_go_gadget.X\main.asm
               check_log6   0x00025f    program     static C:\Users\David\Documents\GitHub\robot\go_go_gadget.X\main.asm
               check_log7   0x000268    program     static C:\Users\David\Documents\GitHub\robot\go_go_gadget.X\main.asm
               check_log8   0x000271    program     static C:\Users\David\Documents\GitHub\robot\go_go_gadget.X\main.asm
               check_log9   0x00027a    program     static C:\Users\David\Documents\GitHub\robot\go_go_gadget.X\main.asm
               check_next   0x0004a7    program     static C:\Users\David\Documents\GitHub\robot\go_go_gadget.X\main.asm
               check_none   0x000400    program     static C:\Users\David\Documents\GitHub\robot\go_go_gadget.X\main.asm
              check_nothx   0x00030f    program     static C:\Users\David\Documents\GitHub\robot\go_go_gadget.X\main.asm
               check_pass   0x00040e    program     static C:\Users\David\Documents\GitHub\robot\go_go_gadget.X\main.asm
            check_standby   0x0003e8    program     static C:\Users\David\Documents\GitHub\robot\go_go_gadget.X\main.asm
              check_start   0x0003f9    program     static C:\Users\David\Documents\GitHub\robot\go_go_gadget.X\main.asm
            check_summary   0x0003d0    program     static C:\Users\David\Documents\GitHub\robot\go_go_gadget.X\main.asm
         check_threshold1   0x0001a2    program     static C:\Users\David\Documents\GitHub\robot\go_go_gadget.X\main.asm
         check_threshold2   0x0001aa    program     static C:\Users\David\Documents\GitHub\robot\go_go_gadget.X\main.asm
               check_time   0x0003dc    program     static C:\Users\David\Documents\GitHub\robot\go_go_gadget.X\main.asm
              check_wanna   0x000309    program     static C:\Users\David\Documents\GitHub\robot\go_go_gadget.X\main.asm
              default_key   0x0003fe    program     static C:\Users\David\Documents\GitHub\robot\go_go_gadget.X\main.asm
            default_state   0x00043b    program     static C:\Users\David\Documents\GitHub\robot\go_go_gadget.X\main.asm
                defective   0x00046a    program     static C:\Users\David\Documents\GitHub\robot\go_go_gadget.X\main.asm
                 delay5ms   0x00061d    program     static C:\Users\David\Documents\GitHub\robot\go_go_gadget.X\main.asm
            detect_candle   0x000195    program     static C:\Users\David\Documents\GitHub\robot\go_go_gadget.X\main.asm
              display_log   0x000297    program     static C:\Users\David\Documents\GitHub\robot\go_go_gadget.X\main.asm
            display_state   0x0003ff    program     static C:\Users\David\Documents\GitHub\robot\go_go_gadget.X\main.asm
           end_check_fail   0x0004b7    program     static C:\Users\David\Documents\GitHub\robot\go_go_gadget.X\main.asm
                  end_isr   0x000683    program     static C:\Users\David\Documents\GitHub\robot\go_go_gadget.X\main.asm
            end_operation   0x0001b5    program     static C:\Users\David\Documents\GitHub\robot\go_go_gadget.X\main.asm
               end_rotate   0x00036e    program     static C:\Users\David\Documents\GitHub\robot\go_go_gadget.X\main.asm
                   export   0x0004e0    program     static C:\Users\David\Documents\GitHub\robot\go_go_gadget.X\main.asm
                firststep   0x000339    program     static C:\Users\David\Documents\GitHub\robot\go_go_gadget.X\main.asm
               four_steps   0x000339    program     static C:\Users\David\Documents\GitHub\robot\go_go_gadget.X\main.asm
               fourthstep   0x000360    program     static C:\Users\David\Documents\GitHub\robot\go_go_gadget.X\main.asm
         i2c_common_setup   0x00068b    program     extern C:\Users\David\Documents\GitHub\robot\go_go_gadget.X\i2c_common.asm
              information   0x000376    program     static C:\Users\David\Documents\GitHub\robot\go_go_gadget.X\main.asm
                     init   0x0000e7    program     static C:\Users\David\Documents\GitHub\robot\go_go_gadget.X\main.asm
                      isr   0x00067a    program     static C:\Users\David\Documents\GitHub\robot\go_go_gadget.X\main.asm
                     logs   0x000218    program     static C:\Users\David\Documents\GitHub\robot\go_go_gadget.X\main.asm
                 must_dec   0x000372    program     static C:\Users\David\Documents\GitHub\robot\go_go_gadget.X\main.asm
                 must_inc   0x000374    program     static C:\Users\David\Documents\GitHub\robot\go_go_gadget.X\main.asm
                  no_huns   0x0004cc    program     static C:\Users\David\Documents\GitHub\robot\go_go_gadget.X\main.asm
                   no_log   0x0002af    program     static C:\Users\David\Documents\GitHub\robot\go_go_gadget.X\main.asm
                  no_tens   0x0004d2    program     static C:\Users\David\Documents\GitHub\robot\go_go_gadget.X\main.asm
                   nohuns   0x00054a    program     static C:\Users\David\Documents\GitHub\robot\go_go_gadget.X\main.asm
                   notens   0x000554    program     static C:\Users\David\Documents\GitHub\robot\go_go_gadget.X\main.asm
                   now_FF   0x000485    program     static C:\Users\David\Documents\GitHub\robot\go_go_gadget.X\main.asm
                 p2p_read   0x00075f    program     extern C:\Users\David\Documents\GitHub\robot\go_go_gadget.X\i2c_common.asm
                p2p_write   0x000735    program     extern C:\Users\David\Documents\GitHub\robot\go_go_gadget.X\i2c_common.asm
                     poll   0x000210    program     static C:\Users\David\Documents\GitHub\robot\go_go_gadget.X\main.asm
                  polling   0x00022e    program     static C:\Users\David\Documents\GitHub\robot\go_go_gadget.X\main.asm
                   pulse1   0x000340    program     static C:\Users\David\Documents\GitHub\robot\go_go_gadget.X\main.asm
                   pulse2   0x00034d    program     static C:\Users\David\Documents\GitHub\robot\go_go_gadget.X\main.asm
                   pulse3   0x00035a    program     static C:\Users\David\Documents\GitHub\robot\go_go_gadget.X\main.asm
                   pulse4   0x000367    program     static C:\Users\David\Documents\GitHub\robot\go_go_gadget.X\main.asm
              read_EEPROM   0x00029a    program     static C:\Users\David\Documents\GitHub\robot\go_go_gadget.X\main.asm
                 read_rtc   0x0006d8    program     extern C:\Users\David\Documents\GitHub\robot\go_go_gadget.X\i2c_common.asm
                   rotate   0x00018e    program     static C:\Users\David\Documents\GitHub\robot\go_go_gadget.X\main.asm
              rtc_convert   0x000727    program     extern C:\Users\David\Documents\GitHub\robot\go_go_gadget.X\i2c_common.asm
               secondstep   0x000346    program     static C:\Users\David\Documents\GitHub\robot\go_go_gadget.X\main.asm
                shiftlogs   0x0001c1    program     static C:\Users\David\Documents\GitHub\robot\go_go_gadget.X\main.asm
              shiftlogs_0   0x0001c5    program     static C:\Users\David\Documents\GitHub\robot\go_go_gadget.X\main.asm
                    start   0x00017a    program     static C:\Users\David\Documents\GitHub\robot\go_go_gadget.X\main.asm
                  summary   0x00043c    program     static C:\Users\David\Documents\GitHub\robot\go_go_gadget.X\main.asm
              test_candle   0x00019a    program     static C:\Users\David\Documents\GitHub\robot\go_go_gadget.X\main.asm
                thirdstep   0x000353    program     static C:\Users\David\Documents\GitHub\robot\go_go_gadget.X\main.asm
                     time   0x0004b8    program     static C:\Users\David\Documents\GitHub\robot\go_go_gadget.X\main.asm
                  waiting   0x000112    program     static C:\Users\David\Documents\GitHub\robot\go_go_gadget.X\main.asm
             wanna_export   0x000304    program     static C:\Users\David\Documents\GitHub\robot\go_go_gadget.X\main.asm
               write_log1   0x0001e7    program     static C:\Users\David\Documents\GitHub\robot\go_go_gadget.X\main.asm
             write_log1_0   0x0001ee    program     static C:\Users\David\Documents\GitHub\robot\go_go_gadget.X\main.asm
                write_rtc   0x00069d    program     extern C:\Users\David\Documents\GitHub\robot\go_go_gadget.X\i2c_common.asm
                writetoPC   0x000674    program     static C:\Users\David\Documents\GitHub\robot\go_go_gadget.X\main.asm
                  yes_log   0x0002bb    program     static C:\Users\David\Documents\GitHub\robot\go_go_gadget.X\main.asm



                              Symbols - Sorted by Address
                     Name    Address   Location    Storage File                     
                ---------  ---------  ---------  --------- ---------                
              Standby_Msg   0x000005    program     static C:\Users\David\Documents\GitHub\robot\go_go_gadget.X\main.asm
                Start_Msg   0x00000e    program     static C:\Users\David\Documents\GitHub\robot\go_go_gadget.X\main.asm
                  End_Msg   0x000020    program     static C:\Users\David\Documents\GitHub\robot\go_go_gadget.X\main.asm
                 Time_Msg   0x00002a    program     static C:\Users\David\Documents\GitHub\robot\go_go_gadget.X\main.asm
                  Seconds   0x00003b    program     static C:\Users\David\Documents\GitHub\robot\go_go_gadget.X\main.asm
              Not_present   0x000045    program     static C:\Users\David\Documents\GitHub\robot\go_go_gadget.X\main.asm
                     Pass   0x000054    program     static C:\Users\David\Documents\GitHub\robot\go_go_gadget.X\main.asm
                 LED_fail   0x00005c    program     static C:\Users\David\Documents\GitHub\robot\go_go_gadget.X\main.asm
               Flick_fail   0x000068    program     static C:\Users\David\Documents\GitHub\robot\go_go_gadget.X\main.asm
                Total_Msg   0x000078    program     static C:\Users\David\Documents\GitHub\robot\go_go_gadget.X\main.asm
                       LF   0x000089    program     static C:\Users\David\Documents\GitHub\robot\go_go_gadget.X\main.asm
                       FF   0x00008f    program     static C:\Users\David\Documents\GitHub\robot\go_go_gadget.X\main.asm
                     None   0x000095    program     static C:\Users\David\Documents\GitHub\robot\go_go_gadget.X\main.asm
                Logs_Msg1   0x00009d    program     static C:\Users\David\Documents\GitHub\robot\go_go_gadget.X\main.asm
                Logs_Msg2   0x0000ae    program     static C:\Users\David\Documents\GitHub\robot\go_go_gadget.X\main.asm
                Logs_Msg3   0x0000bf    program     static C:\Users\David\Documents\GitHub\robot\go_go_gadget.X\main.asm
                Logs_Msg4   0x0000c8    program     static C:\Users\David\Documents\GitHub\robot\go_go_gadget.X\main.asm
                    Op_at   0x0000d8    program     static C:\Users\David\Documents\GitHub\robot\go_go_gadget.X\main.asm
                     init   0x0000e7    program     static C:\Users\David\Documents\GitHub\robot\go_go_gadget.X\main.asm
              _9loop_disp   0x000109    program     static C:\Users\David\Documents\GitHub\robot\go_go_gadget.X\main.asm
               _9end_disp   0x000111    program     static C:\Users\David\Documents\GitHub\robot\go_go_gadget.X\main.asm
                  waiting   0x000112    program     static C:\Users\David\Documents\GitHub\robot\go_go_gadget.X\main.asm
             _.org_1_0178   0x000178    program     static C:\Users\David\Documents\GitHub\robot\go_go_gadget.X\main.asm
                    start   0x00017a    program     static C:\Users\David\Documents\GitHub\robot\go_go_gadget.X\main.asm
             _22loop_disp   0x000182    program     static C:\Users\David\Documents\GitHub\robot\go_go_gadget.X\main.asm
              _22end_disp   0x00018a    program     static C:\Users\David\Documents\GitHub\robot\go_go_gadget.X\main.asm
                   rotate   0x00018e    program     static C:\Users\David\Documents\GitHub\robot\go_go_gadget.X\main.asm
            detect_candle   0x000195    program     static C:\Users\David\Documents\GitHub\robot\go_go_gadget.X\main.asm
              test_candle   0x00019a    program     static C:\Users\David\Documents\GitHub\robot\go_go_gadget.X\main.asm
         check_threshold1   0x0001a2    program     static C:\Users\David\Documents\GitHub\robot\go_go_gadget.X\main.asm
         check_threshold2   0x0001aa    program     static C:\Users\David\Documents\GitHub\robot\go_go_gadget.X\main.asm
                aboveboth   0x0001b1    program     static C:\Users\David\Documents\GitHub\robot\go_go_gadget.X\main.asm
            end_operation   0x0001b5    program     static C:\Users\David\Documents\GitHub\robot\go_go_gadget.X\main.asm
             _29loop_disp   0x0001b9    program     static C:\Users\David\Documents\GitHub\robot\go_go_gadget.X\main.asm
                shiftlogs   0x0001c1    program     static C:\Users\David\Documents\GitHub\robot\go_go_gadget.X\main.asm
              _29end_disp   0x0001c1    program     static C:\Users\David\Documents\GitHub\robot\go_go_gadget.X\main.asm
              shiftlogs_0   0x0001c5    program     static C:\Users\David\Documents\GitHub\robot\go_go_gadget.X\main.asm
             _.org_1_01CA   0x0001ca    program     static C:\Users\David\Documents\GitHub\robot\go_go_gadget.X\main.asm
               write_log1   0x0001e7    program     static C:\Users\David\Documents\GitHub\robot\go_go_gadget.X\main.asm
             write_log1_0   0x0001ee    program     static C:\Users\David\Documents\GitHub\robot\go_go_gadget.X\main.asm
             _.org_1_01F1   0x0001f1    program     static C:\Users\David\Documents\GitHub\robot\go_go_gadget.X\main.asm
                     poll   0x000210    program     static C:\Users\David\Documents\GitHub\robot\go_go_gadget.X\main.asm
             _.org_1_0211   0x000211    program     static C:\Users\David\Documents\GitHub\robot\go_go_gadget.X\main.asm
             _.org_1_0216   0x000216    program     static C:\Users\David\Documents\GitHub\robot\go_go_gadget.X\main.asm
                     logs   0x000218    program     static C:\Users\David\Documents\GitHub\robot\go_go_gadget.X\main.asm
             _34loop_disp   0x00021b    program     static C:\Users\David\Documents\GitHub\robot\go_go_gadget.X\main.asm
              _34end_disp   0x000223    program     static C:\Users\David\Documents\GitHub\robot\go_go_gadget.X\main.asm
             _35loop_disp   0x000226    program     static C:\Users\David\Documents\GitHub\robot\go_go_gadget.X\main.asm
              _35end_disp   0x00022e    program     static C:\Users\David\Documents\GitHub\robot\go_go_gadget.X\main.asm
                  polling   0x00022e    program     static C:\Users\David\Documents\GitHub\robot\go_go_gadget.X\main.asm
             _.org_1_022F   0x00022f    program     static C:\Users\David\Documents\GitHub\robot\go_go_gadget.X\main.asm
               check_log1   0x000233    program     static C:\Users\David\Documents\GitHub\robot\go_go_gadget.X\main.asm
               check_log2   0x00023b    program     static C:\Users\David\Documents\GitHub\robot\go_go_gadget.X\main.asm
               check_log3   0x000244    program     static C:\Users\David\Documents\GitHub\robot\go_go_gadget.X\main.asm
               check_log4   0x00024d    program     static C:\Users\David\Documents\GitHub\robot\go_go_gadget.X\main.asm
               check_log5   0x000256    program     static C:\Users\David\Documents\GitHub\robot\go_go_gadget.X\main.asm
               check_log6   0x00025f    program     static C:\Users\David\Documents\GitHub\robot\go_go_gadget.X\main.asm
               check_log7   0x000268    program     static C:\Users\David\Documents\GitHub\robot\go_go_gadget.X\main.asm
               check_log8   0x000271    program     static C:\Users\David\Documents\GitHub\robot\go_go_gadget.X\main.asm
               check_log9   0x00027a    program     static C:\Users\David\Documents\GitHub\robot\go_go_gadget.X\main.asm
               check_done   0x000283    program     static C:\Users\David\Documents\GitHub\robot\go_go_gadget.X\main.asm
             _45loop_disp   0x00028a    program     static C:\Users\David\Documents\GitHub\robot\go_go_gadget.X\main.asm
              _45end_disp   0x000292    program     static C:\Users\David\Documents\GitHub\robot\go_go_gadget.X\main.asm
                   badkey   0x000294    program     static C:\Users\David\Documents\GitHub\robot\go_go_gadget.X\main.asm
             _.org_1_0295   0x000295    program     static C:\Users\David\Documents\GitHub\robot\go_go_gadget.X\main.asm
              display_log   0x000297    program     static C:\Users\David\Documents\GitHub\robot\go_go_gadget.X\main.asm
              read_EEPROM   0x00029a    program     static C:\Users\David\Documents\GitHub\robot\go_go_gadget.X\main.asm
                   no_log   0x0002af    program     static C:\Users\David\Documents\GitHub\robot\go_go_gadget.X\main.asm
             _48loop_disp   0x0002b1    program     static C:\Users\David\Documents\GitHub\robot\go_go_gadget.X\main.asm
              _48end_disp   0x0002b9    program     static C:\Users\David\Documents\GitHub\robot\go_go_gadget.X\main.asm
                  yes_log   0x0002bb    program     static C:\Users\David\Documents\GitHub\robot\go_go_gadget.X\main.asm
             _49loop_disp   0x0002bd    program     static C:\Users\David\Documents\GitHub\robot\go_go_gadget.X\main.asm
              _49end_disp   0x0002c5    program     static C:\Users\David\Documents\GitHub\robot\go_go_gadget.X\main.asm
             _66loop_disp   0x0002f1    program     static C:\Users\David\Documents\GitHub\robot\go_go_gadget.X\main.asm
              _66end_disp   0x0002f9    program     static C:\Users\David\Documents\GitHub\robot\go_go_gadget.X\main.asm
             _67loop_disp   0x0002fc    program     static C:\Users\David\Documents\GitHub\robot\go_go_gadget.X\main.asm
             wanna_export   0x000304    program     static C:\Users\David\Documents\GitHub\robot\go_go_gadget.X\main.asm
              _67end_disp   0x000304    program     static C:\Users\David\Documents\GitHub\robot\go_go_gadget.X\main.asm
             _.org_1_0305   0x000305    program     static C:\Users\David\Documents\GitHub\robot\go_go_gadget.X\main.asm
              check_wanna   0x000309    program     static C:\Users\David\Documents\GitHub\robot\go_go_gadget.X\main.asm
              check_nothx   0x00030f    program     static C:\Users\David\Documents\GitHub\robot\go_go_gadget.X\main.asm
          check_immapeace   0x000314    program     static C:\Users\David\Documents\GitHub\robot\go_go_gadget.X\main.asm
             _68loop_disp   0x00031b    program     static C:\Users\David\Documents\GitHub\robot\go_go_gadget.X\main.asm
              _68end_disp   0x000323    program     static C:\Users\David\Documents\GitHub\robot\go_go_gadget.X\main.asm
              badkeyagain   0x000325    program     static C:\Users\David\Documents\GitHub\robot\go_go_gadget.X\main.asm
             _.org_1_0326   0x000326    program     static C:\Users\David\Documents\GitHub\robot\go_go_gadget.X\main.asm
              ROTATEMOTOR   0x000328    program     static C:\Users\David\Documents\GitHub\robot\go_go_gadget.X\main.asm
                firststep   0x000339    program     static C:\Users\David\Documents\GitHub\robot\go_go_gadget.X\main.asm
               four_steps   0x000339    program     static C:\Users\David\Documents\GitHub\robot\go_go_gadget.X\main.asm
                   pulse1   0x000340    program     static C:\Users\David\Documents\GitHub\robot\go_go_gadget.X\main.asm
               secondstep   0x000346    program     static C:\Users\David\Documents\GitHub\robot\go_go_gadget.X\main.asm
                   pulse2   0x00034d    program     static C:\Users\David\Documents\GitHub\robot\go_go_gadget.X\main.asm
                thirdstep   0x000353    program     static C:\Users\David\Documents\GitHub\robot\go_go_gadget.X\main.asm
                   pulse3   0x00035a    program     static C:\Users\David\Documents\GitHub\robot\go_go_gadget.X\main.asm
               fourthstep   0x000360    program     static C:\Users\David\Documents\GitHub\robot\go_go_gadget.X\main.asm
                   pulse4   0x000367    program     static C:\Users\David\Documents\GitHub\robot\go_go_gadget.X\main.asm
               end_rotate   0x00036e    program     static C:\Users\David\Documents\GitHub\robot\go_go_gadget.X\main.asm
                 must_dec   0x000372    program     static C:\Users\David\Documents\GitHub\robot\go_go_gadget.X\main.asm
                 must_inc   0x000374    program     static C:\Users\David\Documents\GitHub\robot\go_go_gadget.X\main.asm
              information   0x000376    program     static C:\Users\David\Documents\GitHub\robot\go_go_gadget.X\main.asm
                  check_1   0x000377    program     static C:\Users\David\Documents\GitHub\robot\go_go_gadget.X\main.asm
                  check_2   0x000380    program     static C:\Users\David\Documents\GitHub\robot\go_go_gadget.X\main.asm
                  check_3   0x00038a    program     static C:\Users\David\Documents\GitHub\robot\go_go_gadget.X\main.asm
                  check_4   0x000394    program     static C:\Users\David\Documents\GitHub\robot\go_go_gadget.X\main.asm
                  check_5   0x00039e    program     static C:\Users\David\Documents\GitHub\robot\go_go_gadget.X\main.asm
                  check_6   0x0003a8    program     static C:\Users\David\Documents\GitHub\robot\go_go_gadget.X\main.asm
                  check_7   0x0003b2    program     static C:\Users\David\Documents\GitHub\robot\go_go_gadget.X\main.asm
                  check_8   0x0003bc    program     static C:\Users\David\Documents\GitHub\robot\go_go_gadget.X\main.asm
                  check_9   0x0003c6    program     static C:\Users\David\Documents\GitHub\robot\go_go_gadget.X\main.asm
            check_summary   0x0003d0    program     static C:\Users\David\Documents\GitHub\robot\go_go_gadget.X\main.asm
          check_defective   0x0003d6    program     static C:\Users\David\Documents\GitHub\robot\go_go_gadget.X\main.asm
               check_time   0x0003dc    program     static C:\Users\David\Documents\GitHub\robot\go_go_gadget.X\main.asm
             check_export   0x0003e2    program     static C:\Users\David\Documents\GitHub\robot\go_go_gadget.X\main.asm
            check_standby   0x0003e8    program     static C:\Users\David\Documents\GitHub\robot\go_go_gadget.X\main.asm
             _86loop_disp   0x0003ef    program     static C:\Users\David\Documents\GitHub\robot\go_go_gadget.X\main.asm
              _86end_disp   0x0003f7    program     static C:\Users\David\Documents\GitHub\robot\go_go_gadget.X\main.asm
              check_start   0x0003f9    program     static C:\Users\David\Documents\GitHub\robot\go_go_gadget.X\main.asm
              default_key   0x0003fe    program     static C:\Users\David\Documents\GitHub\robot\go_go_gadget.X\main.asm
            display_state   0x0003ff    program     static C:\Users\David\Documents\GitHub\robot\go_go_gadget.X\main.asm
               check_none   0x000400    program     static C:\Users\David\Documents\GitHub\robot\go_go_gadget.X\main.asm
             _87loop_disp   0x000405    program     static C:\Users\David\Documents\GitHub\robot\go_go_gadget.X\main.asm
              _87end_disp   0x00040d    program     static C:\Users\David\Documents\GitHub\robot\go_go_gadget.X\main.asm
               check_pass   0x00040e    program     static C:\Users\David\Documents\GitHub\robot\go_go_gadget.X\main.asm
             _88loop_disp   0x000414    program     static C:\Users\David\Documents\GitHub\robot\go_go_gadget.X\main.asm
              _88end_disp   0x00041c    program     static C:\Users\David\Documents\GitHub\robot\go_go_gadget.X\main.asm
                check_LED   0x00041d    program     static C:\Users\David\Documents\GitHub\robot\go_go_gadget.X\main.asm
             _89loop_disp   0x000423    program     static C:\Users\David\Documents\GitHub\robot\go_go_gadget.X\main.asm
              _89end_disp   0x00042b    program     static C:\Users\David\Documents\GitHub\robot\go_go_gadget.X\main.asm
              check_flick   0x00042c    program     static C:\Users\David\Documents\GitHub\robot\go_go_gadget.X\main.asm
             _90loop_disp   0x000432    program     static C:\Users\David\Documents\GitHub\robot\go_go_gadget.X\main.asm
              _90end_disp   0x00043a    program     static C:\Users\David\Documents\GitHub\robot\go_go_gadget.X\main.asm
            default_state   0x00043b    program     static C:\Users\David\Documents\GitHub\robot\go_go_gadget.X\main.asm
                  summary   0x00043c    program     static C:\Users\David\Documents\GitHub\robot\go_go_gadget.X\main.asm
             _91loop_disp   0x00043f    program     static C:\Users\David\Documents\GitHub\robot\go_go_gadget.X\main.asm
              _91end_disp   0x000447    program     static C:\Users\David\Documents\GitHub\robot\go_go_gadget.X\main.asm
             _93loop_disp   0x00044d    program     static C:\Users\David\Documents\GitHub\robot\go_go_gadget.X\main.asm
              _93end_disp   0x000455    program     static C:\Users\David\Documents\GitHub\robot\go_go_gadget.X\main.asm
             _97loop_disp   0x00045e    program     static C:\Users\David\Documents\GitHub\robot\go_go_gadget.X\main.asm
              _97end_disp   0x000466    program     static C:\Users\David\Documents\GitHub\robot\go_go_gadget.X\main.asm
                defective   0x00046a    program     static C:\Users\David\Documents\GitHub\robot\go_go_gadget.X\main.asm
             _99loop_disp   0x00046d    program     static C:\Users\David\Documents\GitHub\robot\go_go_gadget.X\main.asm
              _99end_disp   0x000475    program     static C:\Users\David\Documents\GitHub\robot\go_go_gadget.X\main.asm
            _100loop_disp   0x00047a    program     static C:\Users\David\Documents\GitHub\robot\go_go_gadget.X\main.asm
             _100end_disp   0x000482    program     static C:\Users\David\Documents\GitHub\robot\go_go_gadget.X\main.asm
                 check_LF   0x000483    program     static C:\Users\David\Documents\GitHub\robot\go_go_gadget.X\main.asm
                   now_FF   0x000485    program     static C:\Users\David\Documents\GitHub\robot\go_go_gadget.X\main.asm
            _101loop_disp   0x000488    program     static C:\Users\David\Documents\GitHub\robot\go_go_gadget.X\main.asm
             _101end_disp   0x000490    program     static C:\Users\David\Documents\GitHub\robot\go_go_gadget.X\main.asm
            _102loop_disp   0x000495    program     static C:\Users\David\Documents\GitHub\robot\go_go_gadget.X\main.asm
             _102end_disp   0x00049d    program     static C:\Users\David\Documents\GitHub\robot\go_go_gadget.X\main.asm
                 check_FF   0x00049e    program     static C:\Users\David\Documents\GitHub\robot\go_go_gadget.X\main.asm
           check_for_fail   0x0004a1    program     static C:\Users\David\Documents\GitHub\robot\go_go_gadget.X\main.asm
               check_next   0x0004a7    program     static C:\Users\David\Documents\GitHub\robot\go_go_gadget.X\main.asm
           end_check_fail   0x0004b7    program     static C:\Users\David\Documents\GitHub\robot\go_go_gadget.X\main.asm
                     time   0x0004b8    program     static C:\Users\David\Documents\GitHub\robot\go_go_gadget.X\main.asm
            _107loop_disp   0x0004bb    program     static C:\Users\David\Documents\GitHub\robot\go_go_gadget.X\main.asm
             _107end_disp   0x0004c3    program     static C:\Users\David\Documents\GitHub\robot\go_go_gadget.X\main.asm
                  no_huns   0x0004cc    program     static C:\Users\David\Documents\GitHub\robot\go_go_gadget.X\main.asm
                  no_tens   0x0004d2    program     static C:\Users\David\Documents\GitHub\robot\go_go_gadget.X\main.asm
            _111loop_disp   0x0004d7    program     static C:\Users\David\Documents\GitHub\robot\go_go_gadget.X\main.asm
             _111end_disp   0x0004df    program     static C:\Users\David\Documents\GitHub\robot\go_go_gadget.X\main.asm
                   export   0x0004e0    program     static C:\Users\David\Documents\GitHub\robot\go_go_gadget.X\main.asm
                   nohuns   0x00054a    program     static C:\Users\David\Documents\GitHub\robot\go_go_gadget.X\main.asm
                   notens   0x000554    program     static C:\Users\David\Documents\GitHub\robot\go_go_gadget.X\main.asm
               big_number   0x0005db    program     static C:\Users\David\Documents\GitHub\robot\go_go_gadget.X\main.asm
                  BCDadd3   0x0005e2    program     static C:\Users\David\Documents\GitHub\robot\go_go_gadget.X\main.asm
                 add3huns   0x0005ff    program     static C:\Users\David\Documents\GitHub\robot\go_go_gadget.X\main.asm
                 add3tens   0x000602    program     static C:\Users\David\Documents\GitHub\robot\go_go_gadget.X\main.asm
                 add3ones   0x000605    program     static C:\Users\David\Documents\GitHub\robot\go_go_gadget.X\main.asm
                carryones   0x000608    program     static C:\Users\David\Documents\GitHub\robot\go_go_gadget.X\main.asm
                carrytens   0x00060b    program     static C:\Users\David\Documents\GitHub\robot\go_go_gadget.X\main.asm
                    HalfS   0x00060e    program     static C:\Users\David\Documents\GitHub\robot\go_go_gadget.X\main.asm
                  HalfS_0   0x000614    program     static C:\Users\David\Documents\GitHub\robot\go_go_gadget.X\main.asm
             _.org_1_0615   0x000615    program     static C:\Users\David\Documents\GitHub\robot\go_go_gadget.X\main.asm
             _.org_1_0617   0x000617    program     static C:\Users\David\Documents\GitHub\robot\go_go_gadget.X\main.asm
             _.org_1_061A   0x00061a    program     static C:\Users\David\Documents\GitHub\robot\go_go_gadget.X\main.asm
                 delay5ms   0x00061d    program     static C:\Users\David\Documents\GitHub\robot\go_go_gadget.X\main.asm
                  Delay_0   0x000621    program     static C:\Users\David\Documents\GitHub\robot\go_go_gadget.X\main.asm
             _.org_1_0622   0x000622    program     static C:\Users\David\Documents\GitHub\robot\go_go_gadget.X\main.asm
                  InitLCD   0x000626    program     static C:\Users\David\Documents\GitHub\robot\go_go_gadget.X\main.asm
            Clear_Display   0x000644    program     static C:\Users\David\Documents\GitHub\robot\go_go_gadget.X\main.asm
             Switch_Lines   0x000647    program     static C:\Users\David\Documents\GitHub\robot\go_go_gadget.X\main.asm
                   WR_INS   0x00064a    program     static C:\Users\David\Documents\GitHub\robot\go_go_gadget.X\main.asm
                  WR_DATA   0x000659    program     static C:\Users\David\Documents\GitHub\robot\go_go_gadget.X\main.asm
                InitUSART   0x00066a    program     static C:\Users\David\Documents\GitHub\robot\go_go_gadget.X\main.asm
                writetoPC   0x000674    program     static C:\Users\David\Documents\GitHub\robot\go_go_gadget.X\main.asm
             _.org_1_0678   0x000678    program     static C:\Users\David\Documents\GitHub\robot\go_go_gadget.X\main.asm
                      isr   0x00067a    program     static C:\Users\David\Documents\GitHub\robot\go_go_gadget.X\main.asm
                  end_isr   0x000683    program     static C:\Users\David\Documents\GitHub\robot\go_go_gadget.X\main.asm
         i2c_common_setup   0x00068b    program     extern C:\Users\David\Documents\GitHub\robot\go_go_gadget.X\i2c_common.asm
              _.code_0010   0x00069b    program     static C:\Users\David\Documents\GitHub\robot\go_go_gadget.X\i2c_common.asm
                write_rtc   0x00069d    program     extern C:\Users\David\Documents\GitHub\robot\go_go_gadget.X\i2c_common.asm
              _.code_0016   0x0006a1    program     static C:\Users\David\Documents\GitHub\robot\go_go_gadget.X\i2c_common.asm
              _.code_001E   0x0006a9    program     static C:\Users\David\Documents\GitHub\robot\go_go_gadget.X\i2c_common.asm
              _.code_002E   0x0006b9    program     static C:\Users\David\Documents\GitHub\robot\go_go_gadget.X\i2c_common.asm
              _.code_003E   0x0006c9    program     static C:\Users\David\Documents\GitHub\robot\go_go_gadget.X\i2c_common.asm
                   WR_ERR   0x0006d1    program     static C:\Users\David\Documents\GitHub\robot\go_go_gadget.X\i2c_common.asm
                   WR_END   0x0006d2    program     static C:\Users\David\Documents\GitHub\robot\go_go_gadget.X\i2c_common.asm
              _.code_004B   0x0006d6    program     static C:\Users\David\Documents\GitHub\robot\go_go_gadget.X\i2c_common.asm
                 read_rtc   0x0006d8    program     extern C:\Users\David\Documents\GitHub\robot\go_go_gadget.X\i2c_common.asm
              _.code_0051   0x0006dc    program     static C:\Users\David\Documents\GitHub\robot\go_go_gadget.X\i2c_common.asm
              _.code_0059   0x0006e4    program     static C:\Users\David\Documents\GitHub\robot\go_go_gadget.X\i2c_common.asm
              _.code_0069   0x0006f4    program     static C:\Users\David\Documents\GitHub\robot\go_go_gadget.X\i2c_common.asm
              _.code_0074   0x0006ff    program     static C:\Users\David\Documents\GitHub\robot\go_go_gadget.X\i2c_common.asm
              _.code_007C   0x000707    program     static C:\Users\David\Documents\GitHub\robot\go_go_gadget.X\i2c_common.asm
              _.code_0087   0x000712    program     static C:\Users\David\Documents\GitHub\robot\go_go_gadget.X\i2c_common.asm
              _.code_0093   0x00071e    program     static C:\Users\David\Documents\GitHub\robot\go_go_gadget.X\i2c_common.asm
                   RD_ERR   0x000720    program     static C:\Users\David\Documents\GitHub\robot\go_go_gadget.X\i2c_common.asm
                   RD_END   0x000721    program     static C:\Users\David\Documents\GitHub\robot\go_go_gadget.X\i2c_common.asm
              _.code_009A   0x000725    program     static C:\Users\David\Documents\GitHub\robot\go_go_gadget.X\i2c_common.asm
              rtc_convert   0x000727    program     extern C:\Users\David\Documents\GitHub\robot\go_go_gadget.X\i2c_common.asm
                p2p_write   0x000735    program     extern C:\Users\David\Documents\GitHub\robot\go_go_gadget.X\i2c_common.asm
              _.code_00AE   0x000739    program     static C:\Users\David\Documents\GitHub\robot\go_go_gadget.X\i2c_common.asm
              _.code_00B6   0x000741    program     static C:\Users\David\Documents\GitHub\robot\go_go_gadget.X\i2c_common.asm
              _.code_00C6   0x000751    program     static C:\Users\David\Documents\GitHub\robot\go_go_gadget.X\i2c_common.asm
                    W_END   0x000759    program     static C:\Users\David\Documents\GitHub\robot\go_go_gadget.X\i2c_common.asm
              _.code_00D2   0x00075d    program     static C:\Users\David\Documents\GitHub\robot\go_go_gadget.X\i2c_common.asm
                 p2p_read   0x00075f    program     extern C:\Users\David\Documents\GitHub\robot\go_go_gadget.X\i2c_common.asm
              _.code_00D8   0x000763    program     static C:\Users\David\Documents\GitHub\robot\go_go_gadget.X\i2c_common.asm
              _.code_00E0   0x00076b    program     static C:\Users\David\Documents\GitHub\robot\go_go_gadget.X\i2c_common.asm
              _.code_00EB   0x000776    program     static C:\Users\David\Documents\GitHub\robot\go_go_gadget.X\i2c_common.asm
              _.code_00F7   0x000782    program     static C:\Users\David\Documents\GitHub\robot\go_go_gadget.X\i2c_common.asm
                    R_END   0x000783    program     static C:\Users\David\Documents\GitHub\robot\go_go_gadget.X\i2c_common.asm
              _.code_00FC   0x000787    program     static C:\Users\David\Documents\GitHub\robot\go_go_gadget.X\i2c_common.asm


