MPLINK 5.01, LINKER
Linker Map File - Created Wed Mar 05 17:40:28 2014

                                 Section Info
                  Section       Type    Address   Location Size(Bytes)
                ---------  ---------  ---------  ---------  ---------
                   .org_0       code   0x000000    program   0x000002
                   .cinit    romdata   0x000001    program   0x000004
                   .org_1       code   0x000004    program   0x0001b6
.config_2007_BUILD/DEFAULT/PRODUCTION/SPIN_ME       code   0x002007    program   0x000002



                              Program Memory Usage 
                               Start         End      
                           ---------   ---------      
                            0x000000    0x000002      
                            0x000004    0x0000de      
                            0x002007    0x002007      
            223 out of 8454 program addresses used, program memory utilization is 2%



                              Symbols - Sorted by Name
                     Name    Address   Location    Storage File                     
                ---------  ---------  ---------  --------- ---------                
            Clear_Display   0x0000af    program     static C:\Users\David\Documents\GitHub\robot\motortest.X\spin_me_round.asm
                  Delay_0   0x00007d    program     static C:\Users\David\Documents\GitHub\robot\motortest.X\spin_me_round.asm
                    HalfS   0x000082    program     static C:\Users\David\Documents\GitHub\robot\motortest.X\spin_me_round.asm
                  HalfS_0   0x000088    program     static C:\Users\David\Documents\GitHub\robot\motortest.X\spin_me_round.asm
                  InitLCD   0x000091    program     static C:\Users\David\Documents\GitHub\robot\motortest.X\spin_me_round.asm
              ROTATEMOTOR   0x000022    program     static C:\Users\David\Documents\GitHub\robot\motortest.X\spin_me_round.asm
             Switch_Lines   0x0000b2    program     static C:\Users\David\Documents\GitHub\robot\motortest.X\spin_me_round.asm
                  WR_DATA   0x0000ca    program     static C:\Users\David\Documents\GitHub\robot\motortest.X\spin_me_round.asm
                   WR_INS   0x0000b5    program     static C:\Users\David\Documents\GitHub\robot\motortest.X\spin_me_round.asm
             _.org_1_0020   0x000020    program     static C:\Users\David\Documents\GitHub\robot\motortest.X\spin_me_round.asm
             _.org_1_0075   0x000075    program     static C:\Users\David\Documents\GitHub\robot\motortest.X\spin_me_round.asm
             _.org_1_007E   0x00007e    program     static C:\Users\David\Documents\GitHub\robot\motortest.X\spin_me_round.asm
             _.org_1_0089   0x000089    program     static C:\Users\David\Documents\GitHub\robot\motortest.X\spin_me_round.asm
             _.org_1_008B   0x00008b    program     static C:\Users\David\Documents\GitHub\robot\motortest.X\spin_me_round.asm
             _.org_1_008E   0x00008e    program     static C:\Users\David\Documents\GitHub\robot\motortest.X\spin_me_round.asm
                 delay5ms   0x000079    program     static C:\Users\David\Documents\GitHub\robot\motortest.X\spin_me_round.asm
               end_rotate   0x000067    program     static C:\Users\David\Documents\GitHub\robot\motortest.X\spin_me_round.asm
                firststep   0x00003a    program     static C:\Users\David\Documents\GitHub\robot\motortest.X\spin_me_round.asm
               four_steps   0x00003a    program     static C:\Users\David\Documents\GitHub\robot\motortest.X\spin_me_round.asm
               fourthstep   0x00005b    program     static C:\Users\David\Documents\GitHub\robot\motortest.X\spin_me_round.asm
                     main   0x000005    program     static C:\Users\David\Documents\GitHub\robot\motortest.X\spin_me_round.asm
                motor_del   0x000070    program     static C:\Users\David\Documents\GitHub\robot\motortest.X\spin_me_round.asm
              motor_del_0   0x000074    program     static C:\Users\David\Documents\GitHub\robot\motortest.X\spin_me_round.asm
                 must_dec   0x00006c    program     static C:\Users\David\Documents\GitHub\robot\motortest.X\spin_me_round.asm
                 must_inc   0x00006e    program     static C:\Users\David\Documents\GitHub\robot\motortest.X\spin_me_round.asm
                   pulse1   0x000041    program     static C:\Users\David\Documents\GitHub\robot\motortest.X\spin_me_round.asm
                   pulse2   0x00004c    program     static C:\Users\David\Documents\GitHub\robot\motortest.X\spin_me_round.asm
                   pulse3   0x000057    program     static C:\Users\David\Documents\GitHub\robot\motortest.X\spin_me_round.asm
                   pulse4   0x000062    program     static C:\Users\David\Documents\GitHub\robot\motortest.X\spin_me_round.asm
               secondstep   0x000045    program     static C:\Users\David\Documents\GitHub\robot\motortest.X\spin_me_round.asm
                thirdstep   0x000050    program     static C:\Users\David\Documents\GitHub\robot\motortest.X\spin_me_round.asm
                  waiting   0x000018    program     static C:\Users\David\Documents\GitHub\robot\motortest.X\spin_me_round.asm



                              Symbols - Sorted by Address
                     Name    Address   Location    Storage File                     
                ---------  ---------  ---------  --------- ---------                
                     main   0x000005    program     static C:\Users\David\Documents\GitHub\robot\motortest.X\spin_me_round.asm
                  waiting   0x000018    program     static C:\Users\David\Documents\GitHub\robot\motortest.X\spin_me_round.asm
             _.org_1_0020   0x000020    program     static C:\Users\David\Documents\GitHub\robot\motortest.X\spin_me_round.asm
              ROTATEMOTOR   0x000022    program     static C:\Users\David\Documents\GitHub\robot\motortest.X\spin_me_round.asm
               four_steps   0x00003a    program     static C:\Users\David\Documents\GitHub\robot\motortest.X\spin_me_round.asm
                firststep   0x00003a    program     static C:\Users\David\Documents\GitHub\robot\motortest.X\spin_me_round.asm
                   pulse1   0x000041    program     static C:\Users\David\Documents\GitHub\robot\motortest.X\spin_me_round.asm
               secondstep   0x000045    program     static C:\Users\David\Documents\GitHub\robot\motortest.X\spin_me_round.asm
                   pulse2   0x00004c    program     static C:\Users\David\Documents\GitHub\robot\motortest.X\spin_me_round.asm
                thirdstep   0x000050    program     static C:\Users\David\Documents\GitHub\robot\motortest.X\spin_me_round.asm
                   pulse3   0x000057    program     static C:\Users\David\Documents\GitHub\robot\motortest.X\spin_me_round.asm
               fourthstep   0x00005b    program     static C:\Users\David\Documents\GitHub\robot\motortest.X\spin_me_round.asm
                   pulse4   0x000062    program     static C:\Users\David\Documents\GitHub\robot\motortest.X\spin_me_round.asm
               end_rotate   0x000067    program     static C:\Users\David\Documents\GitHub\robot\motortest.X\spin_me_round.asm
                 must_dec   0x00006c    program     static C:\Users\David\Documents\GitHub\robot\motortest.X\spin_me_round.asm
                 must_inc   0x00006e    program     static C:\Users\David\Documents\GitHub\robot\motortest.X\spin_me_round.asm
                motor_del   0x000070    program     static C:\Users\David\Documents\GitHub\robot\motortest.X\spin_me_round.asm
              motor_del_0   0x000074    program     static C:\Users\David\Documents\GitHub\robot\motortest.X\spin_me_round.asm
             _.org_1_0075   0x000075    program     static C:\Users\David\Documents\GitHub\robot\motortest.X\spin_me_round.asm
                 delay5ms   0x000079    program     static C:\Users\David\Documents\GitHub\robot\motortest.X\spin_me_round.asm
                  Delay_0   0x00007d    program     static C:\Users\David\Documents\GitHub\robot\motortest.X\spin_me_round.asm
             _.org_1_007E   0x00007e    program     static C:\Users\David\Documents\GitHub\robot\motortest.X\spin_me_round.asm
                    HalfS   0x000082    program     static C:\Users\David\Documents\GitHub\robot\motortest.X\spin_me_round.asm
                  HalfS_0   0x000088    program     static C:\Users\David\Documents\GitHub\robot\motortest.X\spin_me_round.asm
             _.org_1_0089   0x000089    program     static C:\Users\David\Documents\GitHub\robot\motortest.X\spin_me_round.asm
             _.org_1_008B   0x00008b    program     static C:\Users\David\Documents\GitHub\robot\motortest.X\spin_me_round.asm
             _.org_1_008E   0x00008e    program     static C:\Users\David\Documents\GitHub\robot\motortest.X\spin_me_round.asm
                  InitLCD   0x000091    program     static C:\Users\David\Documents\GitHub\robot\motortest.X\spin_me_round.asm
            Clear_Display   0x0000af    program     static C:\Users\David\Documents\GitHub\robot\motortest.X\spin_me_round.asm
             Switch_Lines   0x0000b2    program     static C:\Users\David\Documents\GitHub\robot\motortest.X\spin_me_round.asm
                   WR_INS   0x0000b5    program     static C:\Users\David\Documents\GitHub\robot\motortest.X\spin_me_round.asm
                  WR_DATA   0x0000ca    program     static C:\Users\David\Documents\GitHub\robot\motortest.X\spin_me_round.asm


