MPLINK 5.00, LINKER
Linker Map File - Created Mon Feb 17 18:11:18 2014

                                 Section Info
                  Section       Type    Address   Location Size(Bytes)
                ---------  ---------  ---------  ---------  ---------
                   .org_0       code   0x000000    program   0x000002
                   .cinit    romdata   0x000001    program   0x000004
                   .org_1       code   0x000004    program   0x00007e
.config_2007_BUILD/DEFAULT/PRODUCTION/SPIN_ME       code   0x002007    program   0x000002



                              Program Memory Usage 
                               Start         End      
                           ---------   ---------      
                            0x000000    0x000002      
                            0x000004    0x000042      
                            0x002007    0x002007      
            67 out of 8454 program addresses used, program memory utilization is 0%



                              Symbols - Sorted by Name
                     Name    Address   Location    Storage File                     
                ---------  ---------  ---------  --------- ---------                
                  Delay_0   0x00003e    program     static C:\Users\Doge\Documents\GitHub\robot\motortest.X\spin_me_round.asm
              ROTATEMOTOR   0x00000e    program     static C:\Users\Doge\Documents\GitHub\robot\motortest.X\spin_me_round.asm
             _.org_1_000D   0x00000d    program     static C:\Users\Doge\Documents\GitHub\robot\motortest.X\spin_me_round.asm
             _.org_1_003F   0x00003f    program     static C:\Users\Doge\Documents\GitHub\robot\motortest.X\spin_me_round.asm
                 delay5ms   0x00003a    program     static C:\Users\Doge\Documents\GitHub\robot\motortest.X\spin_me_round.asm
               four_steps   0x000021    program     static C:\Users\Doge\Documents\GitHub\robot\motortest.X\spin_me_round.asm
                     main   0x000005    program     static C:\Users\Doge\Documents\GitHub\robot\motortest.X\spin_me_round.asm



                              Symbols - Sorted by Address
                     Name    Address   Location    Storage File                     
                ---------  ---------  ---------  --------- ---------                
                     main   0x000005    program     static C:\Users\Doge\Documents\GitHub\robot\motortest.X\spin_me_round.asm
             _.org_1_000D   0x00000d    program     static C:\Users\Doge\Documents\GitHub\robot\motortest.X\spin_me_round.asm
              ROTATEMOTOR   0x00000e    program     static C:\Users\Doge\Documents\GitHub\robot\motortest.X\spin_me_round.asm
               four_steps   0x000021    program     static C:\Users\Doge\Documents\GitHub\robot\motortest.X\spin_me_round.asm
                 delay5ms   0x00003a    program     static C:\Users\Doge\Documents\GitHub\robot\motortest.X\spin_me_round.asm
                  Delay_0   0x00003e    program     static C:\Users\Doge\Documents\GitHub\robot\motortest.X\spin_me_round.asm
             _.org_1_003F   0x00003f    program     static C:\Users\Doge\Documents\GitHub\robot\motortest.X\spin_me_round.asm


