MPLINK 5.01, LINKER
Linker Map File - Created Tue Feb 25 16:17:16 2014

                                 Section Info
                  Section       Type    Address   Location Size(Bytes)
                ---------  ---------  ---------  ---------  ---------
                   .org_0       code   0x000000    program   0x000002
                   .cinit    romdata   0x000001    program   0x000004
                   .org_1       code   0x000004    program   0x0000a2
.config_2007_BUILD/DEFAULT/PRODUCTION/SPIN_ME       code   0x002007    program   0x000002



                              Program Memory Usage 
                               Start         End      
                           ---------   ---------      
                            0x000000    0x000002      
                            0x000004    0x000054      
                            0x002007    0x002007      
            85 out of 8454 program addresses used, program memory utilization is 1%



                              Symbols - Sorted by Name
                     Name    Address   Location    Storage File                     
                ---------  ---------  ---------  --------- ---------                
                  Delay_0   0x000041    program     static C:\Users\David\Documents\GitHub\robot\motortest.X\spin_me_round.asm
                    HalfS   0x000046    program     static C:\Users\David\Documents\GitHub\robot\motortest.X\spin_me_round.asm
                  HalfS_0   0x00004c    program     static C:\Users\David\Documents\GitHub\robot\motortest.X\spin_me_round.asm
              ROTATEMOTOR   0x000013    program     static C:\Users\David\Documents\GitHub\robot\motortest.X\spin_me_round.asm
             _.org_1_0012   0x000012    program     static C:\Users\David\Documents\GitHub\robot\motortest.X\spin_me_round.asm
             _.org_1_0042   0x000042    program     static C:\Users\David\Documents\GitHub\robot\motortest.X\spin_me_round.asm
             _.org_1_004D   0x00004d    program     static C:\Users\David\Documents\GitHub\robot\motortest.X\spin_me_round.asm
             _.org_1_004F   0x00004f    program     static C:\Users\David\Documents\GitHub\robot\motortest.X\spin_me_round.asm
             _.org_1_0052   0x000052    program     static C:\Users\David\Documents\GitHub\robot\motortest.X\spin_me_round.asm
                 delay5ms   0x00003d    program     static C:\Users\David\Documents\GitHub\robot\motortest.X\spin_me_round.asm
               four_steps   0x000028    program     static C:\Users\David\Documents\GitHub\robot\motortest.X\spin_me_round.asm
                     main   0x000005    program     static C:\Users\David\Documents\GitHub\robot\motortest.X\spin_me_round.asm



                              Symbols - Sorted by Address
                     Name    Address   Location    Storage File                     
                ---------  ---------  ---------  --------- ---------                
                     main   0x000005    program     static C:\Users\David\Documents\GitHub\robot\motortest.X\spin_me_round.asm
             _.org_1_0012   0x000012    program     static C:\Users\David\Documents\GitHub\robot\motortest.X\spin_me_round.asm
              ROTATEMOTOR   0x000013    program     static C:\Users\David\Documents\GitHub\robot\motortest.X\spin_me_round.asm
               four_steps   0x000028    program     static C:\Users\David\Documents\GitHub\robot\motortest.X\spin_me_round.asm
                 delay5ms   0x00003d    program     static C:\Users\David\Documents\GitHub\robot\motortest.X\spin_me_round.asm
                  Delay_0   0x000041    program     static C:\Users\David\Documents\GitHub\robot\motortest.X\spin_me_round.asm
             _.org_1_0042   0x000042    program     static C:\Users\David\Documents\GitHub\robot\motortest.X\spin_me_round.asm
                    HalfS   0x000046    program     static C:\Users\David\Documents\GitHub\robot\motortest.X\spin_me_round.asm
                  HalfS_0   0x00004c    program     static C:\Users\David\Documents\GitHub\robot\motortest.X\spin_me_round.asm
             _.org_1_004D   0x00004d    program     static C:\Users\David\Documents\GitHub\robot\motortest.X\spin_me_round.asm
             _.org_1_004F   0x00004f    program     static C:\Users\David\Documents\GitHub\robot\motortest.X\spin_me_round.asm
             _.org_1_0052   0x000052    program     static C:\Users\David\Documents\GitHub\robot\motortest.X\spin_me_round.asm


